############ B00 depth=8 V=32768 ############
/__modal/volumes/vo-5lJiXYRRv6peac8JOAv0eu/scripts/o2_sign_agreement.py:142: UserWarning: Converting a tensor with requires_grad=True to a scalar may lead to unexpected behavior.
Consider using tensor.detach() first. (Triggered internally at /pytorch/torch/csrc/autograd/generated/python_variable_methods.cpp:836.)
  first_losses.append(float(loss))
O2: depth=8 V=32768 seq=512 batch=8 steps=300
P1: bpb should track AGREEMENT and not MSE, and that should be true for
    BINARY under SGD specifically. Adam is already sign-like, so an effect
    visible under Adam alone says nothing about binarity.

=== DENSE / SGD ===
  tuning lr on the uncorrupted arm over [10.0, 3.0, 1.0, 0.3, 0.1, 0.03]
    lr 10        bpb 3.3966  loss drop +3.1251  nonzero-grad 77.7%
    lr 3         bpb 2.9696  loss drop +8.7880  nonzero-grad 83.4%
    lr 1         bpb 2.6179  loss drop +7.2454  nonzero-grad 89.0%
    lr 0.3       bpb 2.4322  loss drop +3.3102  nonzero-grad 89.0%
    lr 0.1       bpb 2.1228  loss drop +2.6514  nonzero-grad 89.0%
    lr 0.03      bpb 2.1918  loss drop +2.9504  nonzero-grad 88.9%
  chosen lr = 0.1
corruption        agreement    rel MSE       bpb   vs exact  loss drop   nonzero     dead
exact                 1.000      0.000    2.1230    +0.0000    +2.6510     89.0%      -
signonly              1.000      0.661    2.2370    +0.1139    +2.9349     88.3%      -
lognormal_1.0         1.000      0.732    2.1974    +0.0744    +2.5625     88.9%      -
flipa_0.95            0.952      0.184    2.1805    +0.0575    +2.6254     89.0%      -
flipa_0.85            0.855      0.580    2.1742    +0.0512    +2.6325     89.0%      -
flipa_0.70            0.709      1.155    2.2786    +0.1556    +2.4206     88.5%      -

=== BINARY / SGD ===
  tuning lr on the uncorrupted arm over [10.0, 3.0, 1.0, 0.3, 0.1, 0.03]
    lr 10        bpb 2.3844  loss drop +2.6321  nonzero-grad 5.1%
    lr 3         bpb 2.4757  loss drop +2.6160  nonzero-grad 5.1%
    lr 1         bpb 2.7391  loss drop +1.9477  nonzero-grad 5.1%
    lr 0.3       bpb 3.0346  loss drop +1.0855  nonzero-grad 5.1%
    lr 0.1       bpb 3.1977  loss drop +0.6160  nonzero-grad 5.1%
    lr 0.03      bpb 3.3091  loss drop +0.2849  nonzero-grad 5.1%
    WARNING: best lr 10 is the MAX of the grid. The optimum is
             likely outside it; extend --lr-grid before trusting this cell.
  chosen lr = 10
corruption        agreement    rel MSE       bpb   vs exact  loss drop   nonzero     dead
exact                 1.000      0.000    2.3844    +0.0000    +2.6321      5.1%    0.00%
signonly              1.000      0.058    2.4084    +0.0239    +2.8691      5.1%    0.00%
lognormal_1.0         1.000      0.037    4.2096    +1.8252    -3.2646      5.1%    0.01%
flipa_0.95            0.997      0.017    3.6786    +1.2942    -1.5623      5.1%    0.00%
flipa_0.85            0.990      0.043    3.3290    +0.9445    -0.3276      5.1%    0.01%
flipa_0.70            0.980      0.078    3.8051    +1.4207    -1.6350      5.1%    0.01%

=== DENSE / ADAMW ===
  tuning lr on the uncorrupted arm over [0.01, 0.003, 0.001, 0.0003, 0.0001]
    lr 0.01      bpb 2.2074  loss drop +1.8535  nonzero-grad 71.4%
    lr 0.003     bpb 2.0558  loss drop +1.7502  nonzero-grad 85.0%
    lr 0.001     bpb 2.0122  loss drop +2.0714  nonzero-grad 87.7%
    lr 0.0003    bpb 2.0926  loss drop +2.5884  nonzero-grad 88.5%
    lr 0.0001    bpb 2.2273  loss drop +2.7941  nonzero-grad 87.6%
  chosen lr = 0.001
corruption        agreement    rel MSE       bpb   vs exact  loss drop   nonzero     dead
exact                 1.000      0.000    2.0144    +0.0000    +2.0675     87.8%      -
signonly              1.000      0.861    2.1469    +0.1325    +1.6439     86.5%      -
lognormal_1.0         1.000      0.735    2.0249    +0.0106    +2.0686     88.3%      -
flipa_0.95            0.952      0.194    2.0063    -0.0081    +2.1282     88.1%      -
flipa_0.85            0.855      0.582    2.0085    -0.0058    +2.2453     88.5%      -
flipa_0.70            0.709      1.138    2.0359    +0.0215    +2.5523     88.6%      -

=== BINARY / ADAMW ===
  tuning lr on the uncorrupted arm over [0.01, 0.003, 0.001, 0.0003, 0.0001]
    lr 0.01      bpb 2.3856  loss drop +1.7435  nonzero-grad 5.1%
    lr 0.003     bpb 2.1373  loss drop +3.0417  nonzero-grad 5.1%
    lr 0.001     bpb 2.1628  loss drop +3.5043  nonzero-grad 5.1%
    lr 0.0003    bpb 2.5362  loss drop +2.5434  nonzero-grad 5.1%
    lr 0.0001    bpb 3.0016  loss drop +1.1739  nonzero-grad 5.1%
  chosen lr = 0.003
corruption        agreement    rel MSE       bpb   vs exact  loss drop   nonzero     dead
exact                 1.000      0.000    2.1373    +0.0000    +3.0417      5.1%    0.00%
signonly              1.000      0.053    2.4441    +0.3069    +2.0592      5.1%    0.00%
lognormal_1.0         1.000      0.037    2.1406    +0.0033    +3.1167      5.1%    0.00%
flipa_0.95            0.997      0.011    2.1369    -0.0004    +3.1071      5.1%    0.00%
flipa_0.85            0.990      0.040    2.1488    +0.0115    +3.2197      5.1%    0.00%
flipa_0.70            0.980      0.087    2.2206    +0.0833    +3.2824      5.1%    0.00%

========================================================================
VERDICT INPUTS
  dense  /sgd    worst magnitude-only damage +0.1139   worst sign-flip damage +0.1556
  binary /sgd    worst magnitude-only damage +1.8252   worst sign-flip damage +1.4207
  dense  /adamw  worst magnitude-only damage +0.1325   worst sign-flip damage +0.0215
  binary /adamw  worst magnitude-only damage +0.3069   worst sign-flip damage +0.0833

P1 SURVIVES if, under SGD, magnitude-only damage is small for BINARY while
sign-flip damage is large, AND magnitude-only damage is larger for DENSE.
P1 FAILS if magnitude-only damage is comparable for both, or if binary is
hurt by magnitude corruption as much as by sign flips.
############ B00 depth=12 V=32768 ############
/__modal/volumes/vo-5lJiXYRRv6peac8JOAv0eu/scripts/o2_sign_agreement.py:142: UserWarning: Converting a tensor with requires_grad=True to a scalar may lead to unexpected behavior.
Consider using tensor.detach() first. (Triggered internally at /pytorch/torch/csrc/autograd/generated/python_variable_methods.cpp:836.)
  first_losses.append(float(loss))
O2: depth=12 V=32768 seq=512 batch=8 steps=300
P1: bpb should track AGREEMENT and not MSE, and that should be true for
    BINARY under SGD specifically. Adam is already sign-like, so an effect
    visible under Adam alone says nothing about binarity.

=== DENSE / SGD ===
  tuning lr on the uncorrupted arm over [10.0, 3.0, 1.0, 0.3, 0.1, 0.03]
    lr 10        bpb 3.2044  loss drop +2.7298  nonzero-grad 5.7%
    lr 3         bpb 2.5850  loss drop +5.1766  nonzero-grad 89.3%
    lr 1         bpb 2.8377  loss drop +2.7997  nonzero-grad 89.3%
    lr 0.3       bpb 2.7429  loss drop +2.4761  nonzero-grad 89.3%
    lr 0.1       bpb 2.0930  loss drop +2.6124  nonzero-grad 89.3%
    lr 0.03      bpb 2.1546  loss drop +2.8840  nonzero-grad 89.3%
  chosen lr = 0.1
corruption        agreement    rel MSE       bpb   vs exact  loss drop   nonzero     dead
exact                 1.000      0.000    2.0931    +0.0000    +2.6123     89.3%      -
signonly              1.000      0.714    2.2805    +0.1874    +2.5923     84.8%      -
lognormal_1.0         1.000      0.743    2.5619    +0.4687    +1.3995     89.3%      -
flipa_0.95            0.952      0.158    2.1722    +0.0791    +2.9961     89.3%      -
flipa_0.85            0.856      0.291    2.5074    +0.4143    +1.7067     89.2%      -
flipa_0.70            0.710      1.125    2.6395    +0.5464    +1.2701     87.8%      -

=== BINARY / SGD ===
  tuning lr on the uncorrupted arm over [10.0, 3.0, 1.0, 0.3, 0.1, 0.03]
    lr 10        bpb 2.5679  loss drop +2.2801  nonzero-grad 3.5%
    lr 3         bpb 2.5024  loss drop +2.7606  nonzero-grad 3.5%
    lr 1         bpb 2.7585  loss drop +2.1027  nonzero-grad 3.5%
    lr 0.3       bpb 3.0645  loss drop +1.2500  nonzero-grad 3.5%
    lr 0.1       bpb 3.2398  loss drop +0.7555  nonzero-grad 3.5%
    lr 0.03      bpb 3.3657  loss drop +0.3790  nonzero-grad 3.5%
  chosen lr = 3
corruption        agreement    rel MSE       bpb   vs exact  loss drop   nonzero     dead
exact                 1.000      0.000    2.5024    +0.0000    +2.7606      3.5%    0.00%
signonly              1.000      0.037    2.6251    +0.1227    +2.5771      3.5%    0.00%
lognormal_1.0         1.000      0.027    3.9191    +1.4167    -2.1652      3.5%    0.00%
flipa_0.95            0.998      0.009    2.5294    +0.0270    +2.7051      3.5%    0.00%
flipa_0.85            0.994      0.022    2.7391    +0.2367    +2.0235      3.5%    0.00%
flipa_0.70            0.986      0.052    2.8951    +0.3927    +1.6586      3.5%    0.00%

=== DENSE / ADAMW ===
  tuning lr on the uncorrupted arm over [0.01, 0.003, 0.001, 0.0003, 0.0001]
    lr 0.01      bpb 2.3275  loss drop +3.2510  nonzero-grad 70.1%
    lr 0.003     bpb 2.0899  loss drop +1.7997  nonzero-grad 82.6%
    lr 0.001     bpb 2.0056  loss drop +1.9762  nonzero-grad 85.7%
    lr 0.0003    bpb 2.0569  loss drop +2.3745  nonzero-grad 88.7%
    lr 0.0001    bpb 2.1486  loss drop +2.8306  nonzero-grad 88.3%
  chosen lr = 0.001
corruption        agreement    rel MSE       bpb   vs exact  loss drop   nonzero     dead
exact                 1.000      0.000    2.0089    +0.0000    +1.9711     86.1%      -
signonly              1.000      0.882    2.1842    +0.1752    +1.4553     84.4%      -
lognormal_1.0         1.000      0.741    2.0249    +0.0159    +1.9104     87.2%      -
flipa_0.95            0.952      0.196    1.9984    -0.0106    +2.0101     86.8%      -
flipa_0.85            0.856      0.578    2.0000    -0.0089    +2.0701     87.7%      -
flipa_0.70            0.710      1.141    2.0096    +0.0007    +2.3148     88.6%      -

=== BINARY / ADAMW ===
  tuning lr on the uncorrupted arm over [0.01, 0.003, 0.001, 0.0003, 0.0001]
    lr 0.01      bpb 2.4201  loss drop +1.9925  nonzero-grad 3.5%
    lr 0.003     bpb 2.1909  loss drop +2.9290  nonzero-grad 3.5%
    lr 0.001     bpb 2.1738  loss drop +3.5604  nonzero-grad 3.5%
    lr 0.0003    bpb 2.5077  loss drop +2.8513  nonzero-grad 3.5%
    lr 0.0001    bpb 2.9680  loss drop +1.5338  nonzero-grad 3.5%
  chosen lr = 0.001
corruption        agreement    rel MSE       bpb   vs exact  loss drop   nonzero     dead
exact                 1.000      0.000    2.1738    +0.0000    +3.5604      3.5%    0.00%
signonly              1.000      0.036    2.3510    +0.1772    +2.9676      3.5%    0.00%
lognormal_1.0         1.000      0.029    2.2087    +0.0350    +3.5099      3.5%    0.00%
flipa_0.95            0.998      0.010    2.1876    +0.0139    +3.5649      3.5%    0.00%
flipa_0.85            0.994      0.023    2.2369    +0.0632    +3.5101      3.5%    0.00%
flipa_0.70            0.986      0.053    2.4202    +0.2464    +3.0772      3.5%    0.00%

========================================================================
VERDICT INPUTS
  dense  /sgd    worst magnitude-only damage +0.4687   worst sign-flip damage +0.5464
  binary /sgd    worst magnitude-only damage +1.4167   worst sign-flip damage +0.3927
  dense  /adamw  worst magnitude-only damage +0.1752   worst sign-flip damage +0.0007
  binary /adamw  worst magnitude-only damage +0.1772   worst sign-flip damage +0.2464

P1 SURVIVES if, under SGD, magnitude-only damage is small for BINARY while
sign-flip damage is large, AND magnitude-only damage is larger for DENSE.
P1 FAILS if magnitude-only damage is comparable for both, or if binary is
hurt by magnitude corruption as much as by sign flips.
############ B00 done. results in out/b00_binary_phase0 ############
