############ B02 binary LR search, depth=8 ############
reference: dense R0 = 0.957500 bpb; R5 at dense LRs = 1.599251 (+0.6418)
==== matrix_lr 0.08 ====
############ B01 depth=8 V=32768 tokens=440401920 seeds=1 ############
---- d8_R5_m0.08_s1 : R5 --use-binary 1 ----
2026-09-12 17:40:38,202 - httpx - INFO - HTTP Request: HEAD https://huggingface.co/varunneal/flash-attention-3/resolve/main/kernel-status.toml "HTTP/1.1 404 Not Found"
2026-09-12 17:40:38,256 - httpx - INFO - HTTP Request: GET https://huggingface.co/api/models/varunneal/flash-attention-3/tree/main/build?recursive=false&expand=false "HTTP/1.1 200 OK"
2026-09-12 17:40:38,310 - httpx - INFO - HTTP Request: GET https://huggingface.co/api/models/varunneal/flash-attention-3/revision/main "HTTP/1.1 200 OK"

                                                       █████                █████
                                                      ░░███                ░░███
     ████████    ██████   ████████    ██████   ██████  ░███████    ██████  ███████
    ░░███░░███  ░░░░░███ ░░███░░███  ███░░███ ███░░███ ░███░░███  ░░░░░███░░░███░
     ░███ ░███   ███████  ░███ ░███ ░███ ░███░███ ░░░  ░███ ░███   ███████  ░███
     ░███ ░███  ███░░███  ░███ ░███ ░███ ░███░███  ███ ░███ ░███  ███░░███  ░███ ███
     ████ █████░░████████ ████ █████░░██████ ░░██████  ████ █████░░███████  ░░█████
    ░░░░ ░░░░░  ░░░░░░░░ ░░░░ ░░░░░  ░░░░░░   ░░░░░░  ░░░░ ░░░░░  ░░░░░░░░   ░░░░░
    
Autodetected device type: cuda
2026-09-12 17:40:41,382 - nanochat.common - INFO - Distributed world size: 1
Device: cuda (ddp=False, world_size=1)
GPU: NVIDIA H100 80GB HBM3 | Peak FLOPS (BF16): 9.89e+14
COMPUTE_DTYPE: torch.bfloat16 (auto-detected: CUDA SM 90 (bf16 supported))
✓ Using Flash Attention 3 (Hopper GPU detected) — efficient and fast.
Vocab size: 32,768
Model config:
{
  "sequence_len": 2048,
  "vocab_size": 32768,
  "n_layer": 8,
  "n_head": 4,
  "n_kv_head": 4,
  "n_embd": 512,
  "use_moe": false,
  "use_perm": false,
  "moe_num_experts": 8,
  "moe_router_dim": 64,
  "moe_embed_dim": 64,
  "dropout": 0.0,
  "use_remix_linear": false,
  "remix_context_dim": 64,
  "remix_context_dim_ratio": 6,
  "remix_basis_size": 64,
  "remix_output_gate_rank": 16,
  "remixed_linear_kwargs": {
    "use_basis_gate": true,
    "use_output_gate": true,
    "use_context": true,
    "basis_gate_mode": "mlp",
    "sparse_gate_k": 0,
    "gate_temperature": 1.0,
    "basis_scale_factor": 4,
    "n_templates": 1,
    "template_routing_learned": false,
    "template_topk": 0,
    "tiny_expert": false,
    "tiny_expert_topk": 16,
    "lokr_expert": false,
    "lokr_n_experts": 64,
    "lokr_topk": 16,
    "lokr_rank": 4,
    "lokr_learned": false,
    "basis_gate_rank": 8,
    "disable_ln_basis": false,
    "chunk_route_impl": "compose",
    "top1_gate": "ones",
    "template_delta_rank": 0,
    "route_side": "output",
    "drop_basis_proj": false,
    "basis_side_templates": 0,
    "grad_equalize": false,
    "output_gate_rank": 16,
    "operator_modulation": "none",
    "lie_generators": 4,
    "poly_order": 2,
    "grassmann_bank_size": 4
  },
  "use_pos_embed": false,
  "moe_use_abs_pos_embed": false,
  "use_layer_context": true,
  "scale_basis_size": true,
  "remix_use_dual_gate": false,
  "remix_use_fused": false,
  "p26_output_gated_linear": 0,
  "p28_shared_basis": 0,
  "p28_chunk_routing_size": 0,
  "p28_global_template_bank": "none",
  "p28_attn_proj_templates": 0,
  "p28_attn_qk_templates": 0,
  "p29_template_block_diag": 0,
  "p29_template_lr_scale": 1.0,
  "p29_grad_equalize": 0,
  "p34_ffn_mult": 4.0,
  "p34_ffn_single": 0,
  "p34_dense_attn": 0,
  "legacy_init_fallback": 0,
  "p35_template_diversity_lambda": 0.0,
  "p22_route_affine": 0,
  "p34_ffn_schedule": "",
  "p34_ffn_no_ffn_replacement": "none",
  "p34_ffn_last_depth": 1,
  "p36_swiglu_ffn": 0,
  "p36_swiglu_mult": 2.6666666666666665,
  "cond_sites": "both",
  "cond_rank": 256,
  "cond_mult_steps": 0,
  "cond_gate_source": "router",
  "cond_coeff_act": "centered",
  "cond_router_rank": 0,
  "cond_live_init": 0.0,
  "cond_router_act": "none",
  "cond_chunk_size": 0,
  "cond_mult_scale": -1.0,
  "cond_mult_impl": "wy",
  "cond_attn_projs": "qkvo",
  "cond_layer_frac": 1.0,
  "perm_expert_mode": "low_rank",
  "perm_rank": 16,
  "router_context_window": -1,
  "router_causal": true,
  "router_num_heads": 4,
  "router_num_queries": 16,
  "router_n_layers": 2,
  "router_use_vocab_prior": false,
  "window_pattern": "SSSL",
  "cclblock_modulation": "weight",
  "cclblock_orth_lambda": 0.0,
  "cclblock_context_stream": "local",
  "cclblock_ema_factor": 0.99,
  "cclblock_stale_ctx_lag": 0,
  "cclblock_sparse_gate_k": 0,
  "cclblock_gate_temperature": 1.0,
  "cclblock_context_bank_size": 0,
  "cclblock_per_head_ctx": false,
  "cclblock_context_source": "norm_x",
  "cclblock_chunk_size": 0,
  "cclblock_aux_objective": "none",
  "cclblock_aux_lambda": 0.1,
  "cclblock_boundary_token_id": 198,
  "use_ral": false,
  "ral_rank": 32,
  "cclblock_film_gate": false,
  "cclblock_attn_shadow_dim": 0,
  "cclblock_dynamic_ratio": 0.25,
  "cclblock_gate_rank": 8,
  "cclblock_num_regimes": 8,
  "cclblock_regime_temperature": 1.0,
  "cclblock_poly_order": 2,
  "cclblock_lie_generators": 4,
  "cclblock_grassmann_bank_size": 4,
  "cclblock_tucker_rank": 32,
  "cclblock_tucker_modes": 8,
  "cclblock_svs_rank": 64,
  "cclblock_svs_eps": 0.1,
  "cclblock_vq_codes": 8,
  "cclblock_vq_temperature": 1.0,
  "cclblock_dcu_warmup_steps": 0,
  "cclblock_fsi_rotations": 8,
  "cclblock_fsi_selector_dim": 64,
  "cclblock_aesp_strata": 4,
  "cclblock_aesp_delta_rank": 4,
  "cclblock_ckr_branches": 4,
  "cclblock_ckr_kernel_size": 64,
  "cclblock_ckr_pos_channels": 1,
  "cclblock_ckr_dual_optim": 0,
  "cclblock_ckr_content_bias": 0.0,
  "cclblock_giad_rank": 32,
  "cclblock_psg_kernel_size": 64,
  "cclblock_ss_dynamic_ratio": 0.25,
  "cclblock_ss_branches": 2,
  "cclblock_ss_kernel_size": 64,
  "cclblock_lokr_branches": 8,
  "cclblock_lokr_rank": 16,
  "cclblock_ckr_temp_start": 2.0,
  "cclblock_ckr_temp_end": 0.3,
  "cclblock_com_kernel_size": 32,
  "cclblock_ckr_ortho_init": 0,
  "cclblock_ckr_branch_dropout": 0.0,
  "cclblock_ckr_diversity_lambda": 0.0,
  "cclblock_ckr_layer_selective": 0,
  "cclblock_pgr_kernel_size": 64,
  "cclblock_cil_kernel_size": 64,
  "cclblock_prb_kernel_size": 64,
  "p18_layer_drop": 0.0,
  "p18_dynamic_activation": 0,
  "p18_mixture_norm": 0,
  "p18_causal_attn_bias": 0,
  "p18_aux_sim_lambda": 0.0,
  "p18_gradient_penalty": 0.0,
  "p18_per_channel_scale": 0,
  "p19_residual_gate": 0,
  "p19_head_importance": 0,
  "p19_residual_mix_groups": 0,
  "p19_attn_logit_bias": 0,
  "p19_residual_decay": 0,
  "p19_grad_equilibrium": 0.0,
  "p19_spectral_reparam": 0,
  "p19_weight_anticollapse": 0.0,
  "p19_ve_bias": 0,
  "p19_weight_noise": 0.0,
  "p20_hrcs_scale": 0,
  "p20_lswr_scale": 0,
  "p20_lswr_planes": 8,
  "p20_lrcfb_branches": 0,
  "p20_lrcfb_narrow": 0,
  "p20_lrcfb_learned": 0,
  "p20_lrcfb_topk": 0,
  "p20_dgcr_branches": 0,
  "p20_dgcr_aux_weight": 0.01,
  "p20_mone_experts": 0,
  "p20_mone_topk": 0,
  "p20_mone_narrow": 1,
  "p20_mone_frozen": 0,
  "p20_ncea_branches": 0,
  "p20_ncea_eps": 0.1,
  "p20_adwi": 0,
  "p20_pwu_branches": 0,
  "p20_pwu_phase": 1,
  "p20_fsvd_gate": 0,
  "p20_wbfc_clusters": 0,
  "p20_wbfc_active": 0,
  "p21_per_experts": 0,
  "p21_per_topk": 0,
  "p21_per_learned": 0,
  "p21_per_attn": 0,
  "p22_attn_moe_route": "none",
  "p23_tiny_expert": 0,
  "p23_n_experts": 64,
  "p23_topk": 16,
  "p23_learned_route": 0,
  "p23_std_moe_experts": 0,
  "p23_std_moe_topk": -1,
  "p23_std_moe_aux_weight": 0.01,
  "p23_lokr": 0,
  "p23_lokr_rank": 4,
  "p23_use_shared_block_router": 0,
  "p23_linear_moe_experts": 0,
  "p23_linear_moe_topk": 0,
  "p23_quantile_route": 0,
  "remix_shared_context_gates": 0,
  "p24_use_sliced_weight": 0,
  "p24_sliced_weight_reduction_scale": 8,
  "p24_sliced_weight_min_select": 128,
  "p24_sliced_weight_scope": "per_token",
  "p24_sliced_weight_balance_coeff": 0.01,
  "p24_quantile_route": 0,
  "p24_use_folded_mod": 0,
  "p24_folded_mod_reduction_scale": 8,
  "p24_folded_mod_min_dim": 128,
  "p24_folded_mod_scope": "per_layer",
  "p24_folded_mod_gate_act": "tanh_centered",
  "p24_use_sequence_gated_linear": 0,
  "p24_sequence_gated_scope": "per_layer",
  "p24_sequence_gated_act": "tanh_centered",
  "remix_disable_ln_basis": 0,
  "dense_intermediate_ln": 0,
  "use_mol": false,
  "mol_n_blocks": 5,
  "mol_n_shared": 1,
  "mol_topk": 3,
  "mol_thin_dim": 256,
  "mol_head_dim": 64,
  "mol_ffn_mult": 4.0,
  "mol_router_aux": 0.05,
  "mol_routed_attn": "softmax",
  "mol_dispatch": 1,
  "mol_capacity_factor": 1.0,
  "mol_block_lr_scale": 1.0,
  "mol_per_block_ve": 0,
  "use_binary": true,
  "binary_acts": true,
  "binary_weight_scale": "row",
  "binary_act_scale": "token",
  "binary_clip": 1.0,
  "binary_linear": true,
  "binary_embeddings": true,
  "binary_skip": "",
  "use_mst": false,
  "mst_n_subs": 8,
  "mst_sub_dim": 64,
  "mst_head_dim": 0,
  "mst_input_mode": "fixed_slice",
  "mst_rotated_slice_learned": false,
  "mst_routing_mode": "soft_weighted",
  "mst_routing_topk": 4,
  "mst_routing_aux_weight": 0.01,
  "mst_diversity_weight": 0.0,
  "mst_ffn_mode": "standard",
  "mst_ffn_every": 1,
  "mst_transition_mode": "parallel",
  "mst_final_mode": "aggregate_proj",
  "mst_final_topk": -1,
  "mst_ffn_shared_up": 0,
  "mst_ffn_inner_dim": 0,
  "mst_sub_dropout": 0.0,
  "mst_transition_every": 1,
  "mst_ffa_temperature": 1.0,
  "mst_global_residual": 0,
  "mst_hybrid_dense": 0,
  "mst_cross_sub_kv": 0,
  "mst_sub_aux_weight": 0.0,
  "mst_progressive_merge": 0,
  "mst_multi_scale_windows": 0,
  "mst_delta_residual": 0,
  "mst_sub_layers": 1,
  "mst_grad_equalize": 0,
  "mst_block_diagonal_muon": 0,
  "mst_transition_width_mult": 1.0,
  "mst_sub_lr_scale": 1.0,
  "mst_shared_expert": 0,
  "mst_router_entropy_weight": 0.0,
  "mst_shared_kv_attn": 0,
  "mst_contrastive_diversity_weight": 0.0,
  "mst_transition_nonlinear": 0,
  "mst_transition_gated": 0,
  "mst_transition_mlp": 0,
  "mst_cross_sub_gate": 0,
  "mst_hyper_connect": 0,
  "mst_cross_kv_inject": 0,
  "mst_slice_transition": 0,
  "mst_lookback_layers": 0,
  "mst_bilinear_transition": 0,
  "mst_cross_sub_qmod": 0,
  "mst_feature_cycle": 0,
  "mst_mean_transition": 0,
  "mst_sub_head_dim": 0,
  "mst_final_norm": 0,
  "mst_per_stream_ve": 0,
  "mst_ve_map": 0,
  "mst_ve_map_rank": 0,
  "mst_lm_head_dim": 0,
  "mst_compose_windows": 0,
  "mst_channel_mix": "none",
  "mst_channel_mix_site": "layer",
  "mst_distribute_block_muon": 0,
  "mst_trans_spectral_lr": 0,
  "mst_talking_heads": 0,
  "mst_wo_mode": "block",
  "mst_stream_topk": 0,
  "mst_stream_shared": 0,
  "mst_stream_router_aux": 0.01,
  "mst_stream_router_noise": 0.0,
  "mst_stream_dispatch": 0,
  "mst_stream_capacity_factor": 1.0,
  "mst_stream_gate_attn": 0,
  "mst_ffn_monarch": "none",
  "mst_shampoo": 0,
  "mst_precond_every": 10,
  "mst_shampoo_beta": 0.95,
  "use_eet": false,
  "eet_frozen_kv": true,
  "eet_reenter_final": false,
  "eet_router_type": "mlp2",
  "eet_router_hidden": 0,
  "eet_freq_prior_alpha": 0.0,
  "eet_pos_prior_beta": 0.0,
  "eet_domain_prior": false,
  "eet_warmup_frac": 0.02,
  "eet_explore_frac": 0.15,
  "eet_reconstruct_lambda": 1.0,
  "eet_efficiency_lambda_start": 0.01,
  "eet_efficiency_lambda_end": 0.1,
  "eet_translator_rank": 0,
  "eet_max_frozen_kv_frac": 0.75,
  "eet_exit_threshold": 0.5,
  "eet_min_exit_layer": 1,
  "eet_loss_variant": "reconstruct",
  "eet_topk_vocab": 512,
  "eet_entropy_lambda": 0.3,
  "eet_surprise_lambda": 0.1,
  "eet_adv_lambda": 1.0,
  "eet_adv_entropy_lambda": 0.2,
  "eet_quality_lambda": 1.0,
  "eet_quality_entropy_bonus": 0.1,
  "eet_gumbel_temp_start": 0.0,
  "eet_gumbel_temp_end": 0.1,
  "eet_gumbel_hard": true,
  "eet_commitment_beta": 0.1,
  "eet_global_router": false,
  "eet_freq_efficiency_alpha": 0.0,
  "eet_diversity_lambda": 0.0,
  "eet_ce_guided_lambda": 1.0,
  "eet_router_lr_mult": 5.0,
  "eet_model_lr_mult": 1.0,
  "eet_depth_weight_type": "none",
  "eet_depth_weight_max": 2.5,
  "eet_use_override": 0,
  "eet_override_prob_start": 0.5,
  "eet_override_prob_end": 0.1,
  "eet_compute_skip": false,
  "eet_target_active_frac": 0.125,
  "eet_capacity_schedule": "bell",
  "eet_exit_fracs": null,
  "eet_capacity_alignment_lambda": 0.0,
  "eet_kv_mode": "none",
  "eet_route_noise": 0.0,
  "eet_route_noise_end": -1.0,
  "eet_coverage_diag": false,
  "deep_supervision_lambda": 0.0,
  "deep_supervision_frac": 0.125,
  "eet_width_power": 0.0,
  "eet_width_cap": 16.0,
  "eet_kv_eager": false,
  "eet_router_task_grad": true,
  "eet_reinforce_interval": 0,
  "eet_reinforce_lambda": 0.1,
  "eet_exit_adapter_rank": 0,
  "eet_router_after_block": 0,
  "eet_ffn_skip": false,
  "eet_ffn_target_frac": 0.5,
  "eet_ffn_full_attn": true,
  "eet_depth_affine": false,
  "eet_capacity_anneal_frac": 0.0,
  "eet_learned_schedule": false,
  "eet_departure_summary": false,
  "eet_route_consistency_lambda": 0.0,
  "eet_dense_distill_interval": 0,
  "eet_dense_distill_lambda": 0.5,
  "eet_depth_lr_scale": false,
  "eet_depth_grad_scale": false,
  "eet_detach_aux_from_backbone": false,
  "eet_detach_exit_from_backbone": false,
  "use_code_head": false,
  "sch_head_type": "code",
  "sch_bits": 0,
  "sch_order": 2,
  "sch_max_m": 0,
  "sch_phi_mode": "monomial",
  "sch_code_mode": "binary",
  "sch_code_path": "",
  "sch_code_ecc_bits": 0,
  "sch_code_seed": 1234,
  "sch_phi_density": 0.0,
  "sch_phi_dtype": "bf16",
  "sch_phi_normalize": 1,
  "sch_phi_center": 0,
  "sch_g_type": "linear",
  "sch_g_hidden": 0,
  "sch_g_layers": 2,
  "sch_g_out_std": 0.001,
  "sch_mixture": 1,
  "sch_residual_rank": 0,
  "sch_logit_act": "none",
  "sch_bias": 0,
  "sch_input_mode": "table",
  "sch_input_hidden": 0,
  "sch_product_groups": 8,
  "sch_product_codebook": 256,
  "sch_product_source": "hash",
  "sch_product_impl": "dense",
  "sch_phi_whiten": 0,
  "sch_mixture_per_phi": 0,
  "sch_mixture_topk": 0,
  "sch_mixture_aux": 0.01,
  "sch_monarch_m1": 0,
  "sch_monarch_perm": "none",
  "sch_monarch_perm_path": "",
  "sch_tier_bounds": "",
  "sch_tier_caps": "",
  "sch_tier_order": "freq",
  "sch_tier_perm_path": "",
  "sch_proposal_rank": 32,
  "sch_proposal_topk": 16384,
  "sch_proposal_samples": 4096,
  "sch_proposal_warmup": 0,
  "sch_proposal_chunk": 2048,
  "sch_proposal_aux": 1.0,
  "sch_nfh_mode": "cp",
  "sch_nfh_rank": 32,
  "sch_nfh_dims": "",
  "sch_nfh_groups": 3,
  "sch_nfh_views": 1,
  "sch_nfh_perm": "none",
  "sch_nfh_perm_path": "",
  "sch_nfh_g_type": "linear",
  "sch_nfh_g_hidden": 0,
  "sch_rerank_mode": "topk",
  "sch_rerank_k": 64,
  "sch_rerank_rank": 32,
  "sch_nfh_smooth": 0,
  "sch_nfh_chunk": 256
}
Seeded weight init with --seed 1
BINARY: swapped 58 modules (53 Linear, 5 Embedding), acts=1b, scale=row, skip=()
Checkpoints directory: /root/.cache/nanochat/base_checkpoints/d8_R5_m0.08_s1
Parameter counts:
wte                     : 16,777,216
wpe                     : 0
value_embeds            : 67,108,864
lm_head                 : 16,809,984
transformer_matrices    : 25,203,216
research                : 0
scalars                 : 16
total                   : 125,899,296
Estimated FLOPs per token (total):  2.862643e+08
COST_AXES precision=W1A1E1H1 bops_arith=1.4313e+08 energy_pj_per_token=1.9452e+06 inference_MiB=15.01 training_state_MiB=604.84
Estimated FLOPs per token (active): 2.862643e+08
Estimated active params:            125,899,296
Auto-computed optimal batch size: 262,144 tokens
Scaling LRs by 0.7071 for batch size 262,144 (reference: 524,288)
Scaling weight decay from 0.200000 to 0.371235 for depth 8
Scaling the LR for the AdamW parameters ∝1/√(512/768) = 1.224745
Calculated number of iterations from target data:param ratio: 1,680
Total number of training tokens: 440,401,920
Tokens : Scaling params ratio: 10.48
Total training FLOPs estimate: 1.260714e+17
Total training FLOPs (active):  1.260714e+17
Total active training FLOPs estimate: 1.260714e+17
Using base scheduler: linear warmup/flat/linear warmdown
Tokens / micro-batch / rank: 128 x 2048 = 262,144
Tokens / micro-batch: 262,144
Total batch size 262,144 => gradient accumulation steps: 1
Running pre-compilation warmup (1 dummy forward+backward to init lazy allocations)...
Warmup complete. Steady-state VRAM: 5.3 GB allocated
step 00000/01680 (0.00%) | loss: 10.968433 | lrm: 0.12 | lr(adamw:4.368e-02, muon:7.071e-03) | dt: 422.15ms | tok/sec: 620,979 | bf16_mfu: 17.97 | epoch: 1 pq: 0 rg: 1 | total time: 0.00m
2026-09-12 17:46:13,168 - nanochat.checkpoint_manager - INFO - Saved model parameters to: /root/.cache/nanochat/base_checkpoints/d8_R5_m0.08_s1/model_000200.pt
2026-09-12 17:46:13,171 - nanochat.checkpoint_manager - INFO - Saved metadata to: /root/.cache/nanochat/base_checkpoints/d8_R5_m0.08_s1/meta_000200.json
2026-09-12 17:46:14,074 - nanochat.checkpoint_manager - INFO - Saved optimizer state to: /root/.cache/nanochat/base_checkpoints/d8_R5_m0.08_s1/optim_000200_rank0.pt
step 00200/01680 (11.90%) | loss: 6.034099 | lrm: 1.00 | lr(adamw:3.494e-01, muon:5.657e-02) | dt: 272.86ms | tok/sec: 960,719 | bf16_mfu: 27.81 | epoch: 1 pq: 1 rg: 17 | total time: 0.89m | eta: 6.9m
2026-09-12 17:47:10,342 - nanochat.checkpoint_manager - INFO - Saved model parameters to: /root/.cache/nanochat/base_checkpoints/d8_R5_m0.08_s1/model_000400.pt
2026-09-12 17:47:10,351 - nanochat.checkpoint_manager - INFO - Saved metadata to: /root/.cache/nanochat/base_checkpoints/d8_R5_m0.08_s1/meta_000400.json
2026-09-12 17:47:11,235 - nanochat.checkpoint_manager - INFO - Saved optimizer state to: /root/.cache/nanochat/base_checkpoints/d8_R5_m0.08_s1/optim_000400_rank0.pt
Removed previous periodic checkpoint at step 000200
step 00400/01680 (23.81%) | loss: 6.054085 | lrm: 1.00 | lr(adamw:3.494e-01, muon:5.657e-02) | dt: 274.83ms | tok/sec: 953,845 | bf16_mfu: 27.61 | epoch: 1 pq: 2 rg: 30 | total time: 1.82m | eta: 6.0m
2026-09-12 17:48:07,467 - nanochat.checkpoint_manager - INFO - Saved model parameters to: /root/.cache/nanochat/base_checkpoints/d8_R5_m0.08_s1/model_000600.pt
2026-09-12 17:48:07,470 - nanochat.checkpoint_manager - INFO - Saved metadata to: /root/.cache/nanochat/base_checkpoints/d8_R5_m0.08_s1/meta_000600.json
2026-09-12 17:48:08,342 - nanochat.checkpoint_manager - INFO - Saved optimizer state to: /root/.cache/nanochat/base_checkpoints/d8_R5_m0.08_s1/optim_000600_rank0.pt
Removed previous periodic checkpoint at step 000400
step 00600/01680 (35.71%) | loss: 5.823881 | lrm: 0.99 | lr(adamw:3.458e-01, muon:5.598e-02) | dt: 274.12ms | tok/sec: 956,328 | bf16_mfu: 27.68 | epoch: 1 pq: 3 rg: 43 | total time: 2.75m | eta: 5.0m
2026-09-12 17:49:04,670 - nanochat.checkpoint_manager - INFO - Saved model parameters to: /root/.cache/nanochat/base_checkpoints/d8_R5_m0.08_s1/model_000800.pt
2026-09-12 17:49:04,674 - nanochat.checkpoint_manager - INFO - Saved metadata to: /root/.cache/nanochat/base_checkpoints/d8_R5_m0.08_s1/meta_000800.json
2026-09-12 17:49:05,593 - nanochat.checkpoint_manager - INFO - Saved optimizer state to: /root/.cache/nanochat/base_checkpoints/d8_R5_m0.08_s1/optim_000800_rank0.pt
Removed previous periodic checkpoint at step 000600
step 00800/01680 (47.62%) | loss: 5.637383 | lrm: 0.82 | lr(adamw:2.850e-01, muon:4.614e-02) | dt: 270.47ms | tok/sec: 969,217 | bf16_mfu: 28.05 | epoch: 1 pq: 4 rg: 58 | total time: 3.68m | eta: 4.1m
2026-09-12 17:50:02,001 - nanochat.checkpoint_manager - INFO - Saved model parameters to: /root/.cache/nanochat/base_checkpoints/d8_R5_m0.08_s1/model_001000.pt
2026-09-12 17:50:02,004 - nanochat.checkpoint_manager - INFO - Saved metadata to: /root/.cache/nanochat/base_checkpoints/d8_R5_m0.08_s1/meta_001000.json
2026-09-12 17:50:02,925 - nanochat.checkpoint_manager - INFO - Saved optimizer state to: /root/.cache/nanochat/base_checkpoints/d8_R5_m0.08_s1/optim_001000_rank0.pt
Removed previous periodic checkpoint at step 000800
step 01000/01680 (59.52%) | loss: 5.488740 | lrm: 0.64 | lr(adamw:2.242e-01, muon:3.629e-02) | dt: 345.79ms | tok/sec: 758,112 | bf16_mfu: 21.94 | epoch: 1 pq: 5 rg: 73 | total time: 4.61m | eta: 3.2m
2026-09-12 17:50:59,064 - nanochat.checkpoint_manager - INFO - Saved model parameters to: /root/.cache/nanochat/base_checkpoints/d8_R5_m0.08_s1/model_001200.pt
2026-09-12 17:50:59,067 - nanochat.checkpoint_manager - INFO - Saved metadata to: /root/.cache/nanochat/base_checkpoints/d8_R5_m0.08_s1/meta_001200.json
2026-09-12 17:50:59,974 - nanochat.checkpoint_manager - INFO - Saved optimizer state to: /root/.cache/nanochat/base_checkpoints/d8_R5_m0.08_s1/optim_001200_rank0.pt
Removed previous periodic checkpoint at step 001000
step 01200/01680 (71.43%) | loss: 5.402449 | lrm: 0.47 | lr(adamw:1.634e-01, muon:2.645e-02) | dt: 266.70ms | tok/sec: 982,902 | bf16_mfu: 28.45 | epoch: 1 pq: 7 rg: 4 | total time: 5.53m | eta: 2.2m
2026-09-12 17:51:56,402 - nanochat.checkpoint_manager - INFO - Saved model parameters to: /root/.cache/nanochat/base_checkpoints/d8_R5_m0.08_s1/model_001400.pt
2026-09-12 17:51:56,406 - nanochat.checkpoint_manager - INFO - Saved metadata to: /root/.cache/nanochat/base_checkpoints/d8_R5_m0.08_s1/meta_001400.json
2026-09-12 17:51:57,279 - nanochat.checkpoint_manager - INFO - Saved optimizer state to: /root/.cache/nanochat/base_checkpoints/d8_R5_m0.08_s1/optim_001400_rank0.pt
Removed previous periodic checkpoint at step 001200
step 01400/01680 (83.33%) | loss: 5.290048 | lrm: 0.29 | lr(adamw:1.026e-01, muon:1.661e-02) | dt: 357.93ms | tok/sec: 732,391 | bf16_mfu: 21.20 | epoch: 1 pq: 8 rg: 19 | total time: 6.47m | eta: 1.3m
2026-09-12 17:52:53,739 - nanochat.checkpoint_manager - INFO - Saved model parameters to: /root/.cache/nanochat/base_checkpoints/d8_R5_m0.08_s1/model_001600.pt
2026-09-12 17:52:53,743 - nanochat.checkpoint_manager - INFO - Saved metadata to: /root/.cache/nanochat/base_checkpoints/d8_R5_m0.08_s1/meta_001600.json
2026-09-12 17:52:54,596 - nanochat.checkpoint_manager - INFO - Saved optimizer state to: /root/.cache/nanochat/base_checkpoints/d8_R5_m0.08_s1/optim_001600_rank0.pt
Removed previous periodic checkpoint at step 001400
step 01600/01680 (95.24%) | loss: 5.228145 | lrm: 0.12 | lr(adamw:4.179e-02, muon:6.765e-03) | dt: 278.46ms | tok/sec: 941,418 | bf16_mfu: 27.25 | epoch: 1 pq: 9 rg: 34 | total time: 7.40m | eta: 0.4m
step 01679/01680 (99.94%) | loss: 5.191707 | lrm: 0.05 | lr(adamw:1.778e-02, muon:2.878e-03) | dt: 309.27ms | tok/sec: 847,618 | bf16_mfu: 24.53 | epoch: 1 pq: 9 rg: 72 | total time: 7.77m | eta: 0.0m
Step 01680 | Validation bpb: 1.578246 | val_loss: 5.175846
<|bos|>The capital of France is a 10-year-old of the world's largest world. The world is a
<|bos|>The chemical symbol of gold is a common type of metal that is a type of metal, which is a type
<|bos|>If yesterday was Friday, then tomorrow will be able to get the first time you have to do. If you have, you
<|bos|>The opposite of hot is a very common in the world. The world is a very common way to make
<|bos|>The planets of the solar system are: The
The best of the world's largest of the world. The most popular
<|bos|>My favorite color is a way to make the difference in the context of the book. The book is
<|bos|>If 5*x + 3 = 13, then x is 1.1. The 2.2. The 2.3
2026-09-12 17:57:10,822 - nanochat.checkpoint_manager - INFO - Saved model parameters to: /root/.cache/nanochat/base_checkpoints/d8_R5_m0.08_s1/model_001680.pt
2026-09-12 17:57:10,825 - nanochat.checkpoint_manager - INFO - Saved metadata to: /root/.cache/nanochat/base_checkpoints/d8_R5_m0.08_s1/meta_001680.json
2026-09-12 17:57:11,716 - nanochat.checkpoint_manager - INFO - Saved optimizer state to: /root/.cache/nanochat/base_checkpoints/d8_R5_m0.08_s1/optim_001680_rank0.pt
step 01680/01680 (final) | loss: 5.191707 | early_stop: 0
Peak memory usage: 63809.13MiB
Total training time: 7.77m
Minimum validation bpb: 1.578246
Minimum validation loss (nats/byte): 5.175846
############ B01 done. results in out/b02_binary_lr ############
==== matrix_lr 0.04 ====
############ B01 depth=8 V=32768 tokens=440401920 seeds=1 ############
---- d8_R5_m0.04_s1 : R5 --use-binary 1 ----
2026-09-12 17:57:41,497 - httpx - INFO - HTTP Request: HEAD https://huggingface.co/varunneal/flash-attention-3/resolve/main/kernel-status.toml "HTTP/1.1 404 Not Found"
2026-09-12 17:57:41,552 - httpx - INFO - HTTP Request: GET https://huggingface.co/api/models/varunneal/flash-attention-3/tree/main/build?recursive=false&expand=false "HTTP/1.1 200 OK"
2026-09-12 17:57:41,610 - httpx - INFO - HTTP Request: GET https://huggingface.co/api/models/varunneal/flash-attention-3/revision/main "HTTP/1.1 200 OK"

                                                       █████                █████
                                                      ░░███                ░░███
     ████████    ██████   ████████    ██████   ██████  ░███████    ██████  ███████
    ░░███░░███  ░░░░░███ ░░███░░███  ███░░███ ███░░███ ░███░░███  ░░░░░███░░░███░
     ░███ ░███   ███████  ░███ ░███ ░███ ░███░███ ░░░  ░███ ░███   ███████  ░███
     ░███ ░███  ███░░███  ░███ ░███ ░███ ░███░███  ███ ░███ ░███  ███░░███  ░███ ███
     ████ █████░░████████ ████ █████░░██████ ░░██████  ████ █████░░███████  ░░█████
    ░░░░ ░░░░░  ░░░░░░░░ ░░░░ ░░░░░  ░░░░░░   ░░░░░░  ░░░░ ░░░░░  ░░░░░░░░   ░░░░░
    
Autodetected device type: cuda
2026-09-12 17:57:42,140 - nanochat.common - INFO - Distributed world size: 1
Device: cuda (ddp=False, world_size=1)
GPU: NVIDIA H100 80GB HBM3 | Peak FLOPS (BF16): 9.89e+14
COMPUTE_DTYPE: torch.bfloat16 (auto-detected: CUDA SM 90 (bf16 supported))
✓ Using Flash Attention 3 (Hopper GPU detected) — efficient and fast.
Vocab size: 32,768
Model config:
{
  "sequence_len": 2048,
  "vocab_size": 32768,
  "n_layer": 8,
  "n_head": 4,
  "n_kv_head": 4,
  "n_embd": 512,
  "use_moe": false,
  "use_perm": false,
  "moe_num_experts": 8,
  "moe_router_dim": 64,
  "moe_embed_dim": 64,
  "dropout": 0.0,
  "use_remix_linear": false,
  "remix_context_dim": 64,
  "remix_context_dim_ratio": 6,
  "remix_basis_size": 64,
  "remix_output_gate_rank": 16,
  "remixed_linear_kwargs": {
    "use_basis_gate": true,
    "use_output_gate": true,
    "use_context": true,
    "basis_gate_mode": "mlp",
    "sparse_gate_k": 0,
    "gate_temperature": 1.0,
    "basis_scale_factor": 4,
    "n_templates": 1,
    "template_routing_learned": false,
    "template_topk": 0,
    "tiny_expert": false,
    "tiny_expert_topk": 16,
    "lokr_expert": false,
    "lokr_n_experts": 64,
    "lokr_topk": 16,
    "lokr_rank": 4,
    "lokr_learned": false,
    "basis_gate_rank": 8,
    "disable_ln_basis": false,
    "chunk_route_impl": "compose",
    "top1_gate": "ones",
    "template_delta_rank": 0,
    "route_side": "output",
    "drop_basis_proj": false,
    "basis_side_templates": 0,
    "grad_equalize": false,
    "output_gate_rank": 16,
    "operator_modulation": "none",
    "lie_generators": 4,
    "poly_order": 2,
    "grassmann_bank_size": 4
  },
  "use_pos_embed": false,
  "moe_use_abs_pos_embed": false,
  "use_layer_context": true,
  "scale_basis_size": true,
  "remix_use_dual_gate": false,
  "remix_use_fused": false,
  "p26_output_gated_linear": 0,
  "p28_shared_basis": 0,
  "p28_chunk_routing_size": 0,
  "p28_global_template_bank": "none",
  "p28_attn_proj_templates": 0,
  "p28_attn_qk_templates": 0,
  "p29_template_block_diag": 0,
  "p29_template_lr_scale": 1.0,
  "p29_grad_equalize": 0,
  "p34_ffn_mult": 4.0,
  "p34_ffn_single": 0,
  "p34_dense_attn": 0,
  "legacy_init_fallback": 0,
  "p35_template_diversity_lambda": 0.0,
  "p22_route_affine": 0,
  "p34_ffn_schedule": "",
  "p34_ffn_no_ffn_replacement": "none",
  "p34_ffn_last_depth": 1,
  "p36_swiglu_ffn": 0,
  "p36_swiglu_mult": 2.6666666666666665,
  "cond_sites": "both",
  "cond_rank": 256,
  "cond_mult_steps": 0,
  "cond_gate_source": "router",
  "cond_coeff_act": "centered",
  "cond_router_rank": 0,
  "cond_live_init": 0.0,
  "cond_router_act": "none",
  "cond_chunk_size": 0,
  "cond_mult_scale": -1.0,
  "cond_mult_impl": "wy",
  "cond_attn_projs": "qkvo",
  "cond_layer_frac": 1.0,
  "perm_expert_mode": "low_rank",
  "perm_rank": 16,
  "router_context_window": -1,
  "router_causal": true,
  "router_num_heads": 4,
  "router_num_queries": 16,
  "router_n_layers": 2,
  "router_use_vocab_prior": false,
  "window_pattern": "SSSL",
  "cclblock_modulation": "weight",
  "cclblock_orth_lambda": 0.0,
  "cclblock_context_stream": "local",
  "cclblock_ema_factor": 0.99,
  "cclblock_stale_ctx_lag": 0,
  "cclblock_sparse_gate_k": 0,
  "cclblock_gate_temperature": 1.0,
  "cclblock_context_bank_size": 0,
  "cclblock_per_head_ctx": false,
  "cclblock_context_source": "norm_x",
  "cclblock_chunk_size": 0,
  "cclblock_aux_objective": "none",
  "cclblock_aux_lambda": 0.1,
  "cclblock_boundary_token_id": 198,
  "use_ral": false,
  "ral_rank": 32,
  "cclblock_film_gate": false,
  "cclblock_attn_shadow_dim": 0,
  "cclblock_dynamic_ratio": 0.25,
  "cclblock_gate_rank": 8,
  "cclblock_num_regimes": 8,
  "cclblock_regime_temperature": 1.0,
  "cclblock_poly_order": 2,
  "cclblock_lie_generators": 4,
  "cclblock_grassmann_bank_size": 4,
  "cclblock_tucker_rank": 32,
  "cclblock_tucker_modes": 8,
  "cclblock_svs_rank": 64,
  "cclblock_svs_eps": 0.1,
  "cclblock_vq_codes": 8,
  "cclblock_vq_temperature": 1.0,
  "cclblock_dcu_warmup_steps": 0,
  "cclblock_fsi_rotations": 8,
  "cclblock_fsi_selector_dim": 64,
  "cclblock_aesp_strata": 4,
  "cclblock_aesp_delta_rank": 4,
  "cclblock_ckr_branches": 4,
  "cclblock_ckr_kernel_size": 64,
  "cclblock_ckr_pos_channels": 1,
  "cclblock_ckr_dual_optim": 0,
  "cclblock_ckr_content_bias": 0.0,
  "cclblock_giad_rank": 32,
  "cclblock_psg_kernel_size": 64,
  "cclblock_ss_dynamic_ratio": 0.25,
  "cclblock_ss_branches": 2,
  "cclblock_ss_kernel_size": 64,
  "cclblock_lokr_branches": 8,
  "cclblock_lokr_rank": 16,
  "cclblock_ckr_temp_start": 2.0,
  "cclblock_ckr_temp_end": 0.3,
  "cclblock_com_kernel_size": 32,
  "cclblock_ckr_ortho_init": 0,
  "cclblock_ckr_branch_dropout": 0.0,
  "cclblock_ckr_diversity_lambda": 0.0,
  "cclblock_ckr_layer_selective": 0,
  "cclblock_pgr_kernel_size": 64,
  "cclblock_cil_kernel_size": 64,
  "cclblock_prb_kernel_size": 64,
  "p18_layer_drop": 0.0,
  "p18_dynamic_activation": 0,
  "p18_mixture_norm": 0,
  "p18_causal_attn_bias": 0,
  "p18_aux_sim_lambda": 0.0,
  "p18_gradient_penalty": 0.0,
  "p18_per_channel_scale": 0,
  "p19_residual_gate": 0,
  "p19_head_importance": 0,
  "p19_residual_mix_groups": 0,
  "p19_attn_logit_bias": 0,
  "p19_residual_decay": 0,
  "p19_grad_equilibrium": 0.0,
  "p19_spectral_reparam": 0,
  "p19_weight_anticollapse": 0.0,
  "p19_ve_bias": 0,
  "p19_weight_noise": 0.0,
  "p20_hrcs_scale": 0,
  "p20_lswr_scale": 0,
  "p20_lswr_planes": 8,
  "p20_lrcfb_branches": 0,
  "p20_lrcfb_narrow": 0,
  "p20_lrcfb_learned": 0,
  "p20_lrcfb_topk": 0,
  "p20_dgcr_branches": 0,
  "p20_dgcr_aux_weight": 0.01,
  "p20_mone_experts": 0,
  "p20_mone_topk": 0,
  "p20_mone_narrow": 1,
  "p20_mone_frozen": 0,
  "p20_ncea_branches": 0,
  "p20_ncea_eps": 0.1,
  "p20_adwi": 0,
  "p20_pwu_branches": 0,
  "p20_pwu_phase": 1,
  "p20_fsvd_gate": 0,
  "p20_wbfc_clusters": 0,
  "p20_wbfc_active": 0,
  "p21_per_experts": 0,
  "p21_per_topk": 0,
  "p21_per_learned": 0,
  "p21_per_attn": 0,
  "p22_attn_moe_route": "none",
  "p23_tiny_expert": 0,
  "p23_n_experts": 64,
  "p23_topk": 16,
  "p23_learned_route": 0,
  "p23_std_moe_experts": 0,
  "p23_std_moe_topk": -1,
  "p23_std_moe_aux_weight": 0.01,
  "p23_lokr": 0,
  "p23_lokr_rank": 4,
  "p23_use_shared_block_router": 0,
  "p23_linear_moe_experts": 0,
  "p23_linear_moe_topk": 0,
  "p23_quantile_route": 0,
  "remix_shared_context_gates": 0,
  "p24_use_sliced_weight": 0,
  "p24_sliced_weight_reduction_scale": 8,
  "p24_sliced_weight_min_select": 128,
  "p24_sliced_weight_scope": "per_token",
  "p24_sliced_weight_balance_coeff": 0.01,
  "p24_quantile_route": 0,
  "p24_use_folded_mod": 0,
  "p24_folded_mod_reduction_scale": 8,
  "p24_folded_mod_min_dim": 128,
  "p24_folded_mod_scope": "per_layer",
  "p24_folded_mod_gate_act": "tanh_centered",
  "p24_use_sequence_gated_linear": 0,
  "p24_sequence_gated_scope": "per_layer",
  "p24_sequence_gated_act": "tanh_centered",
  "remix_disable_ln_basis": 0,
  "dense_intermediate_ln": 0,
  "use_mol": false,
  "mol_n_blocks": 5,
  "mol_n_shared": 1,
  "mol_topk": 3,
  "mol_thin_dim": 256,
  "mol_head_dim": 64,
  "mol_ffn_mult": 4.0,
  "mol_router_aux": 0.05,
  "mol_routed_attn": "softmax",
  "mol_dispatch": 1,
  "mol_capacity_factor": 1.0,
  "mol_block_lr_scale": 1.0,
  "mol_per_block_ve": 0,
  "use_binary": true,
  "binary_acts": true,
  "binary_weight_scale": "row",
  "binary_act_scale": "token",
  "binary_clip": 1.0,
  "binary_linear": true,
  "binary_embeddings": true,
  "binary_skip": "",
  "use_mst": false,
  "mst_n_subs": 8,
  "mst_sub_dim": 64,
  "mst_head_dim": 0,
  "mst_input_mode": "fixed_slice",
  "mst_rotated_slice_learned": false,
  "mst_routing_mode": "soft_weighted",
  "mst_routing_topk": 4,
  "mst_routing_aux_weight": 0.01,
  "mst_diversity_weight": 0.0,
  "mst_ffn_mode": "standard",
  "mst_ffn_every": 1,
  "mst_transition_mode": "parallel",
  "mst_final_mode": "aggregate_proj",
  "mst_final_topk": -1,
  "mst_ffn_shared_up": 0,
  "mst_ffn_inner_dim": 0,
  "mst_sub_dropout": 0.0,
  "mst_transition_every": 1,
  "mst_ffa_temperature": 1.0,
  "mst_global_residual": 0,
  "mst_hybrid_dense": 0,
  "mst_cross_sub_kv": 0,
  "mst_sub_aux_weight": 0.0,
  "mst_progressive_merge": 0,
  "mst_multi_scale_windows": 0,
  "mst_delta_residual": 0,
  "mst_sub_layers": 1,
  "mst_grad_equalize": 0,
  "mst_block_diagonal_muon": 0,
  "mst_transition_width_mult": 1.0,
  "mst_sub_lr_scale": 1.0,
  "mst_shared_expert": 0,
  "mst_router_entropy_weight": 0.0,
  "mst_shared_kv_attn": 0,
  "mst_contrastive_diversity_weight": 0.0,
  "mst_transition_nonlinear": 0,
  "mst_transition_gated": 0,
  "mst_transition_mlp": 0,
  "mst_cross_sub_gate": 0,
  "mst_hyper_connect": 0,
  "mst_cross_kv_inject": 0,
  "mst_slice_transition": 0,
  "mst_lookback_layers": 0,
  "mst_bilinear_transition": 0,
  "mst_cross_sub_qmod": 0,
  "mst_feature_cycle": 0,
  "mst_mean_transition": 0,
  "mst_sub_head_dim": 0,
  "mst_final_norm": 0,
  "mst_per_stream_ve": 0,
  "mst_ve_map": 0,
  "mst_ve_map_rank": 0,
  "mst_lm_head_dim": 0,
  "mst_compose_windows": 0,
  "mst_channel_mix": "none",
  "mst_channel_mix_site": "layer",
  "mst_distribute_block_muon": 0,
  "mst_trans_spectral_lr": 0,
  "mst_talking_heads": 0,
  "mst_wo_mode": "block",
  "mst_stream_topk": 0,
  "mst_stream_shared": 0,
  "mst_stream_router_aux": 0.01,
  "mst_stream_router_noise": 0.0,
  "mst_stream_dispatch": 0,
  "mst_stream_capacity_factor": 1.0,
  "mst_stream_gate_attn": 0,
  "mst_ffn_monarch": "none",
  "mst_shampoo": 0,
  "mst_precond_every": 10,
  "mst_shampoo_beta": 0.95,
  "use_eet": false,
  "eet_frozen_kv": true,
  "eet_reenter_final": false,
  "eet_router_type": "mlp2",
  "eet_router_hidden": 0,
  "eet_freq_prior_alpha": 0.0,
  "eet_pos_prior_beta": 0.0,
  "eet_domain_prior": false,
  "eet_warmup_frac": 0.02,
  "eet_explore_frac": 0.15,
  "eet_reconstruct_lambda": 1.0,
  "eet_efficiency_lambda_start": 0.01,
  "eet_efficiency_lambda_end": 0.1,
  "eet_translator_rank": 0,
  "eet_max_frozen_kv_frac": 0.75,
  "eet_exit_threshold": 0.5,
  "eet_min_exit_layer": 1,
  "eet_loss_variant": "reconstruct",
  "eet_topk_vocab": 512,
  "eet_entropy_lambda": 0.3,
  "eet_surprise_lambda": 0.1,
  "eet_adv_lambda": 1.0,
  "eet_adv_entropy_lambda": 0.2,
  "eet_quality_lambda": 1.0,
  "eet_quality_entropy_bonus": 0.1,
  "eet_gumbel_temp_start": 0.0,
  "eet_gumbel_temp_end": 0.1,
  "eet_gumbel_hard": true,
  "eet_commitment_beta": 0.1,
  "eet_global_router": false,
  "eet_freq_efficiency_alpha": 0.0,
  "eet_diversity_lambda": 0.0,
  "eet_ce_guided_lambda": 1.0,
  "eet_router_lr_mult": 5.0,
  "eet_model_lr_mult": 1.0,
  "eet_depth_weight_type": "none",
  "eet_depth_weight_max": 2.5,
  "eet_use_override": 0,
  "eet_override_prob_start": 0.5,
  "eet_override_prob_end": 0.1,
  "eet_compute_skip": false,
  "eet_target_active_frac": 0.125,
  "eet_capacity_schedule": "bell",
  "eet_exit_fracs": null,
  "eet_capacity_alignment_lambda": 0.0,
  "eet_kv_mode": "none",
  "eet_route_noise": 0.0,
  "eet_route_noise_end": -1.0,
  "eet_coverage_diag": false,
  "deep_supervision_lambda": 0.0,
  "deep_supervision_frac": 0.125,
  "eet_width_power": 0.0,
  "eet_width_cap": 16.0,
  "eet_kv_eager": false,
  "eet_router_task_grad": true,
  "eet_reinforce_interval": 0,
  "eet_reinforce_lambda": 0.1,
  "eet_exit_adapter_rank": 0,
  "eet_router_after_block": 0,
  "eet_ffn_skip": false,
  "eet_ffn_target_frac": 0.5,
  "eet_ffn_full_attn": true,
  "eet_depth_affine": false,
  "eet_capacity_anneal_frac": 0.0,
  "eet_learned_schedule": false,
  "eet_departure_summary": false,
  "eet_route_consistency_lambda": 0.0,
  "eet_dense_distill_interval": 0,
  "eet_dense_distill_lambda": 0.5,
  "eet_depth_lr_scale": false,
  "eet_depth_grad_scale": false,
  "eet_detach_aux_from_backbone": false,
  "eet_detach_exit_from_backbone": false,
  "use_code_head": false,
  "sch_head_type": "code",
  "sch_bits": 0,
  "sch_order": 2,
  "sch_max_m": 0,
  "sch_phi_mode": "monomial",
  "sch_code_mode": "binary",
  "sch_code_path": "",
  "sch_code_ecc_bits": 0,
  "sch_code_seed": 1234,
  "sch_phi_density": 0.0,
  "sch_phi_dtype": "bf16",
  "sch_phi_normalize": 1,
  "sch_phi_center": 0,
  "sch_g_type": "linear",
  "sch_g_hidden": 0,
  "sch_g_layers": 2,
  "sch_g_out_std": 0.001,
  "sch_mixture": 1,
  "sch_residual_rank": 0,
  "sch_logit_act": "none",
  "sch_bias": 0,
  "sch_input_mode": "table",
  "sch_input_hidden": 0,
  "sch_product_groups": 8,
  "sch_product_codebook": 256,
  "sch_product_source": "hash",
  "sch_product_impl": "dense",
  "sch_phi_whiten": 0,
  "sch_mixture_per_phi": 0,
  "sch_mixture_topk": 0,
  "sch_mixture_aux": 0.01,
  "sch_monarch_m1": 0,
  "sch_monarch_perm": "none",
  "sch_monarch_perm_path": "",
  "sch_tier_bounds": "",
  "sch_tier_caps": "",
  "sch_tier_order": "freq",
  "sch_tier_perm_path": "",
  "sch_proposal_rank": 32,
  "sch_proposal_topk": 16384,
  "sch_proposal_samples": 4096,
  "sch_proposal_warmup": 0,
  "sch_proposal_chunk": 2048,
  "sch_proposal_aux": 1.0,
  "sch_nfh_mode": "cp",
  "sch_nfh_rank": 32,
  "sch_nfh_dims": "",
  "sch_nfh_groups": 3,
  "sch_nfh_views": 1,
  "sch_nfh_perm": "none",
  "sch_nfh_perm_path": "",
  "sch_nfh_g_type": "linear",
  "sch_nfh_g_hidden": 0,
  "sch_rerank_mode": "topk",
  "sch_rerank_k": 64,
  "sch_rerank_rank": 32,
  "sch_nfh_smooth": 0,
  "sch_nfh_chunk": 256
}
Seeded weight init with --seed 1
BINARY: swapped 58 modules (53 Linear, 5 Embedding), acts=1b, scale=row, skip=()
Checkpoints directory: /root/.cache/nanochat/base_checkpoints/d8_R5_m0.04_s1
Parameter counts:
wte                     : 16,777,216
wpe                     : 0
value_embeds            : 67,108,864
lm_head                 : 16,809,984
transformer_matrices    : 25,203,216
research                : 0
scalars                 : 16
total                   : 125,899,296
Estimated FLOPs per token (total):  2.862643e+08
COST_AXES precision=W1A1E1H1 bops_arith=1.4313e+08 energy_pj_per_token=1.9452e+06 inference_MiB=15.01 training_state_MiB=604.84
Estimated FLOPs per token (active): 2.862643e+08
Estimated active params:            125,899,296
Auto-computed optimal batch size: 262,144 tokens
Scaling LRs by 0.7071 for batch size 262,144 (reference: 524,288)
Scaling weight decay from 0.200000 to 0.371235 for depth 8
Scaling the LR for the AdamW parameters ∝1/√(512/768) = 1.224745
Calculated number of iterations from target data:param ratio: 1,680
Total number of training tokens: 440,401,920
Tokens : Scaling params ratio: 10.48
Total training FLOPs estimate: 1.260714e+17
Total training FLOPs (active):  1.260714e+17
Total active training FLOPs estimate: 1.260714e+17
Using base scheduler: linear warmup/flat/linear warmdown
Tokens / micro-batch / rank: 128 x 2048 = 262,144
Tokens / micro-batch: 262,144
Total batch size 262,144 => gradient accumulation steps: 1
Running pre-compilation warmup (1 dummy forward+backward to init lazy allocations)...
Warmup complete. Steady-state VRAM: 5.3 GB allocated
step 00000/01680 (0.00%) | loss: 10.968433 | lrm: 0.12 | lr(adamw:4.368e-02, muon:3.536e-03) | dt: 502.02ms | tok/sec: 522,182 | bf16_mfu: 15.11 | epoch: 1 pq: 0 rg: 1 | total time: 0.00m
2026-09-12 17:59:32,233 - nanochat.checkpoint_manager - INFO - Saved model parameters to: /root/.cache/nanochat/base_checkpoints/d8_R5_m0.04_s1/model_000200.pt
2026-09-12 17:59:32,235 - nanochat.checkpoint_manager - INFO - Saved metadata to: /root/.cache/nanochat/base_checkpoints/d8_R5_m0.04_s1/meta_000200.json
2026-09-12 17:59:33,120 - nanochat.checkpoint_manager - INFO - Saved optimizer state to: /root/.cache/nanochat/base_checkpoints/d8_R5_m0.04_s1/optim_000200_rank0.pt
step 00200/01680 (11.90%) | loss: 6.191135 | lrm: 1.00 | lr(adamw:3.494e-01, muon:2.828e-02) | dt: 282.78ms | tok/sec: 927,016 | bf16_mfu: 26.83 | epoch: 1 pq: 1 rg: 17 | total time: 0.87m | eta: 6.8m
2026-09-12 18:00:28,661 - nanochat.checkpoint_manager - INFO - Saved model parameters to: /root/.cache/nanochat/base_checkpoints/d8_R5_m0.04_s1/model_000400.pt
2026-09-12 18:00:28,664 - nanochat.checkpoint_manager - INFO - Saved metadata to: /root/.cache/nanochat/base_checkpoints/d8_R5_m0.04_s1/meta_000400.json
2026-09-12 18:00:29,524 - nanochat.checkpoint_manager - INFO - Saved optimizer state to: /root/.cache/nanochat/base_checkpoints/d8_R5_m0.04_s1/optim_000400_rank0.pt
Removed previous periodic checkpoint at step 000200
step 00400/01680 (23.81%) | loss: 5.840299 | lrm: 1.00 | lr(adamw:3.494e-01, muon:2.828e-02) | dt: 300.35ms | tok/sec: 872,788 | bf16_mfu: 25.26 | epoch: 1 pq: 2 rg: 30 | total time: 1.79m | eta: 5.9m
2026-09-12 18:01:25,013 - nanochat.checkpoint_manager - INFO - Saved model parameters to: /root/.cache/nanochat/base_checkpoints/d8_R5_m0.04_s1/model_000600.pt
2026-09-12 18:01:25,015 - nanochat.checkpoint_manager - INFO - Saved metadata to: /root/.cache/nanochat/base_checkpoints/d8_R5_m0.04_s1/meta_000600.json
2026-09-12 18:01:25,913 - nanochat.checkpoint_manager - INFO - Saved optimizer state to: /root/.cache/nanochat/base_checkpoints/d8_R5_m0.04_s1/optim_000600_rank0.pt
Removed previous periodic checkpoint at step 000400
step 00600/01680 (35.71%) | loss: 5.826932 | lrm: 0.99 | lr(adamw:3.458e-01, muon:2.799e-02) | dt: 270.44ms | tok/sec: 969,330 | bf16_mfu: 28.06 | epoch: 1 pq: 3 rg: 43 | total time: 2.71m | eta: 5.0m
2026-09-12 18:02:21,700 - nanochat.checkpoint_manager - INFO - Saved model parameters to: /root/.cache/nanochat/base_checkpoints/d8_R5_m0.04_s1/model_000800.pt
2026-09-12 18:02:21,702 - nanochat.checkpoint_manager - INFO - Saved metadata to: /root/.cache/nanochat/base_checkpoints/d8_R5_m0.04_s1/meta_000800.json
2026-09-12 18:02:22,565 - nanochat.checkpoint_manager - INFO - Saved optimizer state to: /root/.cache/nanochat/base_checkpoints/d8_R5_m0.04_s1/optim_000800_rank0.pt
Removed previous periodic checkpoint at step 000600
step 00800/01680 (47.62%) | loss: 5.556442 | lrm: 0.82 | lr(adamw:2.850e-01, muon:2.307e-02) | dt: 264.32ms | tok/sec: 991,750 | bf16_mfu: 28.71 | epoch: 1 pq: 4 rg: 58 | total time: 3.63m | eta: 4.0m
2026-09-12 18:03:18,289 - nanochat.checkpoint_manager - INFO - Saved model parameters to: /root/.cache/nanochat/base_checkpoints/d8_R5_m0.04_s1/model_001000.pt
2026-09-12 18:03:18,292 - nanochat.checkpoint_manager - INFO - Saved metadata to: /root/.cache/nanochat/base_checkpoints/d8_R5_m0.04_s1/meta_001000.json
2026-09-12 18:03:19,141 - nanochat.checkpoint_manager - INFO - Saved optimizer state to: /root/.cache/nanochat/base_checkpoints/d8_R5_m0.04_s1/optim_001000_rank0.pt
Removed previous periodic checkpoint at step 000800
step 01000/01680 (59.52%) | loss: 5.527567 | lrm: 0.64 | lr(adamw:2.242e-01, muon:1.815e-02) | dt: 270.40ms | tok/sec: 969,479 | bf16_mfu: 28.06 | epoch: 1 pq: 5 rg: 73 | total time: 4.55m | eta: 3.1m
2026-09-12 18:04:14,786 - nanochat.checkpoint_manager - INFO - Saved model parameters to: /root/.cache/nanochat/base_checkpoints/d8_R5_m0.04_s1/model_001200.pt
2026-09-12 18:04:14,789 - nanochat.checkpoint_manager - INFO - Saved metadata to: /root/.cache/nanochat/base_checkpoints/d8_R5_m0.04_s1/meta_001200.json
2026-09-12 18:04:15,676 - nanochat.checkpoint_manager - INFO - Saved optimizer state to: /root/.cache/nanochat/base_checkpoints/d8_R5_m0.04_s1/optim_001200_rank0.pt
Removed previous periodic checkpoint at step 001000
step 01200/01680 (71.43%) | loss: 5.418558 | lrm: 0.47 | lr(adamw:1.634e-01, muon:1.323e-02) | dt: 278.04ms | tok/sec: 942,818 | bf16_mfu: 27.29 | epoch: 1 pq: 7 rg: 4 | total time: 5.47m | eta: 2.2m
2026-09-12 18:05:11,428 - nanochat.checkpoint_manager - INFO - Saved model parameters to: /root/.cache/nanochat/base_checkpoints/d8_R5_m0.04_s1/model_001400.pt
2026-09-12 18:05:11,435 - nanochat.checkpoint_manager - INFO - Saved metadata to: /root/.cache/nanochat/base_checkpoints/d8_R5_m0.04_s1/meta_001400.json
2026-09-12 18:05:12,350 - nanochat.checkpoint_manager - INFO - Saved optimizer state to: /root/.cache/nanochat/base_checkpoints/d8_R5_m0.04_s1/optim_001400_rank0.pt
Removed previous periodic checkpoint at step 001200
step 01400/01680 (83.33%) | loss: 5.316149 | lrm: 0.29 | lr(adamw:1.026e-01, muon:8.304e-03) | dt: 317.50ms | tok/sec: 825,650 | bf16_mfu: 23.90 | epoch: 1 pq: 8 rg: 19 | total time: 6.39m | eta: 1.3m
2026-09-12 18:06:08,764 - nanochat.checkpoint_manager - INFO - Saved model parameters to: /root/.cache/nanochat/base_checkpoints/d8_R5_m0.04_s1/model_001600.pt
2026-09-12 18:06:08,768 - nanochat.checkpoint_manager - INFO - Saved metadata to: /root/.cache/nanochat/base_checkpoints/d8_R5_m0.04_s1/meta_001600.json
2026-09-12 18:06:09,685 - nanochat.checkpoint_manager - INFO - Saved optimizer state to: /root/.cache/nanochat/base_checkpoints/d8_R5_m0.04_s1/optim_001600_rank0.pt
Removed previous periodic checkpoint at step 001400
step 01600/01680 (95.24%) | loss: 5.250106 | lrm: 0.12 | lr(adamw:4.179e-02, muon:3.383e-03) | dt: 272.25ms | tok/sec: 962,888 | bf16_mfu: 27.87 | epoch: 1 pq: 9 rg: 34 | total time: 7.32m | eta: 0.4m
step 01679/01680 (99.94%) | loss: 5.215498 | lrm: 0.05 | lr(adamw:1.778e-02, muon:1.439e-03) | dt: 271.36ms | tok/sec: 966,032 | bf16_mfu: 27.96 | epoch: 1 pq: 9 rg: 72 | total time: 7.69m | eta: 0.0m
Step 01680 | Validation bpb: 1.588056 | val_loss: 5.208018
<|bos|>The capital of France is a common way to make a new way to make a new new world of new
<|bos|>The chemical symbol of gold is a natural and natural source of the natural world, which is a common way to
<|bos|>If yesterday was Friday, then tomorrow will be a great way to get a little bit of a few days. The most common
<|bos|>The opposite of hot is a common way to make a difference in the world. The most common way is
<|bos|>The planets of the solar system are: the most common causes of the damage to the solar system is the most common system
<|bos|>My favorite color is a great way to make a look for a beautiful way to make a look like
<|bos|>If 5*x + 3 = 13, then x is a 1 = 1 = 1 = 1 = 1 =
2026-09-12 18:07:37,204 - nanochat.checkpoint_manager - INFO - Saved model parameters to: /root/.cache/nanochat/base_checkpoints/d8_R5_m0.04_s1/model_001680.pt
2026-09-12 18:07:37,207 - nanochat.checkpoint_manager - INFO - Saved metadata to: /root/.cache/nanochat/base_checkpoints/d8_R5_m0.04_s1/meta_001680.json
2026-09-12 18:07:38,099 - nanochat.checkpoint_manager - INFO - Saved optimizer state to: /root/.cache/nanochat/base_checkpoints/d8_R5_m0.04_s1/optim_001680_rank0.pt
step 01680/01680 (final) | loss: 5.215498 | early_stop: 0
Peak memory usage: 63809.13MiB
Total training time: 7.69m
Minimum validation bpb: 1.588056
Minimum validation loss (nats/byte): 5.208018
############ B01 done. results in out/b02_binary_lr ############
==== matrix_lr 0.02 ====
############ B01 depth=8 V=32768 tokens=440401920 seeds=1 ############
---- d8_R5_m0.02_s1 : R5 --use-binary 1 ----
2026-09-12 18:08:09,646 - httpx - INFO - HTTP Request: HEAD https://huggingface.co/varunneal/flash-attention-3/resolve/main/kernel-status.toml "HTTP/1.1 404 Not Found"
2026-09-12 18:08:09,700 - httpx - INFO - HTTP Request: GET https://huggingface.co/api/models/varunneal/flash-attention-3/tree/main/build?recursive=false&expand=false "HTTP/1.1 200 OK"
2026-09-12 18:08:09,752 - httpx - INFO - HTTP Request: GET https://huggingface.co/api/models/varunneal/flash-attention-3/revision/main "HTTP/1.1 200 OK"

                                                       █████                █████
                                                      ░░███                ░░███
     ████████    ██████   ████████    ██████   ██████  ░███████    ██████  ███████
    ░░███░░███  ░░░░░███ ░░███░░███  ███░░███ ███░░███ ░███░░███  ░░░░░███░░░███░
     ░███ ░███   ███████  ░███ ░███ ░███ ░███░███ ░░░  ░███ ░███   ███████  ░███
     ░███ ░███  ███░░███  ░███ ░███ ░███ ░███░███  ███ ░███ ░███  ███░░███  ░███ ███
     ████ █████░░████████ ████ █████░░██████ ░░██████  ████ █████░░███████  ░░█████
    ░░░░ ░░░░░  ░░░░░░░░ ░░░░ ░░░░░  ░░░░░░   ░░░░░░  ░░░░ ░░░░░  ░░░░░░░░   ░░░░░
    
Autodetected device type: cuda
2026-09-12 18:08:10,526 - nanochat.common - INFO - Distributed world size: 1
Device: cuda (ddp=False, world_size=1)
GPU: NVIDIA H100 80GB HBM3 | Peak FLOPS (BF16): 9.89e+14
COMPUTE_DTYPE: torch.bfloat16 (auto-detected: CUDA SM 90 (bf16 supported))
✓ Using Flash Attention 3 (Hopper GPU detected) — efficient and fast.
Vocab size: 32,768
Model config:
{
  "sequence_len": 2048,
  "vocab_size": 32768,
  "n_layer": 8,
  "n_head": 4,
  "n_kv_head": 4,
  "n_embd": 512,
  "use_moe": false,
  "use_perm": false,
  "moe_num_experts": 8,
  "moe_router_dim": 64,
  "moe_embed_dim": 64,
  "dropout": 0.0,
  "use_remix_linear": false,
  "remix_context_dim": 64,
  "remix_context_dim_ratio": 6,
  "remix_basis_size": 64,
  "remix_output_gate_rank": 16,
  "remixed_linear_kwargs": {
    "use_basis_gate": true,
    "use_output_gate": true,
    "use_context": true,
    "basis_gate_mode": "mlp",
    "sparse_gate_k": 0,
    "gate_temperature": 1.0,
    "basis_scale_factor": 4,
    "n_templates": 1,
    "template_routing_learned": false,
    "template_topk": 0,
    "tiny_expert": false,
    "tiny_expert_topk": 16,
    "lokr_expert": false,
    "lokr_n_experts": 64,
    "lokr_topk": 16,
    "lokr_rank": 4,
    "lokr_learned": false,
    "basis_gate_rank": 8,
    "disable_ln_basis": false,
    "chunk_route_impl": "compose",
    "top1_gate": "ones",
    "template_delta_rank": 0,
    "route_side": "output",
    "drop_basis_proj": false,
    "basis_side_templates": 0,
    "grad_equalize": false,
    "output_gate_rank": 16,
    "operator_modulation": "none",
    "lie_generators": 4,
    "poly_order": 2,
    "grassmann_bank_size": 4
  },
  "use_pos_embed": false,
  "moe_use_abs_pos_embed": false,
  "use_layer_context": true,
  "scale_basis_size": true,
  "remix_use_dual_gate": false,
  "remix_use_fused": false,
  "p26_output_gated_linear": 0,
  "p28_shared_basis": 0,
  "p28_chunk_routing_size": 0,
  "p28_global_template_bank": "none",
  "p28_attn_proj_templates": 0,
  "p28_attn_qk_templates": 0,
  "p29_template_block_diag": 0,
  "p29_template_lr_scale": 1.0,
  "p29_grad_equalize": 0,
  "p34_ffn_mult": 4.0,
  "p34_ffn_single": 0,
  "p34_dense_attn": 0,
  "legacy_init_fallback": 0,
  "p35_template_diversity_lambda": 0.0,
  "p22_route_affine": 0,
  "p34_ffn_schedule": "",
  "p34_ffn_no_ffn_replacement": "none",
  "p34_ffn_last_depth": 1,
  "p36_swiglu_ffn": 0,
  "p36_swiglu_mult": 2.6666666666666665,
  "cond_sites": "both",
  "cond_rank": 256,
  "cond_mult_steps": 0,
  "cond_gate_source": "router",
  "cond_coeff_act": "centered",
  "cond_router_rank": 0,
  "cond_live_init": 0.0,
  "cond_router_act": "none",
  "cond_chunk_size": 0,
  "cond_mult_scale": -1.0,
  "cond_mult_impl": "wy",
  "cond_attn_projs": "qkvo",
  "cond_layer_frac": 1.0,
  "perm_expert_mode": "low_rank",
  "perm_rank": 16,
  "router_context_window": -1,
  "router_causal": true,
  "router_num_heads": 4,
  "router_num_queries": 16,
  "router_n_layers": 2,
  "router_use_vocab_prior": false,
  "window_pattern": "SSSL",
  "cclblock_modulation": "weight",
  "cclblock_orth_lambda": 0.0,
  "cclblock_context_stream": "local",
  "cclblock_ema_factor": 0.99,
  "cclblock_stale_ctx_lag": 0,
  "cclblock_sparse_gate_k": 0,
  "cclblock_gate_temperature": 1.0,
  "cclblock_context_bank_size": 0,
  "cclblock_per_head_ctx": false,
  "cclblock_context_source": "norm_x",
  "cclblock_chunk_size": 0,
  "cclblock_aux_objective": "none",
  "cclblock_aux_lambda": 0.1,
  "cclblock_boundary_token_id": 198,
  "use_ral": false,
  "ral_rank": 32,
  "cclblock_film_gate": false,
  "cclblock_attn_shadow_dim": 0,
  "cclblock_dynamic_ratio": 0.25,
  "cclblock_gate_rank": 8,
  "cclblock_num_regimes": 8,
  "cclblock_regime_temperature": 1.0,
  "cclblock_poly_order": 2,
  "cclblock_lie_generators": 4,
  "cclblock_grassmann_bank_size": 4,
  "cclblock_tucker_rank": 32,
  "cclblock_tucker_modes": 8,
  "cclblock_svs_rank": 64,
  "cclblock_svs_eps": 0.1,
  "cclblock_vq_codes": 8,
  "cclblock_vq_temperature": 1.0,
  "cclblock_dcu_warmup_steps": 0,
  "cclblock_fsi_rotations": 8,
  "cclblock_fsi_selector_dim": 64,
  "cclblock_aesp_strata": 4,
  "cclblock_aesp_delta_rank": 4,
  "cclblock_ckr_branches": 4,
  "cclblock_ckr_kernel_size": 64,
  "cclblock_ckr_pos_channels": 1,
  "cclblock_ckr_dual_optim": 0,
  "cclblock_ckr_content_bias": 0.0,
  "cclblock_giad_rank": 32,
  "cclblock_psg_kernel_size": 64,
  "cclblock_ss_dynamic_ratio": 0.25,
  "cclblock_ss_branches": 2,
  "cclblock_ss_kernel_size": 64,
  "cclblock_lokr_branches": 8,
  "cclblock_lokr_rank": 16,
  "cclblock_ckr_temp_start": 2.0,
  "cclblock_ckr_temp_end": 0.3,
  "cclblock_com_kernel_size": 32,
  "cclblock_ckr_ortho_init": 0,
  "cclblock_ckr_branch_dropout": 0.0,
  "cclblock_ckr_diversity_lambda": 0.0,
  "cclblock_ckr_layer_selective": 0,
  "cclblock_pgr_kernel_size": 64,
  "cclblock_cil_kernel_size": 64,
  "cclblock_prb_kernel_size": 64,
  "p18_layer_drop": 0.0,
  "p18_dynamic_activation": 0,
  "p18_mixture_norm": 0,
  "p18_causal_attn_bias": 0,
  "p18_aux_sim_lambda": 0.0,
  "p18_gradient_penalty": 0.0,
  "p18_per_channel_scale": 0,
  "p19_residual_gate": 0,
  "p19_head_importance": 0,
  "p19_residual_mix_groups": 0,
  "p19_attn_logit_bias": 0,
  "p19_residual_decay": 0,
  "p19_grad_equilibrium": 0.0,
  "p19_spectral_reparam": 0,
  "p19_weight_anticollapse": 0.0,
  "p19_ve_bias": 0,
  "p19_weight_noise": 0.0,
  "p20_hrcs_scale": 0,
  "p20_lswr_scale": 0,
  "p20_lswr_planes": 8,
  "p20_lrcfb_branches": 0,
  "p20_lrcfb_narrow": 0,
  "p20_lrcfb_learned": 0,
  "p20_lrcfb_topk": 0,
  "p20_dgcr_branches": 0,
  "p20_dgcr_aux_weight": 0.01,
  "p20_mone_experts": 0,
  "p20_mone_topk": 0,
  "p20_mone_narrow": 1,
  "p20_mone_frozen": 0,
  "p20_ncea_branches": 0,
  "p20_ncea_eps": 0.1,
  "p20_adwi": 0,
  "p20_pwu_branches": 0,
  "p20_pwu_phase": 1,
  "p20_fsvd_gate": 0,
  "p20_wbfc_clusters": 0,
  "p20_wbfc_active": 0,
  "p21_per_experts": 0,
  "p21_per_topk": 0,
  "p21_per_learned": 0,
  "p21_per_attn": 0,
  "p22_attn_moe_route": "none",
  "p23_tiny_expert": 0,
  "p23_n_experts": 64,
  "p23_topk": 16,
  "p23_learned_route": 0,
  "p23_std_moe_experts": 0,
  "p23_std_moe_topk": -1,
  "p23_std_moe_aux_weight": 0.01,
  "p23_lokr": 0,
  "p23_lokr_rank": 4,
  "p23_use_shared_block_router": 0,
  "p23_linear_moe_experts": 0,
  "p23_linear_moe_topk": 0,
  "p23_quantile_route": 0,
  "remix_shared_context_gates": 0,
  "p24_use_sliced_weight": 0,
  "p24_sliced_weight_reduction_scale": 8,
  "p24_sliced_weight_min_select": 128,
  "p24_sliced_weight_scope": "per_token",
  "p24_sliced_weight_balance_coeff": 0.01,
  "p24_quantile_route": 0,
  "p24_use_folded_mod": 0,
  "p24_folded_mod_reduction_scale": 8,
  "p24_folded_mod_min_dim": 128,
  "p24_folded_mod_scope": "per_layer",
  "p24_folded_mod_gate_act": "tanh_centered",
  "p24_use_sequence_gated_linear": 0,
  "p24_sequence_gated_scope": "per_layer",
  "p24_sequence_gated_act": "tanh_centered",
  "remix_disable_ln_basis": 0,
  "dense_intermediate_ln": 0,
  "use_mol": false,
  "mol_n_blocks": 5,
  "mol_n_shared": 1,
  "mol_topk": 3,
  "mol_thin_dim": 256,
  "mol_head_dim": 64,
  "mol_ffn_mult": 4.0,
  "mol_router_aux": 0.05,
  "mol_routed_attn": "softmax",
  "mol_dispatch": 1,
  "mol_capacity_factor": 1.0,
  "mol_block_lr_scale": 1.0,
  "mol_per_block_ve": 0,
  "use_binary": true,
  "binary_acts": true,
  "binary_weight_scale": "row",
  "binary_act_scale": "token",
  "binary_clip": 1.0,
  "binary_linear": true,
  "binary_embeddings": true,
  "binary_skip": "",
  "use_mst": false,
  "mst_n_subs": 8,
  "mst_sub_dim": 64,
  "mst_head_dim": 0,
  "mst_input_mode": "fixed_slice",
  "mst_rotated_slice_learned": false,
  "mst_routing_mode": "soft_weighted",
  "mst_routing_topk": 4,
  "mst_routing_aux_weight": 0.01,
  "mst_diversity_weight": 0.0,
  "mst_ffn_mode": "standard",
  "mst_ffn_every": 1,
  "mst_transition_mode": "parallel",
  "mst_final_mode": "aggregate_proj",
  "mst_final_topk": -1,
  "mst_ffn_shared_up": 0,
  "mst_ffn_inner_dim": 0,
  "mst_sub_dropout": 0.0,
  "mst_transition_every": 1,
  "mst_ffa_temperature": 1.0,
  "mst_global_residual": 0,
  "mst_hybrid_dense": 0,
  "mst_cross_sub_kv": 0,
  "mst_sub_aux_weight": 0.0,
  "mst_progressive_merge": 0,
  "mst_multi_scale_windows": 0,
  "mst_delta_residual": 0,
  "mst_sub_layers": 1,
  "mst_grad_equalize": 0,
  "mst_block_diagonal_muon": 0,
  "mst_transition_width_mult": 1.0,
  "mst_sub_lr_scale": 1.0,
  "mst_shared_expert": 0,
  "mst_router_entropy_weight": 0.0,
  "mst_shared_kv_attn": 0,
  "mst_contrastive_diversity_weight": 0.0,
  "mst_transition_nonlinear": 0,
  "mst_transition_gated": 0,
  "mst_transition_mlp": 0,
  "mst_cross_sub_gate": 0,
  "mst_hyper_connect": 0,
  "mst_cross_kv_inject": 0,
  "mst_slice_transition": 0,
  "mst_lookback_layers": 0,
  "mst_bilinear_transition": 0,
  "mst_cross_sub_qmod": 0,
  "mst_feature_cycle": 0,
  "mst_mean_transition": 0,
  "mst_sub_head_dim": 0,
  "mst_final_norm": 0,
  "mst_per_stream_ve": 0,
  "mst_ve_map": 0,
  "mst_ve_map_rank": 0,
  "mst_lm_head_dim": 0,
  "mst_compose_windows": 0,
  "mst_channel_mix": "none",
  "mst_channel_mix_site": "layer",
  "mst_distribute_block_muon": 0,
  "mst_trans_spectral_lr": 0,
  "mst_talking_heads": 0,
  "mst_wo_mode": "block",
  "mst_stream_topk": 0,
  "mst_stream_shared": 0,
  "mst_stream_router_aux": 0.01,
  "mst_stream_router_noise": 0.0,
  "mst_stream_dispatch": 0,
  "mst_stream_capacity_factor": 1.0,
  "mst_stream_gate_attn": 0,
  "mst_ffn_monarch": "none",
  "mst_shampoo": 0,
  "mst_precond_every": 10,
  "mst_shampoo_beta": 0.95,
  "use_eet": false,
  "eet_frozen_kv": true,
  "eet_reenter_final": false,
  "eet_router_type": "mlp2",
  "eet_router_hidden": 0,
  "eet_freq_prior_alpha": 0.0,
  "eet_pos_prior_beta": 0.0,
  "eet_domain_prior": false,
  "eet_warmup_frac": 0.02,
  "eet_explore_frac": 0.15,
  "eet_reconstruct_lambda": 1.0,
  "eet_efficiency_lambda_start": 0.01,
  "eet_efficiency_lambda_end": 0.1,
  "eet_translator_rank": 0,
  "eet_max_frozen_kv_frac": 0.75,
  "eet_exit_threshold": 0.5,
  "eet_min_exit_layer": 1,
  "eet_loss_variant": "reconstruct",
  "eet_topk_vocab": 512,
  "eet_entropy_lambda": 0.3,
  "eet_surprise_lambda": 0.1,
  "eet_adv_lambda": 1.0,
  "eet_adv_entropy_lambda": 0.2,
  "eet_quality_lambda": 1.0,
  "eet_quality_entropy_bonus": 0.1,
  "eet_gumbel_temp_start": 0.0,
  "eet_gumbel_temp_end": 0.1,
  "eet_gumbel_hard": true,
  "eet_commitment_beta": 0.1,
  "eet_global_router": false,
  "eet_freq_efficiency_alpha": 0.0,
  "eet_diversity_lambda": 0.0,
  "eet_ce_guided_lambda": 1.0,
  "eet_router_lr_mult": 5.0,
  "eet_model_lr_mult": 1.0,
  "eet_depth_weight_type": "none",
  "eet_depth_weight_max": 2.5,
  "eet_use_override": 0,
  "eet_override_prob_start": 0.5,
  "eet_override_prob_end": 0.1,
  "eet_compute_skip": false,
  "eet_target_active_frac": 0.125,
  "eet_capacity_schedule": "bell",
  "eet_exit_fracs": null,
  "eet_capacity_alignment_lambda": 0.0,
  "eet_kv_mode": "none",
  "eet_route_noise": 0.0,
  "eet_route_noise_end": -1.0,
  "eet_coverage_diag": false,
  "deep_supervision_lambda": 0.0,
  "deep_supervision_frac": 0.125,
  "eet_width_power": 0.0,
  "eet_width_cap": 16.0,
  "eet_kv_eager": false,
  "eet_router_task_grad": true,
  "eet_reinforce_interval": 0,
  "eet_reinforce_lambda": 0.1,
  "eet_exit_adapter_rank": 0,
  "eet_router_after_block": 0,
  "eet_ffn_skip": false,
  "eet_ffn_target_frac": 0.5,
  "eet_ffn_full_attn": true,
  "eet_depth_affine": false,
  "eet_capacity_anneal_frac": 0.0,
  "eet_learned_schedule": false,
  "eet_departure_summary": false,
  "eet_route_consistency_lambda": 0.0,
  "eet_dense_distill_interval": 0,
  "eet_dense_distill_lambda": 0.5,
  "eet_depth_lr_scale": false,
  "eet_depth_grad_scale": false,
  "eet_detach_aux_from_backbone": false,
  "eet_detach_exit_from_backbone": false,
  "use_code_head": false,
  "sch_head_type": "code",
  "sch_bits": 0,
  "sch_order": 2,
  "sch_max_m": 0,
  "sch_phi_mode": "monomial",
  "sch_code_mode": "binary",
  "sch_code_path": "",
  "sch_code_ecc_bits": 0,
  "sch_code_seed": 1234,
  "sch_phi_density": 0.0,
  "sch_phi_dtype": "bf16",
  "sch_phi_normalize": 1,
  "sch_phi_center": 0,
  "sch_g_type": "linear",
  "sch_g_hidden": 0,
  "sch_g_layers": 2,
  "sch_g_out_std": 0.001,
  "sch_mixture": 1,
  "sch_residual_rank": 0,
  "sch_logit_act": "none",
  "sch_bias": 0,
  "sch_input_mode": "table",
  "sch_input_hidden": 0,
  "sch_product_groups": 8,
  "sch_product_codebook": 256,
  "sch_product_source": "hash",
  "sch_product_impl": "dense",
  "sch_phi_whiten": 0,
  "sch_mixture_per_phi": 0,
  "sch_mixture_topk": 0,
  "sch_mixture_aux": 0.01,
  "sch_monarch_m1": 0,
  "sch_monarch_perm": "none",
  "sch_monarch_perm_path": "",
  "sch_tier_bounds": "",
  "sch_tier_caps": "",
  "sch_tier_order": "freq",
  "sch_tier_perm_path": "",
  "sch_proposal_rank": 32,
  "sch_proposal_topk": 16384,
  "sch_proposal_samples": 4096,
  "sch_proposal_warmup": 0,
  "sch_proposal_chunk": 2048,
  "sch_proposal_aux": 1.0,
  "sch_nfh_mode": "cp",
  "sch_nfh_rank": 32,
  "sch_nfh_dims": "",
  "sch_nfh_groups": 3,
  "sch_nfh_views": 1,
  "sch_nfh_perm": "none",
  "sch_nfh_perm_path": "",
  "sch_nfh_g_type": "linear",
  "sch_nfh_g_hidden": 0,
  "sch_rerank_mode": "topk",
  "sch_rerank_k": 64,
  "sch_rerank_rank": 32,
  "sch_nfh_smooth": 0,
  "sch_nfh_chunk": 256
}
Seeded weight init with --seed 1
BINARY: swapped 58 modules (53 Linear, 5 Embedding), acts=1b, scale=row, skip=()
Checkpoints directory: /root/.cache/nanochat/base_checkpoints/d8_R5_m0.02_s1
Parameter counts:
wte                     : 16,777,216
wpe                     : 0
value_embeds            : 67,108,864
lm_head                 : 16,809,984
transformer_matrices    : 25,203,216
research                : 0
scalars                 : 16
total                   : 125,899,296
Estimated FLOPs per token (total):  2.862643e+08
COST_AXES precision=W1A1E1H1 bops_arith=1.4313e+08 energy_pj_per_token=1.9452e+06 inference_MiB=15.01 training_state_MiB=604.84
Estimated FLOPs per token (active): 2.862643e+08
Estimated active params:            125,899,296
Auto-computed optimal batch size: 262,144 tokens
Scaling LRs by 0.7071 for batch size 262,144 (reference: 524,288)
Scaling weight decay from 0.200000 to 0.371235 for depth 8
Scaling the LR for the AdamW parameters ∝1/√(512/768) = 1.224745
Calculated number of iterations from target data:param ratio: 1,680
Total number of training tokens: 440,401,920
Tokens : Scaling params ratio: 10.48
Total training FLOPs estimate: 1.260714e+17
Total training FLOPs (active):  1.260714e+17
Total active training FLOPs estimate: 1.260714e+17
Using base scheduler: linear warmup/flat/linear warmdown
Tokens / micro-batch / rank: 128 x 2048 = 262,144
Tokens / micro-batch: 262,144
Total batch size 262,144 => gradient accumulation steps: 1
Running pre-compilation warmup (1 dummy forward+backward to init lazy allocations)...
Warmup complete. Steady-state VRAM: 5.3 GB allocated
step 00000/01680 (0.00%) | loss: 10.968433 | lrm: 0.12 | lr(adamw:4.368e-02, muon:1.768e-03) | dt: 435.36ms | tok/sec: 602,127 | bf16_mfu: 17.43 | epoch: 1 pq: 0 rg: 1 | total time: 0.00m
2026-09-12 18:10:01,299 - nanochat.checkpoint_manager - INFO - Saved model parameters to: /root/.cache/nanochat/base_checkpoints/d8_R5_m0.02_s1/model_000200.pt
2026-09-12 18:10:01,303 - nanochat.checkpoint_manager - INFO - Saved metadata to: /root/.cache/nanochat/base_checkpoints/d8_R5_m0.02_s1/meta_000200.json
2026-09-12 18:10:02,249 - nanochat.checkpoint_manager - INFO - Saved optimizer state to: /root/.cache/nanochat/base_checkpoints/d8_R5_m0.02_s1/optim_000200_rank0.pt
step 00200/01680 (11.90%) | loss: 6.164827 | lrm: 1.00 | lr(adamw:3.494e-01, muon:1.414e-02) | dt: 268.76ms | tok/sec: 975,383 | bf16_mfu: 28.23 | epoch: 1 pq: 1 rg: 17 | total time: 0.88m | eta: 6.8m
2026-09-12 18:10:57,778 - nanochat.checkpoint_manager - INFO - Saved model parameters to: /root/.cache/nanochat/base_checkpoints/d8_R5_m0.02_s1/model_000400.pt
2026-09-12 18:10:57,782 - nanochat.checkpoint_manager - INFO - Saved metadata to: /root/.cache/nanochat/base_checkpoints/d8_R5_m0.02_s1/meta_000400.json
2026-09-12 18:10:58,701 - nanochat.checkpoint_manager - INFO - Saved optimizer state to: /root/.cache/nanochat/base_checkpoints/d8_R5_m0.02_s1/optim_000400_rank0.pt
Removed previous periodic checkpoint at step 000200
step 00400/01680 (23.81%) | loss: 6.993725 | lrm: 1.00 | lr(adamw:3.494e-01, muon:1.414e-02) | dt: 297.59ms | tok/sec: 880,898 | bf16_mfu: 25.50 | epoch: 1 pq: 2 rg: 30 | total time: 1.79m | eta: 5.9m
2026-09-12 18:11:54,622 - nanochat.checkpoint_manager - INFO - Saved model parameters to: /root/.cache/nanochat/base_checkpoints/d8_R5_m0.02_s1/model_000600.pt
2026-09-12 18:11:54,627 - nanochat.checkpoint_manager - INFO - Saved metadata to: /root/.cache/nanochat/base_checkpoints/d8_R5_m0.02_s1/meta_000600.json
2026-09-12 18:11:55,487 - nanochat.checkpoint_manager - INFO - Saved optimizer state to: /root/.cache/nanochat/base_checkpoints/d8_R5_m0.02_s1/optim_000600_rank0.pt
Removed previous periodic checkpoint at step 000400
step 00600/01680 (35.71%) | loss: 6.000600 | lrm: 0.99 | lr(adamw:3.458e-01, muon:1.399e-02) | dt: 281.69ms | tok/sec: 930,595 | bf16_mfu: 26.94 | epoch: 1 pq: 3 rg: 43 | total time: 2.72m | eta: 5.0m
2026-09-12 18:12:51,498 - nanochat.checkpoint_manager - INFO - Saved model parameters to: /root/.cache/nanochat/base_checkpoints/d8_R5_m0.02_s1/model_000800.pt
2026-09-12 18:12:51,502 - nanochat.checkpoint_manager - INFO - Saved metadata to: /root/.cache/nanochat/base_checkpoints/d8_R5_m0.02_s1/meta_000800.json
2026-09-12 18:12:52,364 - nanochat.checkpoint_manager - INFO - Saved optimizer state to: /root/.cache/nanochat/base_checkpoints/d8_R5_m0.02_s1/optim_000800_rank0.pt
Removed previous periodic checkpoint at step 000600
step 00800/01680 (47.62%) | loss: 5.722547 | lrm: 0.82 | lr(adamw:2.850e-01, muon:1.153e-02) | dt: 266.05ms | tok/sec: 985,334 | bf16_mfu: 28.52 | epoch: 1 pq: 4 rg: 58 | total time: 3.64m | eta: 4.1m
2026-09-12 18:13:48,685 - nanochat.checkpoint_manager - INFO - Saved model parameters to: /root/.cache/nanochat/base_checkpoints/d8_R5_m0.02_s1/model_001000.pt
2026-09-12 18:13:48,691 - nanochat.checkpoint_manager - INFO - Saved metadata to: /root/.cache/nanochat/base_checkpoints/d8_R5_m0.02_s1/meta_001000.json
2026-09-12 18:13:49,580 - nanochat.checkpoint_manager - INFO - Saved optimizer state to: /root/.cache/nanochat/base_checkpoints/d8_R5_m0.02_s1/optim_001000_rank0.pt
Removed previous periodic checkpoint at step 000800
step 01000/01680 (59.52%) | loss: 5.490451 | lrm: 0.64 | lr(adamw:2.242e-01, muon:9.073e-03) | dt: 302.16ms | tok/sec: 867,565 | bf16_mfu: 25.11 | epoch: 1 pq: 5 rg: 73 | total time: 4.57m | eta: 3.1m
2026-09-12 18:14:45,796 - nanochat.checkpoint_manager - INFO - Saved model parameters to: /root/.cache/nanochat/base_checkpoints/d8_R5_m0.02_s1/model_001200.pt
2026-09-12 18:14:45,799 - nanochat.checkpoint_manager - INFO - Saved metadata to: /root/.cache/nanochat/base_checkpoints/d8_R5_m0.02_s1/meta_001200.json
2026-09-12 18:14:46,684 - nanochat.checkpoint_manager - INFO - Saved optimizer state to: /root/.cache/nanochat/base_checkpoints/d8_R5_m0.02_s1/optim_001200_rank0.pt
Removed previous periodic checkpoint at step 001000
step 01200/01680 (71.43%) | loss: 5.424400 | lrm: 0.47 | lr(adamw:1.634e-01, muon:6.613e-03) | dt: 316.68ms | tok/sec: 827,784 | bf16_mfu: 23.96 | epoch: 1 pq: 7 rg: 4 | total time: 5.50m | eta: 2.2m
2026-09-12 18:15:43,202 - nanochat.checkpoint_manager - INFO - Saved model parameters to: /root/.cache/nanochat/base_checkpoints/d8_R5_m0.02_s1/model_001400.pt
2026-09-12 18:15:43,205 - nanochat.checkpoint_manager - INFO - Saved metadata to: /root/.cache/nanochat/base_checkpoints/d8_R5_m0.02_s1/meta_001400.json
2026-09-12 18:15:44,119 - nanochat.checkpoint_manager - INFO - Saved optimizer state to: /root/.cache/nanochat/base_checkpoints/d8_R5_m0.02_s1/optim_001400_rank0.pt
Removed previous periodic checkpoint at step 001200
step 01400/01680 (83.33%) | loss: 5.346395 | lrm: 0.29 | lr(adamw:1.026e-01, muon:4.152e-03) | dt: 339.82ms | tok/sec: 771,415 | bf16_mfu: 22.33 | epoch: 1 pq: 8 rg: 19 | total time: 6.43m | eta: 1.3m
2026-09-12 18:16:40,324 - nanochat.checkpoint_manager - INFO - Saved model parameters to: /root/.cache/nanochat/base_checkpoints/d8_R5_m0.02_s1/model_001600.pt
2026-09-12 18:16:40,330 - nanochat.checkpoint_manager - INFO - Saved metadata to: /root/.cache/nanochat/base_checkpoints/d8_R5_m0.02_s1/meta_001600.json
2026-09-12 18:16:41,168 - nanochat.checkpoint_manager - INFO - Saved optimizer state to: /root/.cache/nanochat/base_checkpoints/d8_R5_m0.02_s1/optim_001600_rank0.pt
Removed previous periodic checkpoint at step 001400
step 01600/01680 (95.24%) | loss: 5.271425 | lrm: 0.12 | lr(adamw:4.179e-02, muon:1.691e-03) | dt: 266.04ms | tok/sec: 985,357 | bf16_mfu: 28.52 | epoch: 1 pq: 9 rg: 34 | total time: 7.36m | eta: 0.4m
step 01679/01680 (99.94%) | loss: 5.246266 | lrm: 0.05 | lr(adamw:1.778e-02, muon:7.194e-04) | dt: 268.20ms | tok/sec: 977,426 | bf16_mfu: 28.29 | epoch: 1 pq: 9 rg: 72 | total time: 7.73m | eta: 0.0m
Step 01680 | Validation bpb: 1.596572 | val_loss: 5.235947
<|bos|>The capital of France is a great choice for the world of world. The most popular world is the most
<|bos|>The chemical symbol of gold is a good source of energy. The energy is a good energy source of energy.
<|bos|>If yesterday was Friday, then tomorrow will be a good idea to be able to be a good idea to be a good idea
<|bos|>The opposite of hot is a good choice for the most important factors that can be used to the best way
<|bos|>The planets of the solar system are: "The world of the world is a very small amount of light and the atmosphere
<|bos|>My favorite color is a way to make a look for a good color, and a color is a
<|bos|>If 5*x + 3 = 13, then x is 2, 3, 3, 3, 3, 
2026-09-12 18:18:09,485 - nanochat.checkpoint_manager - INFO - Saved model parameters to: /root/.cache/nanochat/base_checkpoints/d8_R5_m0.02_s1/model_001680.pt
2026-09-12 18:18:09,487 - nanochat.checkpoint_manager - INFO - Saved metadata to: /root/.cache/nanochat/base_checkpoints/d8_R5_m0.02_s1/meta_001680.json
2026-09-12 18:18:10,394 - nanochat.checkpoint_manager - INFO - Saved optimizer state to: /root/.cache/nanochat/base_checkpoints/d8_R5_m0.02_s1/optim_001680_rank0.pt
step 01680/01680 (final) | loss: 5.246266 | early_stop: 0
Peak memory usage: 63809.13MiB
Total training time: 7.73m
Minimum validation bpb: 1.596572
Minimum validation loss (nats/byte): 5.235947
############ B01 done. results in out/b02_binary_lr ############
==== matrix_lr 0.01 ====
############ B01 depth=8 V=32768 tokens=440401920 seeds=1 ############
---- d8_R5_m0.01_s1 : R5 --use-binary 1 ----
2026-09-12 18:18:40,976 - httpx - INFO - HTTP Request: HEAD https://huggingface.co/varunneal/flash-attention-3/resolve/main/kernel-status.toml "HTTP/1.1 404 Not Found"
2026-09-12 18:18:41,036 - httpx - INFO - HTTP Request: GET https://huggingface.co/api/models/varunneal/flash-attention-3/tree/main/build?recursive=false&expand=false "HTTP/1.1 200 OK"
2026-09-12 18:18:41,102 - httpx - INFO - HTTP Request: GET https://huggingface.co/api/models/varunneal/flash-attention-3/revision/main "HTTP/1.1 200 OK"

                                                       █████                █████
                                                      ░░███                ░░███
     ████████    ██████   ████████    ██████   ██████  ░███████    ██████  ███████
    ░░███░░███  ░░░░░███ ░░███░░███  ███░░███ ███░░███ ░███░░███  ░░░░░███░░░███░
     ░███ ░███   ███████  ░███ ░███ ░███ ░███░███ ░░░  ░███ ░███   ███████  ░███
     ░███ ░███  ███░░███  ░███ ░███ ░███ ░███░███  ███ ░███ ░███  ███░░███  ░███ ███
     ████ █████░░████████ ████ █████░░██████ ░░██████  ████ █████░░███████  ░░█████
    ░░░░ ░░░░░  ░░░░░░░░ ░░░░ ░░░░░  ░░░░░░   ░░░░░░  ░░░░ ░░░░░  ░░░░░░░░   ░░░░░
    
Autodetected device type: cuda
2026-09-12 18:18:41,689 - nanochat.common - INFO - Distributed world size: 1
Device: cuda (ddp=False, world_size=1)
GPU: NVIDIA H100 80GB HBM3 | Peak FLOPS (BF16): 9.89e+14
COMPUTE_DTYPE: torch.bfloat16 (auto-detected: CUDA SM 90 (bf16 supported))
✓ Using Flash Attention 3 (Hopper GPU detected) — efficient and fast.
Vocab size: 32,768
Model config:
{
  "sequence_len": 2048,
  "vocab_size": 32768,
  "n_layer": 8,
  "n_head": 4,
  "n_kv_head": 4,
  "n_embd": 512,
  "use_moe": false,
  "use_perm": false,
  "moe_num_experts": 8,
  "moe_router_dim": 64,
  "moe_embed_dim": 64,
  "dropout": 0.0,
  "use_remix_linear": false,
  "remix_context_dim": 64,
  "remix_context_dim_ratio": 6,
  "remix_basis_size": 64,
  "remix_output_gate_rank": 16,
  "remixed_linear_kwargs": {
    "use_basis_gate": true,
    "use_output_gate": true,
    "use_context": true,
    "basis_gate_mode": "mlp",
    "sparse_gate_k": 0,
    "gate_temperature": 1.0,
    "basis_scale_factor": 4,
    "n_templates": 1,
    "template_routing_learned": false,
    "template_topk": 0,
    "tiny_expert": false,
    "tiny_expert_topk": 16,
    "lokr_expert": false,
    "lokr_n_experts": 64,
    "lokr_topk": 16,
    "lokr_rank": 4,
    "lokr_learned": false,
    "basis_gate_rank": 8,
    "disable_ln_basis": false,
    "chunk_route_impl": "compose",
    "top1_gate": "ones",
    "template_delta_rank": 0,
    "route_side": "output",
    "drop_basis_proj": false,
    "basis_side_templates": 0,
    "grad_equalize": false,
    "output_gate_rank": 16,
    "operator_modulation": "none",
    "lie_generators": 4,
    "poly_order": 2,
    "grassmann_bank_size": 4
  },
  "use_pos_embed": false,
  "moe_use_abs_pos_embed": false,
  "use_layer_context": true,
  "scale_basis_size": true,
  "remix_use_dual_gate": false,
  "remix_use_fused": false,
  "p26_output_gated_linear": 0,
  "p28_shared_basis": 0,
  "p28_chunk_routing_size": 0,
  "p28_global_template_bank": "none",
  "p28_attn_proj_templates": 0,
  "p28_attn_qk_templates": 0,
  "p29_template_block_diag": 0,
  "p29_template_lr_scale": 1.0,
  "p29_grad_equalize": 0,
  "p34_ffn_mult": 4.0,
  "p34_ffn_single": 0,
  "p34_dense_attn": 0,
  "legacy_init_fallback": 0,
  "p35_template_diversity_lambda": 0.0,
  "p22_route_affine": 0,
  "p34_ffn_schedule": "",
  "p34_ffn_no_ffn_replacement": "none",
  "p34_ffn_last_depth": 1,
  "p36_swiglu_ffn": 0,
  "p36_swiglu_mult": 2.6666666666666665,
  "cond_sites": "both",
  "cond_rank": 256,
  "cond_mult_steps": 0,
  "cond_gate_source": "router",
  "cond_coeff_act": "centered",
  "cond_router_rank": 0,
  "cond_live_init": 0.0,
  "cond_router_act": "none",
  "cond_chunk_size": 0,
  "cond_mult_scale": -1.0,
  "cond_mult_impl": "wy",
  "cond_attn_projs": "qkvo",
  "cond_layer_frac": 1.0,
  "perm_expert_mode": "low_rank",
  "perm_rank": 16,
  "router_context_window": -1,
  "router_causal": true,
  "router_num_heads": 4,
  "router_num_queries": 16,
  "router_n_layers": 2,
  "router_use_vocab_prior": false,
  "window_pattern": "SSSL",
  "cclblock_modulation": "weight",
  "cclblock_orth_lambda": 0.0,
  "cclblock_context_stream": "local",
  "cclblock_ema_factor": 0.99,
  "cclblock_stale_ctx_lag": 0,
  "cclblock_sparse_gate_k": 0,
  "cclblock_gate_temperature": 1.0,
  "cclblock_context_bank_size": 0,
  "cclblock_per_head_ctx": false,
  "cclblock_context_source": "norm_x",
  "cclblock_chunk_size": 0,
  "cclblock_aux_objective": "none",
  "cclblock_aux_lambda": 0.1,
  "cclblock_boundary_token_id": 198,
  "use_ral": false,
  "ral_rank": 32,
  "cclblock_film_gate": false,
  "cclblock_attn_shadow_dim": 0,
  "cclblock_dynamic_ratio": 0.25,
  "cclblock_gate_rank": 8,
  "cclblock_num_regimes": 8,
  "cclblock_regime_temperature": 1.0,
  "cclblock_poly_order": 2,
  "cclblock_lie_generators": 4,
  "cclblock_grassmann_bank_size": 4,
  "cclblock_tucker_rank": 32,
  "cclblock_tucker_modes": 8,
  "cclblock_svs_rank": 64,
  "cclblock_svs_eps": 0.1,
  "cclblock_vq_codes": 8,
  "cclblock_vq_temperature": 1.0,
  "cclblock_dcu_warmup_steps": 0,
  "cclblock_fsi_rotations": 8,
  "cclblock_fsi_selector_dim": 64,
  "cclblock_aesp_strata": 4,
  "cclblock_aesp_delta_rank": 4,
  "cclblock_ckr_branches": 4,
  "cclblock_ckr_kernel_size": 64,
  "cclblock_ckr_pos_channels": 1,
  "cclblock_ckr_dual_optim": 0,
  "cclblock_ckr_content_bias": 0.0,
  "cclblock_giad_rank": 32,
  "cclblock_psg_kernel_size": 64,
  "cclblock_ss_dynamic_ratio": 0.25,
  "cclblock_ss_branches": 2,
  "cclblock_ss_kernel_size": 64,
  "cclblock_lokr_branches": 8,
  "cclblock_lokr_rank": 16,
  "cclblock_ckr_temp_start": 2.0,
  "cclblock_ckr_temp_end": 0.3,
  "cclblock_com_kernel_size": 32,
  "cclblock_ckr_ortho_init": 0,
  "cclblock_ckr_branch_dropout": 0.0,
  "cclblock_ckr_diversity_lambda": 0.0,
  "cclblock_ckr_layer_selective": 0,
  "cclblock_pgr_kernel_size": 64,
  "cclblock_cil_kernel_size": 64,
  "cclblock_prb_kernel_size": 64,
  "p18_layer_drop": 0.0,
  "p18_dynamic_activation": 0,
  "p18_mixture_norm": 0,
  "p18_causal_attn_bias": 0,
  "p18_aux_sim_lambda": 0.0,
  "p18_gradient_penalty": 0.0,
  "p18_per_channel_scale": 0,
  "p19_residual_gate": 0,
  "p19_head_importance": 0,
  "p19_residual_mix_groups": 0,
  "p19_attn_logit_bias": 0,
  "p19_residual_decay": 0,
  "p19_grad_equilibrium": 0.0,
  "p19_spectral_reparam": 0,
  "p19_weight_anticollapse": 0.0,
  "p19_ve_bias": 0,
  "p19_weight_noise": 0.0,
  "p20_hrcs_scale": 0,
  "p20_lswr_scale": 0,
  "p20_lswr_planes": 8,
  "p20_lrcfb_branches": 0,
  "p20_lrcfb_narrow": 0,
  "p20_lrcfb_learned": 0,
  "p20_lrcfb_topk": 0,
  "p20_dgcr_branches": 0,
  "p20_dgcr_aux_weight": 0.01,
  "p20_mone_experts": 0,
  "p20_mone_topk": 0,
  "p20_mone_narrow": 1,
  "p20_mone_frozen": 0,
  "p20_ncea_branches": 0,
  "p20_ncea_eps": 0.1,
  "p20_adwi": 0,
  "p20_pwu_branches": 0,
  "p20_pwu_phase": 1,
  "p20_fsvd_gate": 0,
  "p20_wbfc_clusters": 0,
  "p20_wbfc_active": 0,
  "p21_per_experts": 0,
  "p21_per_topk": 0,
  "p21_per_learned": 0,
  "p21_per_attn": 0,
  "p22_attn_moe_route": "none",
  "p23_tiny_expert": 0,
  "p23_n_experts": 64,
  "p23_topk": 16,
  "p23_learned_route": 0,
  "p23_std_moe_experts": 0,
  "p23_std_moe_topk": -1,
  "p23_std_moe_aux_weight": 0.01,
  "p23_lokr": 0,
  "p23_lokr_rank": 4,
  "p23_use_shared_block_router": 0,
  "p23_linear_moe_experts": 0,
  "p23_linear_moe_topk": 0,
  "p23_quantile_route": 0,
  "remix_shared_context_gates": 0,
  "p24_use_sliced_weight": 0,
  "p24_sliced_weight_reduction_scale": 8,
  "p24_sliced_weight_min_select": 128,
  "p24_sliced_weight_scope": "per_token",
  "p24_sliced_weight_balance_coeff": 0.01,
  "p24_quantile_route": 0,
  "p24_use_folded_mod": 0,
  "p24_folded_mod_reduction_scale": 8,
  "p24_folded_mod_min_dim": 128,
  "p24_folded_mod_scope": "per_layer",
  "p24_folded_mod_gate_act": "tanh_centered",
  "p24_use_sequence_gated_linear": 0,
  "p24_sequence_gated_scope": "per_layer",
  "p24_sequence_gated_act": "tanh_centered",
  "remix_disable_ln_basis": 0,
  "dense_intermediate_ln": 0,
  "use_mol": false,
  "mol_n_blocks": 5,
  "mol_n_shared": 1,
  "mol_topk": 3,
  "mol_thin_dim": 256,
  "mol_head_dim": 64,
  "mol_ffn_mult": 4.0,
  "mol_router_aux": 0.05,
  "mol_routed_attn": "softmax",
  "mol_dispatch": 1,
  "mol_capacity_factor": 1.0,
  "mol_block_lr_scale": 1.0,
  "mol_per_block_ve": 0,
  "use_binary": true,
  "binary_acts": true,
  "binary_weight_scale": "row",
  "binary_act_scale": "token",
  "binary_clip": 1.0,
  "binary_linear": true,
  "binary_embeddings": true,
  "binary_skip": "",
  "use_mst": false,
  "mst_n_subs": 8,
  "mst_sub_dim": 64,
  "mst_head_dim": 0,
  "mst_input_mode": "fixed_slice",
  "mst_rotated_slice_learned": false,
  "mst_routing_mode": "soft_weighted",
  "mst_routing_topk": 4,
  "mst_routing_aux_weight": 0.01,
  "mst_diversity_weight": 0.0,
  "mst_ffn_mode": "standard",
  "mst_ffn_every": 1,
  "mst_transition_mode": "parallel",
  "mst_final_mode": "aggregate_proj",
  "mst_final_topk": -1,
  "mst_ffn_shared_up": 0,
  "mst_ffn_inner_dim": 0,
  "mst_sub_dropout": 0.0,
  "mst_transition_every": 1,
  "mst_ffa_temperature": 1.0,
  "mst_global_residual": 0,
  "mst_hybrid_dense": 0,
  "mst_cross_sub_kv": 0,
  "mst_sub_aux_weight": 0.0,
  "mst_progressive_merge": 0,
  "mst_multi_scale_windows": 0,
  "mst_delta_residual": 0,
  "mst_sub_layers": 1,
  "mst_grad_equalize": 0,
  "mst_block_diagonal_muon": 0,
  "mst_transition_width_mult": 1.0,
  "mst_sub_lr_scale": 1.0,
  "mst_shared_expert": 0,
  "mst_router_entropy_weight": 0.0,
  "mst_shared_kv_attn": 0,
  "mst_contrastive_diversity_weight": 0.0,
  "mst_transition_nonlinear": 0,
  "mst_transition_gated": 0,
  "mst_transition_mlp": 0,
  "mst_cross_sub_gate": 0,
  "mst_hyper_connect": 0,
  "mst_cross_kv_inject": 0,
  "mst_slice_transition": 0,
  "mst_lookback_layers": 0,
  "mst_bilinear_transition": 0,
  "mst_cross_sub_qmod": 0,
  "mst_feature_cycle": 0,
  "mst_mean_transition": 0,
  "mst_sub_head_dim": 0,
  "mst_final_norm": 0,
  "mst_per_stream_ve": 0,
  "mst_ve_map": 0,
  "mst_ve_map_rank": 0,
  "mst_lm_head_dim": 0,
  "mst_compose_windows": 0,
  "mst_channel_mix": "none",
  "mst_channel_mix_site": "layer",
  "mst_distribute_block_muon": 0,
  "mst_trans_spectral_lr": 0,
  "mst_talking_heads": 0,
  "mst_wo_mode": "block",
  "mst_stream_topk": 0,
  "mst_stream_shared": 0,
  "mst_stream_router_aux": 0.01,
  "mst_stream_router_noise": 0.0,
  "mst_stream_dispatch": 0,
  "mst_stream_capacity_factor": 1.0,
  "mst_stream_gate_attn": 0,
  "mst_ffn_monarch": "none",
  "mst_shampoo": 0,
  "mst_precond_every": 10,
  "mst_shampoo_beta": 0.95,
  "use_eet": false,
  "eet_frozen_kv": true,
  "eet_reenter_final": false,
  "eet_router_type": "mlp2",
  "eet_router_hidden": 0,
  "eet_freq_prior_alpha": 0.0,
  "eet_pos_prior_beta": 0.0,
  "eet_domain_prior": false,
  "eet_warmup_frac": 0.02,
  "eet_explore_frac": 0.15,
  "eet_reconstruct_lambda": 1.0,
  "eet_efficiency_lambda_start": 0.01,
  "eet_efficiency_lambda_end": 0.1,
  "eet_translator_rank": 0,
  "eet_max_frozen_kv_frac": 0.75,
  "eet_exit_threshold": 0.5,
  "eet_min_exit_layer": 1,
  "eet_loss_variant": "reconstruct",
  "eet_topk_vocab": 512,
  "eet_entropy_lambda": 0.3,
  "eet_surprise_lambda": 0.1,
  "eet_adv_lambda": 1.0,
  "eet_adv_entropy_lambda": 0.2,
  "eet_quality_lambda": 1.0,
  "eet_quality_entropy_bonus": 0.1,
  "eet_gumbel_temp_start": 0.0,
  "eet_gumbel_temp_end": 0.1,
  "eet_gumbel_hard": true,
  "eet_commitment_beta": 0.1,
  "eet_global_router": false,
  "eet_freq_efficiency_alpha": 0.0,
  "eet_diversity_lambda": 0.0,
  "eet_ce_guided_lambda": 1.0,
  "eet_router_lr_mult": 5.0,
  "eet_model_lr_mult": 1.0,
  "eet_depth_weight_type": "none",
  "eet_depth_weight_max": 2.5,
  "eet_use_override": 0,
  "eet_override_prob_start": 0.5,
  "eet_override_prob_end": 0.1,
  "eet_compute_skip": false,
  "eet_target_active_frac": 0.125,
  "eet_capacity_schedule": "bell",
  "eet_exit_fracs": null,
  "eet_capacity_alignment_lambda": 0.0,
  "eet_kv_mode": "none",
  "eet_route_noise": 0.0,
  "eet_route_noise_end": -1.0,
  "eet_coverage_diag": false,
  "deep_supervision_lambda": 0.0,
  "deep_supervision_frac": 0.125,
  "eet_width_power": 0.0,
  "eet_width_cap": 16.0,
  "eet_kv_eager": false,
  "eet_router_task_grad": true,
  "eet_reinforce_interval": 0,
  "eet_reinforce_lambda": 0.1,
  "eet_exit_adapter_rank": 0,
  "eet_router_after_block": 0,
  "eet_ffn_skip": false,
  "eet_ffn_target_frac": 0.5,
  "eet_ffn_full_attn": true,
  "eet_depth_affine": false,
  "eet_capacity_anneal_frac": 0.0,
  "eet_learned_schedule": false,
  "eet_departure_summary": false,
  "eet_route_consistency_lambda": 0.0,
  "eet_dense_distill_interval": 0,
  "eet_dense_distill_lambda": 0.5,
  "eet_depth_lr_scale": false,
  "eet_depth_grad_scale": false,
  "eet_detach_aux_from_backbone": false,
  "eet_detach_exit_from_backbone": false,
  "use_code_head": false,
  "sch_head_type": "code",
  "sch_bits": 0,
  "sch_order": 2,
  "sch_max_m": 0,
  "sch_phi_mode": "monomial",
  "sch_code_mode": "binary",
  "sch_code_path": "",
  "sch_code_ecc_bits": 0,
  "sch_code_seed": 1234,
  "sch_phi_density": 0.0,
  "sch_phi_dtype": "bf16",
  "sch_phi_normalize": 1,
  "sch_phi_center": 0,
  "sch_g_type": "linear",
  "sch_g_hidden": 0,
  "sch_g_layers": 2,
  "sch_g_out_std": 0.001,
  "sch_mixture": 1,
  "sch_residual_rank": 0,
  "sch_logit_act": "none",
  "sch_bias": 0,
  "sch_input_mode": "table",
  "sch_input_hidden": 0,
  "sch_product_groups": 8,
  "sch_product_codebook": 256,
  "sch_product_source": "hash",
  "sch_product_impl": "dense",
  "sch_phi_whiten": 0,
  "sch_mixture_per_phi": 0,
  "sch_mixture_topk": 0,
  "sch_mixture_aux": 0.01,
  "sch_monarch_m1": 0,
  "sch_monarch_perm": "none",
  "sch_monarch_perm_path": "",
  "sch_tier_bounds": "",
  "sch_tier_caps": "",
  "sch_tier_order": "freq",
  "sch_tier_perm_path": "",
  "sch_proposal_rank": 32,
  "sch_proposal_topk": 16384,
  "sch_proposal_samples": 4096,
  "sch_proposal_warmup": 0,
  "sch_proposal_chunk": 2048,
  "sch_proposal_aux": 1.0,
  "sch_nfh_mode": "cp",
  "sch_nfh_rank": 32,
  "sch_nfh_dims": "",
  "sch_nfh_groups": 3,
  "sch_nfh_views": 1,
  "sch_nfh_perm": "none",
  "sch_nfh_perm_path": "",
  "sch_nfh_g_type": "linear",
  "sch_nfh_g_hidden": 0,
  "sch_rerank_mode": "topk",
  "sch_rerank_k": 64,
  "sch_rerank_rank": 32,
  "sch_nfh_smooth": 0,
  "sch_nfh_chunk": 256
}
Seeded weight init with --seed 1
BINARY: swapped 58 modules (53 Linear, 5 Embedding), acts=1b, scale=row, skip=()
Checkpoints directory: /root/.cache/nanochat/base_checkpoints/d8_R5_m0.01_s1
Parameter counts:
wte                     : 16,777,216
wpe                     : 0
value_embeds            : 67,108,864
lm_head                 : 16,809,984
transformer_matrices    : 25,203,216
research                : 0
scalars                 : 16
total                   : 125,899,296
Estimated FLOPs per token (total):  2.862643e+08
COST_AXES precision=W1A1E1H1 bops_arith=1.4313e+08 energy_pj_per_token=1.9452e+06 inference_MiB=15.01 training_state_MiB=604.84
Estimated FLOPs per token (active): 2.862643e+08
Estimated active params:            125,899,296
Auto-computed optimal batch size: 262,144 tokens
Scaling LRs by 0.7071 for batch size 262,144 (reference: 524,288)
Scaling weight decay from 0.200000 to 0.371235 for depth 8
Scaling the LR for the AdamW parameters ∝1/√(512/768) = 1.224745
Calculated number of iterations from target data:param ratio: 1,680
Total number of training tokens: 440,401,920
Tokens : Scaling params ratio: 10.48
Total training FLOPs estimate: 1.260714e+17
Total training FLOPs (active):  1.260714e+17
Total active training FLOPs estimate: 1.260714e+17
Using base scheduler: linear warmup/flat/linear warmdown
Tokens / micro-batch / rank: 128 x 2048 = 262,144
Tokens / micro-batch: 262,144
Total batch size 262,144 => gradient accumulation steps: 1
Running pre-compilation warmup (1 dummy forward+backward to init lazy allocations)...
Warmup complete. Steady-state VRAM: 5.3 GB allocated
step 00000/01680 (0.00%) | loss: 10.968433 | lrm: 0.12 | lr(adamw:4.368e-02, muon:8.839e-04) | dt: 374.81ms | tok/sec: 699,404 | bf16_mfu: 20.24 | epoch: 1 pq: 0 rg: 1 | total time: 0.00m
2026-09-12 18:20:33,531 - nanochat.checkpoint_manager - INFO - Saved model parameters to: /root/.cache/nanochat/base_checkpoints/d8_R5_m0.01_s1/model_000200.pt
2026-09-12 18:20:33,533 - nanochat.checkpoint_manager - INFO - Saved metadata to: /root/.cache/nanochat/base_checkpoints/d8_R5_m0.01_s1/meta_000200.json
2026-09-12 18:20:34,378 - nanochat.checkpoint_manager - INFO - Saved optimizer state to: /root/.cache/nanochat/base_checkpoints/d8_R5_m0.01_s1/optim_000200_rank0.pt
step 00200/01680 (11.90%) | loss: 6.212021 | lrm: 1.00 | lr(adamw:3.494e-01, muon:7.071e-03) | dt: 306.18ms | tok/sec: 856,178 | bf16_mfu: 24.78 | epoch: 1 pq: 1 rg: 17 | total time: 0.88m | eta: 6.9m
2026-09-12 18:21:30,455 - nanochat.checkpoint_manager - INFO - Saved model parameters to: /root/.cache/nanochat/base_checkpoints/d8_R5_m0.01_s1/model_000400.pt
2026-09-12 18:21:30,458 - nanochat.checkpoint_manager - INFO - Saved metadata to: /root/.cache/nanochat/base_checkpoints/d8_R5_m0.01_s1/meta_000400.json
2026-09-12 18:21:31,303 - nanochat.checkpoint_manager - INFO - Saved optimizer state to: /root/.cache/nanochat/base_checkpoints/d8_R5_m0.01_s1/optim_000400_rank0.pt
Removed previous periodic checkpoint at step 000200
step 00400/01680 (23.81%) | loss: 6.051712 | lrm: 1.00 | lr(adamw:3.494e-01, muon:7.071e-03) | dt: 296.19ms | tok/sec: 885,066 | bf16_mfu: 25.62 | epoch: 1 pq: 2 rg: 30 | total time: 1.81m | eta: 5.9m
2026-09-12 18:22:27,164 - nanochat.checkpoint_manager - INFO - Saved model parameters to: /root/.cache/nanochat/base_checkpoints/d8_R5_m0.01_s1/model_000600.pt
2026-09-12 18:22:27,171 - nanochat.checkpoint_manager - INFO - Saved metadata to: /root/.cache/nanochat/base_checkpoints/d8_R5_m0.01_s1/meta_000600.json
2026-09-12 18:22:28,034 - nanochat.checkpoint_manager - INFO - Saved optimizer state to: /root/.cache/nanochat/base_checkpoints/d8_R5_m0.01_s1/optim_000600_rank0.pt
Removed previous periodic checkpoint at step 000400
step 00600/01680 (35.71%) | loss: 5.868639 | lrm: 0.99 | lr(adamw:3.458e-01, muon:6.997e-03) | dt: 268.50ms | tok/sec: 976,318 | bf16_mfu: 28.26 | epoch: 1 pq: 3 rg: 43 | total time: 2.73m | eta: 5.0m
2026-09-12 18:23:23,950 - nanochat.checkpoint_manager - INFO - Saved model parameters to: /root/.cache/nanochat/base_checkpoints/d8_R5_m0.01_s1/model_000800.pt
2026-09-12 18:23:23,954 - nanochat.checkpoint_manager - INFO - Saved metadata to: /root/.cache/nanochat/base_checkpoints/d8_R5_m0.01_s1/meta_000800.json
2026-09-12 18:23:24,845 - nanochat.checkpoint_manager - INFO - Saved optimizer state to: /root/.cache/nanochat/base_checkpoints/d8_R5_m0.01_s1/optim_000800_rank0.pt
Removed previous periodic checkpoint at step 000600
step 00800/01680 (47.62%) | loss: 5.707076 | lrm: 0.82 | lr(adamw:2.850e-01, muon:5.767e-03) | dt: 265.46ms | tok/sec: 987,524 | bf16_mfu: 28.58 | epoch: 1 pq: 4 rg: 58 | total time: 3.65m | eta: 4.1m
2026-09-12 18:24:20,515 - nanochat.checkpoint_manager - INFO - Saved model parameters to: /root/.cache/nanochat/base_checkpoints/d8_R5_m0.01_s1/model_001000.pt
2026-09-12 18:24:20,518 - nanochat.checkpoint_manager - INFO - Saved metadata to: /root/.cache/nanochat/base_checkpoints/d8_R5_m0.01_s1/meta_001000.json
2026-09-12 18:24:21,398 - nanochat.checkpoint_manager - INFO - Saved optimizer state to: /root/.cache/nanochat/base_checkpoints/d8_R5_m0.01_s1/optim_001000_rank0.pt
Removed previous periodic checkpoint at step 000800
step 01000/01680 (59.52%) | loss: 6.303119 | lrm: 0.64 | lr(adamw:2.242e-01, muon:4.537e-03) | dt: 304.75ms | tok/sec: 860,195 | bf16_mfu: 24.90 | epoch: 1 pq: 5 rg: 73 | total time: 4.57m | eta: 3.1m
2026-09-12 18:25:17,099 - nanochat.checkpoint_manager - INFO - Saved model parameters to: /root/.cache/nanochat/base_checkpoints/d8_R5_m0.01_s1/model_001200.pt
2026-09-12 18:25:17,101 - nanochat.checkpoint_manager - INFO - Saved metadata to: /root/.cache/nanochat/base_checkpoints/d8_R5_m0.01_s1/meta_001200.json
2026-09-12 18:25:17,993 - nanochat.checkpoint_manager - INFO - Saved optimizer state to: /root/.cache/nanochat/base_checkpoints/d8_R5_m0.01_s1/optim_001200_rank0.pt
Removed previous periodic checkpoint at step 001000
step 01200/01680 (71.43%) | loss: 5.667432 | lrm: 0.47 | lr(adamw:1.634e-01, muon:3.306e-03) | dt: 267.40ms | tok/sec: 980,326 | bf16_mfu: 28.38 | epoch: 1 pq: 7 rg: 4 | total time: 5.49m | eta: 2.2m
2026-09-12 18:26:14,071 - nanochat.checkpoint_manager - INFO - Saved model parameters to: /root/.cache/nanochat/base_checkpoints/d8_R5_m0.01_s1/model_001400.pt
2026-09-12 18:26:14,074 - nanochat.checkpoint_manager - INFO - Saved metadata to: /root/.cache/nanochat/base_checkpoints/d8_R5_m0.01_s1/meta_001400.json
2026-09-12 18:26:14,981 - nanochat.checkpoint_manager - INFO - Saved optimizer state to: /root/.cache/nanochat/base_checkpoints/d8_R5_m0.01_s1/optim_001400_rank0.pt
Removed previous periodic checkpoint at step 001200
step 01400/01680 (83.33%) | loss: 5.509662 | lrm: 0.29 | lr(adamw:1.026e-01, muon:2.076e-03) | dt: 337.06ms | tok/sec: 777,727 | bf16_mfu: 22.51 | epoch: 1 pq: 8 rg: 19 | total time: 6.42m | eta: 1.3m
2026-09-12 18:27:11,320 - nanochat.checkpoint_manager - INFO - Saved model parameters to: /root/.cache/nanochat/base_checkpoints/d8_R5_m0.01_s1/model_001600.pt
2026-09-12 18:27:11,322 - nanochat.checkpoint_manager - INFO - Saved metadata to: /root/.cache/nanochat/base_checkpoints/d8_R5_m0.01_s1/meta_001600.json
2026-09-12 18:27:12,236 - nanochat.checkpoint_manager - INFO - Saved optimizer state to: /root/.cache/nanochat/base_checkpoints/d8_R5_m0.01_s1/optim_001600_rank0.pt
Removed previous periodic checkpoint at step 001400
step 01600/01680 (95.24%) | loss: 5.475839 | lrm: 0.12 | lr(adamw:4.179e-02, muon:8.457e-04) | dt: 318.28ms | tok/sec: 823,627 | bf16_mfu: 23.84 | epoch: 1 pq: 9 rg: 34 | total time: 7.35m | eta: 0.4m
step 01679/01680 (99.94%) | loss: 5.368853 | lrm: 0.05 | lr(adamw:1.778e-02, muon:3.597e-04) | dt: 277.02ms | tok/sec: 946,315 | bf16_mfu: 27.39 | epoch: 1 pq: 9 rg: 72 | total time: 7.72m | eta: 0.0m
Step 01680 | Validation bpb: 1.632429 | val_loss: 5.353539
<|bos|>The capital of France is a major factor of the world of the world of the world. The most of
<|bos|>The chemical symbol of gold is a large of the earth. The earth is a small of the atmosphere. The
<|bos|>If yesterday was Friday, then tomorrow will be a good for the 19th century, 19th century, 19
<|bos|>The opposite of hot is a good thing. It is a great way to make a good place for the
<|bos|>The planets of the solar system are: 1.2.2.3.2.3.3.2
<|bos|>My favorite color is a good option for the most popular, and the color is the most popular choice
<|bos|>If 5*x + 3 = 13, then x is a 1.5. The 3.3. The 3.
2026-09-12 18:28:39,674 - nanochat.checkpoint_manager - INFO - Saved model parameters to: /root/.cache/nanochat/base_checkpoints/d8_R5_m0.01_s1/model_001680.pt
2026-09-12 18:28:39,677 - nanochat.checkpoint_manager - INFO - Saved metadata to: /root/.cache/nanochat/base_checkpoints/d8_R5_m0.01_s1/meta_001680.json
2026-09-12 18:28:40,555 - nanochat.checkpoint_manager - INFO - Saved optimizer state to: /root/.cache/nanochat/base_checkpoints/d8_R5_m0.01_s1/optim_001680_rank0.pt
step 01680/01680 (final) | loss: 5.368853 | early_stop: 0
Peak memory usage: 63809.13MiB
Total training time: 7.72m
Minimum validation bpb: 1.632429
Minimum validation loss (nats/byte): 5.353539
############ B01 done. results in out/b02_binary_lr ############
==== matrix_lr 0.005 ====
############ B01 depth=8 V=32768 tokens=440401920 seeds=1 ############
