============================================================
  C09: Monarch m1 sweep, V=131072, depth 8, d=512, M=1024
  m1 values: 32 128    device-batch 32 (same for every arm)
  target tokens 968884224
  out out/c09_monarch_m1
============================================================

--- MON_M1024_m1_32_s1  (depth 8, V=131072, device-batch 32) ---
Requested NPROC_PER_NODE=8, but only 1 GPU(s) visible. Capping.
Using NPROC_PER_NODE=1
NANOCHAT_SKIP_ENV_SETUP=0
===== GPU Info =====
Fri Sep  4 23:29:56 2026       
+-----------------------------------------------------------------------------------------+
| NVIDIA-SMI 580.95.05              Driver Version: 580.95.05      CUDA Version: 13.0     |
+-----------------------------------------+------------------------+----------------------+
| GPU  Name                 Persistence-M | Bus-Id          Disp.A | Volatile Uncorr. ECC |
| Fan  Temp   Perf          Pwr:Usage/Cap |           Memory-Usage | GPU-Util  Compute M. |
|                                         |                        |               MIG M. |
|=========================================+========================+======================|
|   0  NVIDIA H200                    On  |   00000000:C5:00.0 Off |                    0 |
| N/A   34C    P0             77W /  700W |       4MiB / 143771MiB |      0%      Default |
|                                         |                        |             Disabled |
+-----------------------------------------+------------------------+----------------------+

+-----------------------------------------------------------------------------------------+
| Processes:                                                                              |
|  GPU   GI   CI              PID   Type   Process name                        GPU Memory |
|        ID   ID                                                               Usage      |
|=========================================================================================|
|  No running processes found                                                             |
+-----------------------------------------------------------------------------------------+
Starting Research Sweep. Output directory: out/c09_monarch_m1/d8/MON_M1024_m1_32_s1
UV_SYSTEM_PYTHON=1: using system Python, skipping venv creation.
Validating system environment dependencies via uv...
Using Python 3.12.10 environment at: /usr/local
Resolved 159 packages in 534ms
   Building nanochat @ file:///__modal/volumes/vo-jaDveSbCVkG3mPlUhst9MZ
      Built nanochat @ file:///__modal/volumes/vo-jaDveSbCVkG3mPlUhst9MZ
Prepared 1 package in 1.48s
Uninstalled 1 package in 1ms
Installed 1 package in 1ms
 - nanochat==0.1.0 (from file:///root)
 + nanochat==0.1.0 (from file:///__modal/volumes/vo-jaDveSbCVkG3mPlUhst9MZ)
Reset report and wrote header to out/report/header.md
Dataset (up to 300 shards) already exists in data, skipping download.
Tokenizer already exists in tokenizer_131k, skipping training.
================================================================
Processing Depth: 8
================================================================
2026-09-04 23:30:16,925 - httpx - INFO - HTTP Request: HEAD https://huggingface.co/varunneal/flash-attention-3/resolve/main/kernel-status.toml "HTTP/1.1 404 Not Found"
2026-09-04 23:30:17,063 - httpx - INFO - HTTP Request: GET https://huggingface.co/api/models/varunneal/flash-attention-3/tree/main/build?recursive=false&expand=false "HTTP/1.1 200 OK"
2026-09-04 23:30:17,205 - httpx - INFO - HTTP Request: GET https://huggingface.co/api/models/varunneal/flash-attention-3/revision/main "HTTP/1.1 200 OK"
[sweep] Requested 8 DDP workers but only 1 GPU(s) available — using 1.
================================================================
Unfinished experiments found from a previous run:
  [base] ckpt_dir = /__modal/volumes/vo-jaDveSbCVkG3mPlUhst9MZ/out/c09_monarch_m1/d8/MON_M1024_m1_32_s1/depth_8/ckpt_base
These will be resumed from their last checkpoint.
================================================================
================================================================
Starting Sweep for Depth 8
Target Tokens: 968,884,224
================================================================
  Overriding default target_dim (128) with full model_dim 512

--- Training base ---

  ┌─────────────────────────────────────────────────────┐
  │  🆕  STARTING FRESH: [base]
  │     No checkpoints found — training from scratch.
  └─────────────────────────────────────────────────────┘

Running: /usr/local/bin/torchrun --standalone --nproc_per_node=1 -m scripts.base_train --depth 8 --aspect-ratio 64 --head-dim 128 --model-dim 512 --max-seq-len 2048 --device-batch-size 32 --total-batch-size 262144 --target-tokens 968884224 --eval-every -1 --log-every 200 --core-metric-every 0 --save-every 200 --warmup-ratio 0.005 --warmdown-ratio 0.65 --final-lr-frac 0.05 --adam-beta2 0.99 --research-warmup-ratio 0.05 --use-onecycle 0 --router-context-window -1 --remix-use-basis-gate 1 --remix-use-output-gate 1 --remix-use-context 1 --remix-basis-gate-mode mlp --remix-gate-lr-scale 0.3 --p22-n-templates 1 --p22-template-routing-learned 0 --p22-template-topk 0 --p22-attn-moe-route none --p26-output-gated-linear 0 --p28-shared-basis 0 --p28-chunk-routing-size 0 --p28-global-template-bank none --p28-attn-proj-templates 0 --p28-attn-qk-templates 0 --p31-chunk-route-impl compose --p31-top1-gate ones --p31-template-delta-rank 0 --p31-route-side output --p31-drop-basis-proj 0 --p31-basis-side-templates 0 --remix-template-block-diag 0 --remix-template-lr-scale 1.0 --p29-grad-equalize 0 --target-active-params 0 --compile-regional 0 --timing-probe-steps 0 --compile-mode default --remix-basis-gate-rank 8 --cclblock-modulation weight --cclblock-orth-lambda 0.0 --p35-template-diversity-lambda 0.0 --cclblock-context-stream local --cclblock-ema-factor 0.99 --cclblock-stale-ctx-lag 0 --cclblock-sparse-gate-k 0 --cclblock-gate-temperature 1.0 --cclblock-context-bank-size 0 --cclblock-per-head-ctx 0 --cclblock-context-source norm_x --cclblock-chunk-size 0 --cclblock-aux-objective none --cclblock-aux-lambda 0.1 --cclblock-boundary-token-id 198 --use-ral 0 --ral-rank 32 --p34-ffn-schedule  --p34-ffn-no-ffn-replacement none --p34-ffn-last-depth 1 --p36-swiglu-ffn 0 --p36-swiglu-mult 2.6666666666666665 --cond-sites both --p22-route-affine 0 --cond-rank 256 --cond-mult-steps 0 --cond-gate-source router --cond-coeff-act centered --cond-router-rank 0 --cond-router-act none --cond-live-init 0.0 --cond-chunk-size 0 --cond-mult-scale -1.0 --cond-mult-impl wy --cond-attn-projs qkvo --cond-layer-frac 1.0 --cclblock-film-gate 0 --cclblock-attn-shadow-dim 0 --cclblock-dynamic-ratio 0.25 --cclblock-gate-rank 8 --cclblock-num-regimes 8 --cclblock-regime-temperature 1.0 --cclblock-poly-order 2 --cclblock-lie-generators 4 --cclblock-grassmann-bank-size 4 --cclblock-tucker-rank 32 --cclblock-tucker-modes 8 --cclblock-svs-rank 64 --cclblock-svs-eps 0.1 --cclblock-vq-codes 8 --cclblock-vq-temperature 1.0 --cclblock-dcu-warmup-steps 0 --cclblock-fsi-rotations 8 --cclblock-fsi-selector-dim 64 --cclblock-aesp-strata 4 --cclblock-aesp-delta-rank 4 --cclblock-ckr-branches 4 --cclblock-ckr-kernel-size 64 --cclblock-ckr-pos-channels 1 --cclblock-ckr-dual-optim 0 --cclblock-ckr-content-bias 0.0 --cclblock-giad-rank 32 --cclblock-psg-kernel-size 64 --cclblock-ss-dynamic-ratio 0.25 --cclblock-ss-branches 2 --cclblock-ss-kernel-size 64 --cclblock-lokr-branches 8 --cclblock-lokr-rank 16 --cclblock-ckr-temp-start 2.0 --cclblock-ckr-temp-end 0.3 --cclblock-com-kernel-size 32 --cclblock-ckr-ortho-init 0 --cclblock-ckr-branch-dropout 0.0 --cclblock-ckr-diversity-lambda 0.0 --cclblock-pgr-kernel-size 64 --cclblock-cil-kernel-size 64 --cclblock-prb-kernel-size 64 --p18-layer-drop 0.0 --p18-dynamic-activation 0 --p18-mixture-norm 0 --p18-aux-sim-lambda 0.0 --p18-gradient-penalty 0.0 --p18-per-channel-scale 0 --p19-residual-gate 0 --p19-head-importance 0 --p19-residual-mix-groups 0 --p19-attn-logit-bias 0 --p19-residual-decay 0 --p19-grad-equilibrium 0.0 --p19-spectral-reparam 0 --p19-weight-anticollapse 0.0 --p19-ve-bias 0 --p19-weight-noise 0.0 --p20-hrcs-scale 0 --p20-lswr-scale 0 --p20-lswr-planes 8 --p20-lrcfb-branches 0 --p20-lrcfb-narrow 0 --p20-lrcfb-learned 0 --p20-lrcfb-topk 0 --p20-dgcr-branches 0 --p20-dgcr-aux-weight 0.01 --p20-mone-experts 0 --p20-mone-topk 0 --p20-mone-narrow 1 --p20-mone-frozen 0 --p20-ncea-branches 0 --p20-ncea-eps 0.1 --p20-adwi 0 --p20-pwu-branches 0 --p20-pwu-phase 1 --p20-fsvd-gate 0 --p20-wbfc-clusters 0 --p20-wbfc-active 0 --p21-per-experts 0 --p21-per-topk 0 --p21-per-learned 0 --p21-per-attn 0 --p23-tiny-expert 0 --p23-n-experts 64 --p23-topk 16 --p23-learned-route 0 --p23-std-moe-experts 0 --p23-std-moe-topk -1 --p23-std-moe-aux-weight 0.01 --p23-lokr 0 --p23-lokr-rank 4 --p23-use-shared-block-router 0 --p23-linear-moe-experts 0 --p23-linear-moe-topk 0 --p23-quantile-route 0 --seed 1 --p34-ffn-mult 4.0 --p34-ffn-single 0 --p34-dense-attn 0 --p24-use-sliced-weight 0 --p24-sliced-weight-reduction-scale 8 --p24-sliced-weight-min-select 128 --p24-sliced-weight-scope per_token --p24-sliced-weight-balance-coeff 0.01 --p24-quantile-route 0 --p24-use-folded-mod 0 --p24-folded-mod-reduction-scale 8 --p24-folded-mod-scope per_layer --p24-folded-mod-gate-act tanh_centered --p24-use-sequence-gated-linear 0 --p24-sequence-gated-scope per_layer --p24-sequence-gated-act tanh_centered --p24-folded-mod-min-dim 128 --remix-shared-context-gates 0 --remix-use-dual-gate 0 --remix-basis-scale-factor 4 --remix-output-gate-rank 16 --p24-use-sliced-weight 0 --p24-sliced-weight-reduction-scale 8 --p24-sliced-weight-min-select 128 --p24-sliced-weight-scope per_token --p24-sliced-weight-balance-coeff 0.01 --p24-quantile-route 0 --p24-use-folded-mod 0 --p24-folded-mod-reduction-scale 8 --p24-folded-mod-scope per_layer --p24-folded-mod-gate-act tanh_centered --p24-use-sequence-gated-linear 0 --p24-sequence-gated-scope per_layer --p24-sequence-gated-act tanh_centered --remix-disable-ln-basis 0 --dense-intermediate-ln 0 --use-mol 0 --mol-n-blocks 5 --mol-n-shared 1 --mol-topk 3 --mol-thin-dim 256 --mol-head-dim 64 --mol-ffn-mult 4.0 --mol-router-aux 0.05 --mol-routed-attn softmax --mol-dispatch 1 --mol-capacity-factor 1.0 --mol-block-lr-scale 1.0 --mol-per-block-ve 0 --use-mst 0 --mst-n-subs 8 --mst-sub-dim 64 --mst-head-dim 0 --mst-input-mode fixed_slice --mst-rotated-slice-learned 0 --mst-routing-mode soft_weighted --mst-routing-topk 4 --mst-routing-aux-weight 0.01 --mst-diversity-weight 0.0 --mst-ffn-mode standard --mst-transition-mode parallel --mst-final-mode aggregate_proj --mst-final-topk -1 --mst-ffn-shared-up 0 --mst-ffn-inner-dim 0 --mst-sub-dropout 0.0 --mst-transition-every 1 --mst-ffa-temperature 1.0 --mst-global-residual 0 --mst-hybrid-dense 0 --mst-cross-sub-kv 0 --mst-sub-aux-weight 0.0 --mst-progressive-merge 0 --mst-multi-scale-windows 0 --mst-delta-residual 0 --mst-sub-layers 1 --mst-grad-equalize 0 --mst-block-diagonal-muon 0 --mst-transition-width-mult 1.0 --mst-sub-lr-scale 1.0 --mst-shared-expert 0 --mst-router-entropy-weight 0.0 --mst-shared-kv-attn 0 --mst-contrastive-diversity-weight 0.0 --mst-transition-nonlinear 0 --mst-transition-gated 0 --mst-transition-mlp 0 --mst-cross-sub-gate 0 --mst-hyper-connect 0 --mst-cross-kv-inject 0 --mst-slice-transition 0 --mst-lookback-layers 0 --mst-bilinear-transition 0 --mst-cross-sub-qmod 0 --mst-feature-cycle 0 --mst-mean-transition 0 --mst-sub-head-dim 0 --mst-final-norm 0 --mst-per-stream-ve 0 --mst-ve-map 0 --mst-ve-map-rank 0 --mst-lm-head-dim 0 --mst-compose-windows 0 --mst-channel-mix none --mst-channel-mix-site layer --mst-distribute-block-muon 0 --mst-trans-spectral-lr 0 --mst-talking-heads 0 --mst-wo-mode block --mst-stream-topk 0 --mst-stream-shared 0 --mst-stream-router-aux 0.01 --mst-stream-router-noise 0.0 --mst-stream-dispatch 0 --mst-stream-capacity-factor 1.0 --mst-stream-gate-attn 0 --mst-ffn-monarch none --mst-shampoo 0 --mst-precond-every 10 --mst-shampoo-beta 0.95 --use-eet 0 --eet-frozen-kv 1 --eet-reenter-final 0 --eet-compute-skip 0 --eet-target-active-frac 0.125 --eet-capacity-schedule bell --eet-exit-fracs  --eet-router-type mlp2 --eet-router-hidden 0 --eet-freq-prior-alpha 0.0 --eet-pos-prior-beta 0.0 --eet-domain-prior 0 --eet-warmup-frac 0.02 --eet-explore-frac 0.15 --eet-reconstruct-lambda 1.0 --eet-efficiency-lambda-start 0.01 --eet-efficiency-lambda-end 0.1 --eet-translator-rank 0 --eet-max-frozen-kv-frac 0.75 --eet-exit-threshold 0.5 --eet-min-exit-layer 1 --eet-loss-variant reconstruct --eet-topk-vocab 512 --eet-entropy-lambda 0.3 --eet-surprise-lambda 0.1 --eet-adv-lambda 1.0 --eet-adv-entropy-lambda 0.2 --eet-quality-lambda 1.0 --eet-quality-entropy-bonus 0.1 --eet-gumbel-temp-start 0.0 --eet-gumbel-temp-end 0.1 --eet-gumbel-hard 1 --eet-commitment-beta 0.1 --eet-global-router 0 --eet-freq-efficiency-alpha 0.0 --eet-diversity-lambda 0.0 --eet-ce-guided-lambda 1.0 --eet-router-lr-mult 5.0 --eet-model-lr-mult 1.0 --eet-depth-weight-type none --eet-depth-weight-max 2.5 --eet-use-override 0 --eet-override-prob-start 0.5 --eet-override-prob-end 0.1 --eet-capacity-alignment-lambda 0.0 --eet-router-task-grad 1 --eet-reinforce-interval 0 --eet-reinforce-lambda 0.1 --eet-exit-adapter-rank 0 --eet-router-after-block 0 --eet-ffn-skip 0 --eet-ffn-target-frac 0.5 --eet-ffn-full-attn 1 --eet-depth-affine 0 --eet-capacity-anneal-frac 0.0 --eet-learned-schedule 0 --eet-departure-summary 0 --eet-route-consistency-lambda 0.0 --eet-dense-distill-interval 0 --eet-dense-distill-lambda 0.5 --eet-depth-lr-scale 0 --eet-depth-grad-scale 0 --eet-detach-aux-from-backbone 0 --eet-detach-exit-from-backbone 0 --use-code-head 1 --sch-head-type monarch --sch-bits 0 --sch-order 2 --sch-max-m 1024 --sch-phi-mode monomial --sch-code-mode binary --sch-code-path  --sch-code-ecc-bits 0 --sch-code-seed 1234 --sch-phi-density 0.0 --sch-phi-dtype fp32 --sch-phi-normalize 1 --sch-phi-center 0 --sch-g-type linear --sch-g-hidden 0 --sch-g-layers 2 --sch-g-out-std 0.001 --sch-mixture 1 --sch-residual-rank 0 --sch-logit-act none --sch-bias 1 --sch-input-mode table --sch-input-hidden 0 --sch-product-groups 8 --sch-product-codebook 256 --sch-product-source hash --sch-product-impl dense --sch-phi-whiten 0 --sch-mixture-per-phi 0 --sch-mixture-topk 0 --sch-mixture-aux 0.01 --sch-monarch-m1 32 --sch-holdout-tokens 0 --sch-holdout-seed 7 --sch-holdout-min-id 256 --sch-holdout-mode target --sch-decile-metrics 1 --sch-rank-probe 16384 --sch-eval-steps 100 --compile --tokenizer-dir tokenizer_131k --data-dir data --max-shards 300 --checkpoints-dir /__modal/volumes/vo-jaDveSbCVkG3mPlUhst9MZ/out/c09_monarch_m1/d8/MON_M1024_m1_32_s1/depth_8/ckpt_base --model-tag base
2026-09-04 23:30:25,758 - httpx - INFO - HTTP Request: HEAD https://huggingface.co/varunneal/flash-attention-3/resolve/main/kernel-status.toml "HTTP/1.1 404 Not Found"
2026-09-04 23:30:25,918 - httpx - INFO - HTTP Request: GET https://huggingface.co/api/models/varunneal/flash-attention-3/tree/main/build?recursive=false&expand=false "HTTP/1.1 200 OK"
2026-09-04 23:30:26,089 - httpx - INFO - HTTP Request: GET https://huggingface.co/api/models/varunneal/flash-attention-3/revision/main "HTTP/1.1 200 OK"

                                                       █████                █████
                                                      ░░███                ░░███
     ████████    ██████   ████████    ██████   ██████  ░███████    ██████  ███████
    ░░███░░███  ░░░░░███ ░░███░░███  ███░░███ ███░░███ ░███░░███  ░░░░░███░░░███░
     ░███ ░███   ███████  ░███ ░███ ░███ ░███░███ ░░░  ░███ ░███   ███████  ░███
     ░███ ░███  ███░░███  ░███ ░███ ░███ ░███░███  ███ ░███ ░███  ███░░███  ░███ ███
     ████ █████░░████████ ████ █████░░██████ ░░██████  ████ █████░░███████  ░░█████
    ░░░░ ░░░░░  ░░░░░░░░ ░░░░ ░░░░░  ░░░░░░   ░░░░░░  ░░░░ ░░░░░  ░░░░░░░░   ░░░░░
    
Autodetected device type: cuda
2026-09-04 23:30:27,929 - nanochat.common - INFO - Distributed world size: 1
GPU: NVIDIA H200 | Peak FLOPS (BF16): 9.89e+14
COMPUTE_DTYPE: torch.bfloat16 (auto-detected: CUDA SM 90 (bf16 supported))
✓ Using Flash Attention 3 (Hopper GPU detected) — efficient and fast.
Vocab size: 131,072
[SCH] head=monarch V=131072, M=1024, m1=32, m2=32, block_out=4096, rank_ceiling=513 | head params 4,849,664 | head FLOPs/token 28,573,696 | dense equivalent 402,653,184
Model config:
{
  "sequence_len": 2048,
  "vocab_size": 131072,
  "n_layer": 8,
  "n_head": 4,
  "n_kv_head": 4,
  "n_embd": 512,
  "use_moe": false,
  "use_perm": false,
  "moe_num_experts": 8,
  "moe_router_dim": 64,
  "moe_embed_dim": 64,
  "dropout": 0.0,
  "use_remix_linear": false,
  "remix_context_dim": 64,
  "remix_context_dim_ratio": 6,
  "remix_basis_size": 64,
  "remix_output_gate_rank": 16,
  "remixed_linear_kwargs": {
    "use_basis_gate": true,
    "use_output_gate": true,
    "use_context": true,
    "basis_gate_mode": "mlp",
    "sparse_gate_k": 0,
    "gate_temperature": 1.0,
    "basis_scale_factor": 4,
    "n_templates": 1,
    "template_routing_learned": false,
    "template_topk": 0,
    "tiny_expert": false,
    "tiny_expert_topk": 16,
    "lokr_expert": false,
    "lokr_n_experts": 64,
    "lokr_topk": 16,
    "lokr_rank": 4,
    "lokr_learned": false,
    "basis_gate_rank": 8,
    "disable_ln_basis": false,
    "chunk_route_impl": "compose",
    "top1_gate": "ones",
    "template_delta_rank": 0,
    "route_side": "output",
    "drop_basis_proj": false,
    "basis_side_templates": 0,
    "grad_equalize": false,
    "output_gate_rank": 16,
    "operator_modulation": "none",
    "lie_generators": 4,
    "poly_order": 2,
    "grassmann_bank_size": 4
  },
  "use_pos_embed": false,
  "moe_use_abs_pos_embed": false,
  "use_layer_context": true,
  "scale_basis_size": true,
  "remix_use_dual_gate": false,
  "remix_use_fused": false,
  "p26_output_gated_linear": 0,
  "p28_shared_basis": 0,
  "p28_chunk_routing_size": 0,
  "p28_global_template_bank": "none",
  "p28_attn_proj_templates": 0,
  "p28_attn_qk_templates": 0,
  "p29_template_block_diag": 0,
  "p29_template_lr_scale": 1.0,
  "p29_grad_equalize": 0,
  "p34_ffn_mult": 4.0,
  "p34_ffn_single": 0,
  "p34_dense_attn": 0,
  "legacy_init_fallback": 0,
  "p35_template_diversity_lambda": 0.0,
  "p22_route_affine": 0,
  "p34_ffn_schedule": "",
  "p34_ffn_no_ffn_replacement": "none",
  "p34_ffn_last_depth": 1,
  "p36_swiglu_ffn": 0,
  "p36_swiglu_mult": 2.6666666666666665,
  "cond_sites": "both",
  "cond_rank": 256,
  "cond_mult_steps": 0,
  "cond_gate_source": "router",
  "cond_coeff_act": "centered",
  "cond_router_rank": 0,
  "cond_live_init": 0.0,
  "cond_router_act": "none",
  "cond_chunk_size": 0,
  "cond_mult_scale": -1.0,
  "cond_mult_impl": "wy",
  "cond_attn_projs": "qkvo",
  "cond_layer_frac": 1.0,
  "perm_expert_mode": "low_rank",
  "perm_rank": 16,
  "router_context_window": -1,
  "router_causal": true,
  "router_num_heads": 4,
  "router_num_queries": 16,
  "router_n_layers": 2,
  "router_use_vocab_prior": false,
  "window_pattern": "SSSL",
  "cclblock_modulation": "weight",
  "cclblock_orth_lambda": 0.0,
  "cclblock_context_stream": "local",
  "cclblock_ema_factor": 0.99,
  "cclblock_stale_ctx_lag": 0,
  "cclblock_sparse_gate_k": 0,
  "cclblock_gate_temperature": 1.0,
  "cclblock_context_bank_size": 0,
  "cclblock_per_head_ctx": false,
  "cclblock_context_source": "norm_x",
  "cclblock_chunk_size": 0,
  "cclblock_aux_objective": "none",
  "cclblock_aux_lambda": 0.1,
  "cclblock_boundary_token_id": 198,
  "use_ral": false,
  "ral_rank": 32,
  "cclblock_film_gate": false,
  "cclblock_attn_shadow_dim": 0,
  "cclblock_dynamic_ratio": 0.25,
  "cclblock_gate_rank": 8,
  "cclblock_num_regimes": 8,
  "cclblock_regime_temperature": 1.0,
  "cclblock_poly_order": 2,
  "cclblock_lie_generators": 4,
  "cclblock_grassmann_bank_size": 4,
  "cclblock_tucker_rank": 32,
  "cclblock_tucker_modes": 8,
  "cclblock_svs_rank": 64,
  "cclblock_svs_eps": 0.1,
  "cclblock_vq_codes": 8,
  "cclblock_vq_temperature": 1.0,
  "cclblock_dcu_warmup_steps": 0,
  "cclblock_fsi_rotations": 8,
  "cclblock_fsi_selector_dim": 64,
  "cclblock_aesp_strata": 4,
  "cclblock_aesp_delta_rank": 4,
  "cclblock_ckr_branches": 4,
  "cclblock_ckr_kernel_size": 64,
  "cclblock_ckr_pos_channels": 1,
  "cclblock_ckr_dual_optim": 0,
  "cclblock_ckr_content_bias": 0.0,
  "cclblock_giad_rank": 32,
  "cclblock_psg_kernel_size": 64,
  "cclblock_ss_dynamic_ratio": 0.25,
  "cclblock_ss_branches": 2,
  "cclblock_ss_kernel_size": 64,
  "cclblock_lokr_branches": 8,
  "cclblock_lokr_rank": 16,
  "cclblock_ckr_temp_start": 2.0,
  "cclblock_ckr_temp_end": 0.3,
  "cclblock_com_kernel_size": 32,
  "cclblock_ckr_ortho_init": 0,
  "cclblock_ckr_branch_dropout": 0.0,
  "cclblock_ckr_diversity_lambda": 0.0,
  "cclblock_ckr_layer_selective": 0,
  "cclblock_pgr_kernel_size": 64,
  "cclblock_cil_kernel_size": 64,
  "cclblock_prb_kernel_size": 64,
  "p18_layer_drop": 0.0,
  "p18_dynamic_activation": 0,
  "p18_mixture_norm": 0,
  "p18_causal_attn_bias": 0,
  "p18_aux_sim_lambda": 0.0,
  "p18_gradient_penalty": 0.0,
  "p18_per_channel_scale": 0,
  "p19_residual_gate": 0,
  "p19_head_importance": 0,
  "p19_residual_mix_groups": 0,
  "p19_attn_logit_bias": 0,
  "p19_residual_decay": 0,
  "p19_grad_equilibrium": 0.0,
  "p19_spectral_reparam": 0,
  "p19_weight_anticollapse": 0.0,
  "p19_ve_bias": 0,
  "p19_weight_noise": 0.0,
  "p20_hrcs_scale": 0,
  "p20_lswr_scale": 0,
  "p20_lswr_planes": 8,
  "p20_lrcfb_branches": 0,
  "p20_lrcfb_narrow": 0,
  "p20_lrcfb_learned": 0,
  "p20_lrcfb_topk": 0,
  "p20_dgcr_branches": 0,
  "p20_dgcr_aux_weight": 0.01,
  "p20_mone_experts": 0,
  "p20_mone_topk": 0,
  "p20_mone_narrow": 1,
  "p20_mone_frozen": 0,
  "p20_ncea_branches": 0,
  "p20_ncea_eps": 0.1,
  "p20_adwi": 0,
  "p20_pwu_branches": 0,
  "p20_pwu_phase": 1,
  "p20_fsvd_gate": 0,
  "p20_wbfc_clusters": 0,
  "p20_wbfc_active": 0,
  "p21_per_experts": 0,
  "p21_per_topk": 0,
  "p21_per_learned": 0,
  "p21_per_attn": 0,
  "p22_attn_moe_route": "none",
  "p23_tiny_expert": 0,
  "p23_n_experts": 64,
  "p23_topk": 16,
  "p23_learned_route": 0,
  "p23_std_moe_experts": 0,
  "p23_std_moe_topk": -1,
  "p23_std_moe_aux_weight": 0.01,
  "p23_lokr": 0,
  "p23_lokr_rank": 4,
  "p23_use_shared_block_router": 0,
  "p23_linear_moe_experts": 0,
  "p23_linear_moe_topk": 0,
  "p23_quantile_route": 0,
  "remix_shared_context_gates": 0,
  "p24_use_sliced_weight": 0,
  "p24_sliced_weight_reduction_scale": 8,
  "p24_sliced_weight_min_select": 128,
  "p24_sliced_weight_scope": "per_token",
  "p24_sliced_weight_balance_coeff": 0.01,
  "p24_quantile_route": 0,
  "p24_use_folded_mod": 0,
  "p24_folded_mod_reduction_scale": 8,
  "p24_folded_mod_min_dim": 128,
  "p24_folded_mod_scope": "per_layer",
  "p24_folded_mod_gate_act": "tanh_centered",
  "p24_use_sequence_gated_linear": 0,
  "p24_sequence_gated_scope": "per_layer",
  "p24_sequence_gated_act": "tanh_centered",
  "remix_disable_ln_basis": 0,
  "dense_intermediate_ln": 0,
  "use_mol": false,
  "mol_n_blocks": 5,
  "mol_n_shared": 1,
  "mol_topk": 3,
  "mol_thin_dim": 256,
  "mol_head_dim": 64,
  "mol_ffn_mult": 4.0,
  "mol_router_aux": 0.05,
  "mol_routed_attn": "softmax",
  "mol_dispatch": 1,
  "mol_capacity_factor": 1.0,
  "mol_block_lr_scale": 1.0,
  "mol_per_block_ve": 0,
  "use_mst": false,
  "mst_n_subs": 8,
  "mst_sub_dim": 64,
  "mst_head_dim": 0,
  "mst_input_mode": "fixed_slice",
  "mst_rotated_slice_learned": false,
  "mst_routing_mode": "soft_weighted",
  "mst_routing_topk": 4,
  "mst_routing_aux_weight": 0.01,
  "mst_diversity_weight": 0.0,
  "mst_ffn_mode": "standard",
  "mst_transition_mode": "parallel",
  "mst_final_mode": "aggregate_proj",
  "mst_final_topk": -1,
  "mst_ffn_shared_up": 0,
  "mst_ffn_inner_dim": 0,
  "mst_sub_dropout": 0.0,
  "mst_transition_every": 1,
  "mst_ffa_temperature": 1.0,
  "mst_global_residual": 0,
  "mst_hybrid_dense": 0,
  "mst_cross_sub_kv": 0,
  "mst_sub_aux_weight": 0.0,
  "mst_progressive_merge": 0,
  "mst_multi_scale_windows": 0,
  "mst_delta_residual": 0,
  "mst_sub_layers": 1,
  "mst_grad_equalize": 0,
  "mst_block_diagonal_muon": 0,
  "mst_transition_width_mult": 1.0,
  "mst_sub_lr_scale": 1.0,
  "mst_shared_expert": 0,
  "mst_router_entropy_weight": 0.0,
  "mst_shared_kv_attn": 0,
  "mst_contrastive_diversity_weight": 0.0,
  "mst_transition_nonlinear": 0,
  "mst_transition_gated": 0,
  "mst_transition_mlp": 0,
  "mst_cross_sub_gate": 0,
  "mst_hyper_connect": 0,
  "mst_cross_kv_inject": 0,
  "mst_slice_transition": 0,
  "mst_lookback_layers": 0,
  "mst_bilinear_transition": 0,
  "mst_cross_sub_qmod": 0,
  "mst_feature_cycle": 0,
  "mst_mean_transition": 0,
  "mst_sub_head_dim": 0,
  "mst_final_norm": 0,
  "mst_per_stream_ve": 0,
  "mst_ve_map": 0,
  "mst_ve_map_rank": 0,
  "mst_lm_head_dim": 0,
  "mst_compose_windows": 0,
  "mst_channel_mix": "none",
  "mst_channel_mix_site": "layer",
  "mst_distribute_block_muon": 0,
  "mst_trans_spectral_lr": 0,
  "mst_talking_heads": 0,
  "mst_wo_mode": "block",
  "mst_stream_topk": 0,
  "mst_stream_shared": 0,
  "mst_stream_router_aux": 0.01,
  "mst_stream_router_noise": 0.0,
  "mst_stream_dispatch": 0,
  "mst_stream_capacity_factor": 1.0,
  "mst_stream_gate_attn": 0,
  "mst_ffn_monarch": "none",
  "mst_shampoo": 0,
  "mst_precond_every": 10,
  "mst_shampoo_beta": 0.95,
  "use_eet": false,
  "eet_frozen_kv": true,
  "eet_reenter_final": false,
  "eet_router_type": "mlp2",
  "eet_router_hidden": 0,
  "eet_freq_prior_alpha": 0.0,
  "eet_pos_prior_beta": 0.0,
  "eet_domain_prior": false,
  "eet_warmup_frac": 0.02,
  "eet_explore_frac": 0.15,
  "eet_reconstruct_lambda": 1.0,
  "eet_efficiency_lambda_start": 0.01,
  "eet_efficiency_lambda_end": 0.1,
  "eet_translator_rank": 0,
  "eet_max_frozen_kv_frac": 0.75,
  "eet_exit_threshold": 0.5,
  "eet_min_exit_layer": 1,
  "eet_loss_variant": "reconstruct",
  "eet_topk_vocab": 512,
  "eet_entropy_lambda": 0.3,
  "eet_surprise_lambda": 0.1,
  "eet_adv_lambda": 1.0,
  "eet_adv_entropy_lambda": 0.2,
  "eet_quality_lambda": 1.0,
  "eet_quality_entropy_bonus": 0.1,
  "eet_gumbel_temp_start": 0.0,
  "eet_gumbel_temp_end": 0.1,
  "eet_gumbel_hard": true,
  "eet_commitment_beta": 0.1,
  "eet_global_router": false,
  "eet_freq_efficiency_alpha": 0.0,
  "eet_diversity_lambda": 0.0,
  "eet_ce_guided_lambda": 1.0,
  "eet_router_lr_mult": 5.0,
  "eet_model_lr_mult": 1.0,
  "eet_depth_weight_type": "none",
  "eet_depth_weight_max": 2.5,
  "eet_use_override": 0,
  "eet_override_prob_start": 0.5,
  "eet_override_prob_end": 0.1,
  "eet_compute_skip": false,
  "eet_target_active_frac": 0.125,
  "eet_capacity_schedule": "bell",
  "eet_exit_fracs": null,
  "eet_capacity_alignment_lambda": 0.0,
  "eet_router_task_grad": true,
  "eet_reinforce_interval": 0,
  "eet_reinforce_lambda": 0.1,
  "eet_exit_adapter_rank": 0,
  "eet_router_after_block": 0,
  "eet_ffn_skip": false,
  "eet_ffn_target_frac": 0.5,
  "eet_ffn_full_attn": true,
  "eet_depth_affine": false,
  "eet_capacity_anneal_frac": 0.0,
  "eet_learned_schedule": false,
  "eet_departure_summary": false,
  "eet_route_consistency_lambda": 0.0,
  "eet_dense_distill_interval": 0,
  "eet_dense_distill_lambda": 0.5,
  "eet_depth_lr_scale": false,
  "eet_depth_grad_scale": false,
  "eet_detach_aux_from_backbone": false,
  "eet_detach_exit_from_backbone": false,
  "use_code_head": true,
  "sch_head_type": "monarch",
  "sch_bits": 0,
  "sch_order": 2,
  "sch_max_m": 1024,
  "sch_phi_mode": "monomial",
  "sch_code_mode": "binary",
  "sch_code_path": "",
  "sch_code_ecc_bits": 0,
  "sch_code_seed": 1234,
  "sch_phi_density": 0.0,
  "sch_phi_dtype": "fp32",
  "sch_phi_normalize": 1,
  "sch_phi_center": 0,
  "sch_g_type": "linear",
  "sch_g_hidden": 0,
  "sch_g_layers": 2,
  "sch_g_out_std": 0.001,
  "sch_mixture": 1,
  "sch_residual_rank": 0,
  "sch_logit_act": "none",
  "sch_bias": 1,
  "sch_input_mode": "table",
  "sch_input_hidden": 0,
  "sch_product_groups": 8,
  "sch_product_codebook": 256,
  "sch_product_source": "hash",
  "sch_product_impl": "dense",
  "sch_phi_whiten": 0,
  "sch_mixture_per_phi": 0,
  "sch_mixture_topk": 0,
  "sch_mixture_aux": 0.01,
  "sch_monarch_m1": 32
}
Seeded weight init with --seed 1
Checkpoints directory: /__modal/volumes/vo-jaDveSbCVkG3mPlUhst9MZ/out/c09_monarch_m1/d8/MON_M1024_m1_32_s1/depth_8/ckpt_base/base
✓ Wrapping model with DistributedDataParallel (rank 0, find_unused_parameters=False, broadcast_buffers=False)
Parameter counts:
wte                     : 67,108,864
wpe                     : 0
value_embeds            : 268,435,456
lm_head                 : 4,849,664
transformer_matrices    : 25,166,336
research                : 0
scalars                 : 16
total                   : 365,560,336
Estimated FLOPs per token (total):  2.141747e+08
Estimated FLOPs per token (active): 2.141747e+08
Estimated active params:            365,560,336
[SCH] head=monarch V=131072, M=1024, m1=32, m2=32, block_out=4096, rank_ceiling=513 | head params 4,849,664 | head FLOPs/token 28,573,696 | dense equivalent 402,653,184
Scaling LRs by 0.7071 for batch size 262,144 (reference: 524,288)
Scaling weight decay from 0.200000 to 0.065288 for depth 8
Scaling the LR for the AdamW parameters ∝1/√(512/768) = 1.224745
Calculated number of iterations from target data:param ratio: 3,696
Total number of training tokens: 968,884,224
Tokens : Scaling params ratio: 32.28
Total training FLOPs estimate: 2.075105e+17
Total training FLOPs (active):  2.075105e+17
Total active training FLOPs estimate: 2.075105e+17
Using base scheduler: linear warmup/flat/linear warmdown
Tokens / micro-batch / rank: 32 x 2048 = 65,536
Tokens / micro-batch: 65,536
Total batch size 262,144 => gradient accumulation steps: 4
Running pre-compilation warmup (1 dummy forward+backward to init lazy allocations)...
[rank0]:W0904 23:30:28.832000 516 site-packages/torch/_logging/_internal.py:1199] [0/0] Profiler function <class 'torch.autograd.profiler.record_function'> will be ignored
Warmup complete. Steady-state VRAM: 4.4 GB allocated
step 00000/03696 (0.00%) | loss: 11.780063 | lrm: 0.06 | lr(adamw:2.262e-02, muon:7.857e-04) | dt: 570.26ms | tok/sec: 459,695 | bf16_mfu: 9.96 | epoch: 1 pq: 0 rg: 1 | total time: 0.00m
2026-09-04 23:32:38,053 - nanochat.checkpoint_manager - INFO - Saved model parameters to: /__modal/volumes/vo-jaDveSbCVkG3mPlUhst9MZ/out/c09_monarch_m1/d8/MON_M1024_m1_32_s1/depth_8/ckpt_base/base/model_000200.pt
2026-09-04 23:32:38,057 - nanochat.checkpoint_manager - INFO - Saved metadata to: /__modal/volumes/vo-jaDveSbCVkG3mPlUhst9MZ/out/c09_monarch_m1/d8/MON_M1024_m1_32_s1/depth_8/ckpt_base/base/meta_000200.json
2026-09-04 23:32:41,048 - nanochat.checkpoint_manager - INFO - Saved optimizer state to: /__modal/volumes/vo-jaDveSbCVkG3mPlUhst9MZ/out/c09_monarch_m1/d8/MON_M1024_m1_32_s1/depth_8/ckpt_base/base/optim_000200_rank0.pt
step 00200/03696 (5.41%) | loss: 4.741123 | lrm: 1.00 | lr(adamw:4.071e-01, muon:1.414e-02) | dt: 393.64ms | tok/sec: 665,944 | bf16_mfu: 14.42 | epoch: 1 pq: 1 rg: 21 | total time: 1.28m | eta: 23.5m
2026-09-04 23:34:03,645 - nanochat.checkpoint_manager - INFO - Saved model parameters to: /__modal/volumes/vo-jaDveSbCVkG3mPlUhst9MZ/out/c09_monarch_m1/d8/MON_M1024_m1_32_s1/depth_8/ckpt_base/base/model_000400.pt
2026-09-04 23:34:03,650 - nanochat.checkpoint_manager - INFO - Saved metadata to: /__modal/volumes/vo-jaDveSbCVkG3mPlUhst9MZ/out/c09_monarch_m1/d8/MON_M1024_m1_32_s1/depth_8/ckpt_base/base/meta_000400.json
2026-09-04 23:34:06,968 - nanochat.checkpoint_manager - INFO - Saved optimizer state to: /__modal/volumes/vo-jaDveSbCVkG3mPlUhst9MZ/out/c09_monarch_m1/d8/MON_M1024_m1_32_s1/depth_8/ckpt_base/base/optim_000400_rank0.pt
Removed previous periodic checkpoint at step 000200
step 00400/03696 (10.82%) | loss: 4.264813 | lrm: 1.00 | lr(adamw:4.071e-01, muon:1.414e-02) | dt: 395.87ms | tok/sec: 662,196 | bf16_mfu: 14.34 | epoch: 1 pq: 2 rg: 39 | total time: 2.63m | eta: 22.2m
2026-09-04 23:35:30,289 - nanochat.checkpoint_manager - INFO - Saved model parameters to: /__modal/volumes/vo-jaDveSbCVkG3mPlUhst9MZ/out/c09_monarch_m1/d8/MON_M1024_m1_32_s1/depth_8/ckpt_base/base/model_000600.pt
2026-09-04 23:35:30,293 - nanochat.checkpoint_manager - INFO - Saved metadata to: /__modal/volumes/vo-jaDveSbCVkG3mPlUhst9MZ/out/c09_monarch_m1/d8/MON_M1024_m1_32_s1/depth_8/ckpt_base/base/meta_000600.json
2026-09-04 23:35:33,469 - nanochat.checkpoint_manager - INFO - Saved optimizer state to: /__modal/volumes/vo-jaDveSbCVkG3mPlUhst9MZ/out/c09_monarch_m1/d8/MON_M1024_m1_32_s1/depth_8/ckpt_base/base/optim_000600_rank0.pt
Removed previous periodic checkpoint at step 000400
step 00600/03696 (16.23%) | loss: 4.091144 | lrm: 1.00 | lr(adamw:4.071e-01, muon:1.414e-02) | dt: 399.06ms | tok/sec: 656,896 | bf16_mfu: 14.23 | epoch: 1 pq: 3 rg: 58 | total time: 3.99m | eta: 20.9m
2026-09-04 23:36:58,037 - nanochat.checkpoint_manager - INFO - Saved model parameters to: /__modal/volumes/vo-jaDveSbCVkG3mPlUhst9MZ/out/c09_monarch_m1/d8/MON_M1024_m1_32_s1/depth_8/ckpt_base/base/model_000800.pt
2026-09-04 23:36:58,042 - nanochat.checkpoint_manager - INFO - Saved metadata to: /__modal/volumes/vo-jaDveSbCVkG3mPlUhst9MZ/out/c09_monarch_m1/d8/MON_M1024_m1_32_s1/depth_8/ckpt_base/base/meta_000800.json
2026-09-04 23:37:01,485 - nanochat.checkpoint_manager - INFO - Saved optimizer state to: /__modal/volumes/vo-jaDveSbCVkG3mPlUhst9MZ/out/c09_monarch_m1/d8/MON_M1024_m1_32_s1/depth_8/ckpt_base/base/optim_000800_rank0.pt
Removed previous periodic checkpoint at step 000600
step 00800/03696 (21.65%) | loss: 4.040924 | lrm: 1.00 | lr(adamw:4.071e-01, muon:1.414e-02) | dt: 402.00ms | tok/sec: 652,101 | bf16_mfu: 14.12 | epoch: 1 pq: 4 rg: 78 | total time: 5.37m | eta: 19.7m
2026-09-04 23:38:26,556 - nanochat.checkpoint_manager - INFO - Saved model parameters to: /__modal/volumes/vo-jaDveSbCVkG3mPlUhst9MZ/out/c09_monarch_m1/d8/MON_M1024_m1_32_s1/depth_8/ckpt_base/base/model_001000.pt
2026-09-04 23:38:26,560 - nanochat.checkpoint_manager - INFO - Saved metadata to: /__modal/volumes/vo-jaDveSbCVkG3mPlUhst9MZ/out/c09_monarch_m1/d8/MON_M1024_m1_32_s1/depth_8/ckpt_base/base/meta_001000.json
2026-09-04 23:38:29,941 - nanochat.checkpoint_manager - INFO - Saved optimizer state to: /__modal/volumes/vo-jaDveSbCVkG3mPlUhst9MZ/out/c09_monarch_m1/d8/MON_M1024_m1_32_s1/depth_8/ckpt_base/base/optim_001000_rank0.pt
Removed previous periodic checkpoint at step 000800
step 01000/03696 (27.06%) | loss: 3.935583 | lrm: 1.00 | lr(adamw:4.071e-01, muon:1.414e-02) | dt: 406.20ms | tok/sec: 645,349 | bf16_mfu: 13.98 | epoch: 1 pq: 6 rg: 15 | total time: 6.76m | eta: 18.4m
2026-09-04 23:39:55,409 - nanochat.checkpoint_manager - INFO - Saved model parameters to: /__modal/volumes/vo-jaDveSbCVkG3mPlUhst9MZ/out/c09_monarch_m1/d8/MON_M1024_m1_32_s1/depth_8/ckpt_base/base/model_001200.pt
2026-09-04 23:39:55,414 - nanochat.checkpoint_manager - INFO - Saved metadata to: /__modal/volumes/vo-jaDveSbCVkG3mPlUhst9MZ/out/c09_monarch_m1/d8/MON_M1024_m1_32_s1/depth_8/ckpt_base/base/meta_001200.json
2026-09-04 23:39:58,670 - nanochat.checkpoint_manager - INFO - Saved optimizer state to: /__modal/volumes/vo-jaDveSbCVkG3mPlUhst9MZ/out/c09_monarch_m1/d8/MON_M1024_m1_32_s1/depth_8/ckpt_base/base/optim_001200_rank0.pt
Removed previous periodic checkpoint at step 001000
step 01200/03696 (32.47%) | loss: 3.861690 | lrm: 1.00 | lr(adamw:4.071e-01, muon:1.414e-02) | dt: 405.25ms | tok/sec: 646,872 | bf16_mfu: 14.01 | epoch: 1 pq: 7 rg: 34 | total time: 8.16m | eta: 17.1m
2026-09-04 23:41:24,055 - nanochat.checkpoint_manager - INFO - Saved model parameters to: /__modal/volumes/vo-jaDveSbCVkG3mPlUhst9MZ/out/c09_monarch_m1/d8/MON_M1024_m1_32_s1/depth_8/ckpt_base/base/model_001400.pt
2026-09-04 23:41:24,059 - nanochat.checkpoint_manager - INFO - Saved metadata to: /__modal/volumes/vo-jaDveSbCVkG3mPlUhst9MZ/out/c09_monarch_m1/d8/MON_M1024_m1_32_s1/depth_8/ckpt_base/base/meta_001400.json
2026-09-04 23:41:27,227 - nanochat.checkpoint_manager - INFO - Saved optimizer state to: /__modal/volumes/vo-jaDveSbCVkG3mPlUhst9MZ/out/c09_monarch_m1/d8/MON_M1024_m1_32_s1/depth_8/ckpt_base/base/optim_001400_rank0.pt
Removed previous periodic checkpoint at step 001200
step 01400/03696 (37.88%) | loss: 3.839252 | lrm: 0.96 | lr(adamw:3.900e-01, muon:1.355e-02) | dt: 405.41ms | tok/sec: 646,609 | bf16_mfu: 14.00 | epoch: 1 pq: 8 rg: 54 | total time: 9.55m | eta: 15.8m
2026-09-04 23:42:52,866 - nanochat.checkpoint_manager - INFO - Saved model parameters to: /__modal/volumes/vo-jaDveSbCVkG3mPlUhst9MZ/out/c09_monarch_m1/d8/MON_M1024_m1_32_s1/depth_8/ckpt_base/base/model_001600.pt
2026-09-04 23:42:52,871 - nanochat.checkpoint_manager - INFO - Saved metadata to: /__modal/volumes/vo-jaDveSbCVkG3mPlUhst9MZ/out/c09_monarch_m1/d8/MON_M1024_m1_32_s1/depth_8/ckpt_base/base/meta_001600.json
2026-09-04 23:42:56,364 - nanochat.checkpoint_manager - INFO - Saved optimizer state to: /__modal/volumes/vo-jaDveSbCVkG3mPlUhst9MZ/out/c09_monarch_m1/d8/MON_M1024_m1_32_s1/depth_8/ckpt_base/base/optim_001600_rank0.pt
Removed previous periodic checkpoint at step 001400
step 01600/03696 (43.29%) | loss: 3.790460 | lrm: 0.88 | lr(adamw:3.578e-01, muon:1.243e-02) | dt: 408.45ms | tok/sec: 641,797 | bf16_mfu: 13.90 | epoch: 1 pq: 9 rg: 74 | total time: 10.95m | eta: 14.4m
2026-09-04 23:44:22,200 - nanochat.checkpoint_manager - INFO - Saved model parameters to: /__modal/volumes/vo-jaDveSbCVkG3mPlUhst9MZ/out/c09_monarch_m1/d8/MON_M1024_m1_32_s1/depth_8/ckpt_base/base/model_001800.pt
2026-09-04 23:44:22,204 - nanochat.checkpoint_manager - INFO - Saved metadata to: /__modal/volumes/vo-jaDveSbCVkG3mPlUhst9MZ/out/c09_monarch_m1/d8/MON_M1024_m1_32_s1/depth_8/ckpt_base/base/meta_001800.json
2026-09-04 23:44:25,463 - nanochat.checkpoint_manager - INFO - Saved optimizer state to: /__modal/volumes/vo-jaDveSbCVkG3mPlUhst9MZ/out/c09_monarch_m1/d8/MON_M1024_m1_32_s1/depth_8/ckpt_base/base/optim_001800_rank0.pt
Removed previous periodic checkpoint at step 001600
step 01800/03696 (48.70%) | loss: 3.767639 | lrm: 0.80 | lr(adamw:3.256e-01, muon:1.131e-02) | dt: 409.31ms | tok/sec: 640,450 | bf16_mfu: 13.87 | epoch: 1 pq: 11 rg: 10 | total time: 12.36m | eta: 13.1m
<|bos|>The capital of France is the capital of the French capital, which is the capital of the French capital.
<|bos|>The chemical symbol of gold is gold. It is a symbol of wealth and wealth. It is also a symbol
<|bos|>If yesterday was Friday, then tomorrow will be Saturday. I'm not sure I'm going to be the first to say that
<|bos|>The opposite of hot is the cold. It is a cold, but it is not a cold. It
<|bos|>The planets of the solar system are: 1. Solar system 2. Solar system 3. Solar system 
<|bos|>My favorite color is the red or blue color. It's a good color for a lot of things
<|bos|>If 5*x + 3 = 13, then x is 5 = 13. Then 5 = 13. Then 5
2026-09-04 23:45:52,523 - nanochat.checkpoint_manager - INFO - Saved model parameters to: /__modal/volumes/vo-jaDveSbCVkG3mPlUhst9MZ/out/c09_monarch_m1/d8/MON_M1024_m1_32_s1/depth_8/ckpt_base/base/model_002000.pt
2026-09-04 23:45:52,528 - nanochat.checkpoint_manager - INFO - Saved metadata to: /__modal/volumes/vo-jaDveSbCVkG3mPlUhst9MZ/out/c09_monarch_m1/d8/MON_M1024_m1_32_s1/depth_8/ckpt_base/base/meta_002000.json
2026-09-04 23:45:55,630 - nanochat.checkpoint_manager - INFO - Saved optimizer state to: /__modal/volumes/vo-jaDveSbCVkG3mPlUhst9MZ/out/c09_monarch_m1/d8/MON_M1024_m1_32_s1/depth_8/ckpt_base/base/optim_002000_rank0.pt
Removed previous periodic checkpoint at step 001800
step 02000/03696 (54.11%) | loss: 3.728586 | lrm: 0.72 | lr(adamw:2.934e-01, muon:1.019e-02) | dt: 407.85ms | tok/sec: 642,744 | bf16_mfu: 13.92 | epoch: 1 pq: 12 rg: 30 | total time: 13.77m | eta: 11.7m
2026-09-04 23:47:21,545 - nanochat.checkpoint_manager - INFO - Saved model parameters to: /__modal/volumes/vo-jaDveSbCVkG3mPlUhst9MZ/out/c09_monarch_m1/d8/MON_M1024_m1_32_s1/depth_8/ckpt_base/base/model_002200.pt
2026-09-04 23:47:21,549 - nanochat.checkpoint_manager - INFO - Saved metadata to: /__modal/volumes/vo-jaDveSbCVkG3mPlUhst9MZ/out/c09_monarch_m1/d8/MON_M1024_m1_32_s1/depth_8/ckpt_base/base/meta_002200.json
2026-09-04 23:47:24,890 - nanochat.checkpoint_manager - INFO - Saved optimizer state to: /__modal/volumes/vo-jaDveSbCVkG3mPlUhst9MZ/out/c09_monarch_m1/d8/MON_M1024_m1_32_s1/depth_8/ckpt_base/base/optim_002200_rank0.pt
Removed previous periodic checkpoint at step 002000
step 02200/03696 (59.52%) | loss: 3.706279 | lrm: 0.64 | lr(adamw:2.612e-01, muon:9.075e-03) | dt: 410.05ms | tok/sec: 639,301 | bf16_mfu: 13.84 | epoch: 1 pq: 13 rg: 50 | total time: 15.17m | eta: 10.4m
2026-09-04 23:48:50,960 - nanochat.checkpoint_manager - INFO - Saved model parameters to: /__modal/volumes/vo-jaDveSbCVkG3mPlUhst9MZ/out/c09_monarch_m1/d8/MON_M1024_m1_32_s1/depth_8/ckpt_base/base/model_002400.pt
2026-09-04 23:48:50,966 - nanochat.checkpoint_manager - INFO - Saved metadata to: /__modal/volumes/vo-jaDveSbCVkG3mPlUhst9MZ/out/c09_monarch_m1/d8/MON_M1024_m1_32_s1/depth_8/ckpt_base/base/meta_002400.json
2026-09-04 23:48:54,243 - nanochat.checkpoint_manager - INFO - Saved optimizer state to: /__modal/volumes/vo-jaDveSbCVkG3mPlUhst9MZ/out/c09_monarch_m1/d8/MON_M1024_m1_32_s1/depth_8/ckpt_base/base/optim_002400_rank0.pt
Removed previous periodic checkpoint at step 002200
step 02400/03696 (64.94%) | loss: 3.665923 | lrm: 0.56 | lr(adamw:2.290e-01, muon:7.956e-03) | dt: 413.76ms | tok/sec: 633,570 | bf16_mfu: 13.72 | epoch: 1 pq: 14 rg: 69 | total time: 16.58m | eta: 9.0m
2026-09-04 23:50:20,406 - nanochat.checkpoint_manager - INFO - Saved model parameters to: /__modal/volumes/vo-jaDveSbCVkG3mPlUhst9MZ/out/c09_monarch_m1/d8/MON_M1024_m1_32_s1/depth_8/ckpt_base/base/model_002600.pt
2026-09-04 23:50:20,411 - nanochat.checkpoint_manager - INFO - Saved metadata to: /__modal/volumes/vo-jaDveSbCVkG3mPlUhst9MZ/out/c09_monarch_m1/d8/MON_M1024_m1_32_s1/depth_8/ckpt_base/base/meta_002600.json
2026-09-04 23:50:23,310 - nanochat.checkpoint_manager - INFO - Saved optimizer state to: /__modal/volumes/vo-jaDveSbCVkG3mPlUhst9MZ/out/c09_monarch_m1/d8/MON_M1024_m1_32_s1/depth_8/ckpt_base/base/optim_002600_rank0.pt
Removed previous periodic checkpoint at step 002400
step 02600/03696 (70.35%) | loss: 3.634328 | lrm: 0.48 | lr(adamw:1.968e-01, muon:6.837e-03) | dt: 412.40ms | tok/sec: 635,652 | bf16_mfu: 13.77 | epoch: 1 pq: 16 rg: 6 | total time: 17.99m | eta: 7.6m
2026-09-04 23:51:49,928 - nanochat.checkpoint_manager - INFO - Saved model parameters to: /__modal/volumes/vo-jaDveSbCVkG3mPlUhst9MZ/out/c09_monarch_m1/d8/MON_M1024_m1_32_s1/depth_8/ckpt_base/base/model_002800.pt
2026-09-04 23:51:49,933 - nanochat.checkpoint_manager - INFO - Saved metadata to: /__modal/volumes/vo-jaDveSbCVkG3mPlUhst9MZ/out/c09_monarch_m1/d8/MON_M1024_m1_32_s1/depth_8/ckpt_base/base/meta_002800.json
2026-09-04 23:51:52,918 - nanochat.checkpoint_manager - INFO - Saved optimizer state to: /__modal/volumes/vo-jaDveSbCVkG3mPlUhst9MZ/out/c09_monarch_m1/d8/MON_M1024_m1_32_s1/depth_8/ckpt_base/base/optim_002800_rank0.pt
Removed previous periodic checkpoint at step 002600
step 02800/03696 (75.76%) | loss: 3.610789 | lrm: 0.40 | lr(adamw:1.646e-01, muon:5.719e-03) | dt: 413.77ms | tok/sec: 633,547 | bf16_mfu: 13.72 | epoch: 1 pq: 17 rg: 25 | total time: 19.40m | eta: 6.2m
2026-09-04 23:53:19,666 - nanochat.checkpoint_manager - INFO - Saved model parameters to: /__modal/volumes/vo-jaDveSbCVkG3mPlUhst9MZ/out/c09_monarch_m1/d8/MON_M1024_m1_32_s1/depth_8/ckpt_base/base/model_003000.pt
2026-09-04 23:53:19,670 - nanochat.checkpoint_manager - INFO - Saved metadata to: /__modal/volumes/vo-jaDveSbCVkG3mPlUhst9MZ/out/c09_monarch_m1/d8/MON_M1024_m1_32_s1/depth_8/ckpt_base/base/meta_003000.json
2026-09-04 23:53:22,882 - nanochat.checkpoint_manager - INFO - Saved optimizer state to: /__modal/volumes/vo-jaDveSbCVkG3mPlUhst9MZ/out/c09_monarch_m1/d8/MON_M1024_m1_32_s1/depth_8/ckpt_base/base/optim_003000_rank0.pt
Removed previous periodic checkpoint at step 002800
step 03000/03696 (81.17%) | loss: 3.575243 | lrm: 0.33 | lr(adamw:1.324e-01, muon:4.600e-03) | dt: 414.02ms | tok/sec: 633,166 | bf16_mfu: 13.71 | epoch: 1 pq: 18 rg: 43 | total time: 20.82m | eta: 4.8m
2026-09-04 23:54:49,437 - nanochat.checkpoint_manager - INFO - Saved model parameters to: /__modal/volumes/vo-jaDveSbCVkG3mPlUhst9MZ/out/c09_monarch_m1/d8/MON_M1024_m1_32_s1/depth_8/ckpt_base/base/model_003200.pt
2026-09-04 23:54:49,440 - nanochat.checkpoint_manager - INFO - Saved metadata to: /__modal/volumes/vo-jaDveSbCVkG3mPlUhst9MZ/out/c09_monarch_m1/d8/MON_M1024_m1_32_s1/depth_8/ckpt_base/base/meta_003200.json
2026-09-04 23:54:52,695 - nanochat.checkpoint_manager - INFO - Saved optimizer state to: /__modal/volumes/vo-jaDveSbCVkG3mPlUhst9MZ/out/c09_monarch_m1/d8/MON_M1024_m1_32_s1/depth_8/ckpt_base/base/optim_003200_rank0.pt
Removed previous periodic checkpoint at step 003000
step 03200/03696 (86.58%) | loss: 3.582019 | lrm: 0.25 | lr(adamw:1.002e-01, muon:3.481e-03) | dt: 414.44ms | tok/sec: 632,518 | bf16_mfu: 13.70 | epoch: 1 pq: 19 rg: 62 | total time: 22.24m | eta: 3.5m
2026-09-04 23:56:19,799 - nanochat.checkpoint_manager - INFO - Saved model parameters to: /__modal/volumes/vo-jaDveSbCVkG3mPlUhst9MZ/out/c09_monarch_m1/d8/MON_M1024_m1_32_s1/depth_8/ckpt_base/base/model_003400.pt
2026-09-04 23:56:19,803 - nanochat.checkpoint_manager - INFO - Saved metadata to: /__modal/volumes/vo-jaDveSbCVkG3mPlUhst9MZ/out/c09_monarch_m1/d8/MON_M1024_m1_32_s1/depth_8/ckpt_base/base/meta_003400.json
2026-09-04 23:56:23,147 - nanochat.checkpoint_manager - INFO - Saved optimizer state to: /__modal/volumes/vo-jaDveSbCVkG3mPlUhst9MZ/out/c09_monarch_m1/d8/MON_M1024_m1_32_s1/depth_8/ckpt_base/base/optim_003400_rank0.pt
Removed previous periodic checkpoint at step 003200
step 03400/03696 (91.99%) | loss: 3.546102 | lrm: 0.17 | lr(adamw:6.801e-02, muon:2.363e-03) | dt: 413.53ms | tok/sec: 633,919 | bf16_mfu: 13.73 | epoch: 1 pq: 20 rg: 83 | total time: 23.66m | eta: 2.1m
2026-09-04 23:57:50,349 - nanochat.checkpoint_manager - INFO - Saved model parameters to: /__modal/volumes/vo-jaDveSbCVkG3mPlUhst9MZ/out/c09_monarch_m1/d8/MON_M1024_m1_32_s1/depth_8/ckpt_base/base/model_003600.pt
2026-09-04 23:57:50,353 - nanochat.checkpoint_manager - INFO - Saved metadata to: /__modal/volumes/vo-jaDveSbCVkG3mPlUhst9MZ/out/c09_monarch_m1/d8/MON_M1024_m1_32_s1/depth_8/ckpt_base/base/meta_003600.json
2026-09-04 23:57:53,129 - nanochat.checkpoint_manager - INFO - Saved optimizer state to: /__modal/volumes/vo-jaDveSbCVkG3mPlUhst9MZ/out/c09_monarch_m1/d8/MON_M1024_m1_32_s1/depth_8/ckpt_base/base/optim_003600_rank0.pt
Removed previous periodic checkpoint at step 003400
step 03600/03696 (97.40%) | loss: 3.534982 | lrm: 0.09 | lr(adamw:3.581e-02, muon:1.244e-03) | dt: 410.06ms | tok/sec: 639,280 | bf16_mfu: 13.84 | epoch: 1 pq: 22 rg: 18 | total time: 25.09m | eta: 0.7m
step 03695/03696 (99.97%) | loss: 3.584088 | lrm: 0.05 | lr(adamw:2.051e-02, muon:7.127e-04) | dt: 423.12ms | tok/sec: 619,553 | bf16_mfu: 13.42 | epoch: 1 pq: 22 rg: 67 | total time: 25.76m | eta: 0.0m
Step 03696 | Validation bpb: 1.013919 | val_loss: 3.528011
<|bos|>The capital of France is the Paris Agreement, which is a treaty signed by 1.5 billion people
<|bos|>The chemical symbol of gold is the gold, and it is also the symbol of the earth. The gold is
<|bos|>If yesterday was Friday, then tomorrow will be Saturday. The next day, the next day, the next day, the next
<|bos|>The opposite of hot is cold. The opposite of hot is cold. The opposite of hot is cold.
<|bos|>The planets of the solar system are: Mars, Jupiter, Saturn, Uranus, Neptune, and Pluto. The planets are
<|bos|>My favorite color is white. I like to use it to make my own color. I like to
<|bos|>If 5*x + 3 = 13, then x is the number of times the 5*x + 3 = 13, then
2026-09-04 23:59:35,693 - nanochat.checkpoint_manager - INFO - Saved model parameters to: /__modal/volumes/vo-jaDveSbCVkG3mPlUhst9MZ/out/c09_monarch_m1/d8/MON_M1024_m1_32_s1/depth_8/ckpt_base/base/model_003696.pt
2026-09-04 23:59:35,697 - nanochat.checkpoint_manager - INFO - Saved metadata to: /__modal/volumes/vo-jaDveSbCVkG3mPlUhst9MZ/out/c09_monarch_m1/d8/MON_M1024_m1_32_s1/depth_8/ckpt_base/base/meta_003696.json
2026-09-04 23:59:38,609 - nanochat.checkpoint_manager - INFO - Saved optimizer state to: /__modal/volumes/vo-jaDveSbCVkG3mPlUhst9MZ/out/c09_monarch_m1/d8/MON_M1024_m1_32_s1/depth_8/ckpt_base/base/optim_003696_rank0.pt
step 03696/03696 (final) | loss: 3.584088 | early_stop: 0
Peak memory usage: 82177.71MiB
Total training time: 25.76m
Minimum validation bpb: 1.013919
Minimum validation loss (nats/byte): 3.528011
[SCH] run_tag=base  phi_width_M=1024  rank_ceiling=513  rank_effective_rank=594  val_bpb=1.0139  bpb_tail_minus_head=0.5092
Final Validation BPB for base: 1.0139

--- Generating Report ---
Saved plot to out/c09_monarch_m1/d8/MON_M1024_m1_32_s1/depth_8/comparison_depth_8.png
Saved TSV data to out/c09_monarch_m1/d8/MON_M1024_m1_32_s1/depth_8/results_depth_8.tsv
Generating report to out/report/report.md
Copying report.md to current directory for convenience
================================================================
Sweep Complete! Results saved to out/c09_monarch_m1/d8/MON_M1024_m1_32_s1
================================================================
OK    MON_M1024_m1_32_s1

--- MON_M1024_m1_128_s1  (depth 8, V=131072, device-batch 32) ---
Requested NPROC_PER_NODE=8, but only 1 GPU(s) visible. Capping.
Using NPROC_PER_NODE=1
NANOCHAT_SKIP_ENV_SETUP=0
===== GPU Info =====
Sat Sep  5 00:00:18 2026       
+-----------------------------------------------------------------------------------------+
| NVIDIA-SMI 580.95.05              Driver Version: 580.95.05      CUDA Version: 13.0     |
+-----------------------------------------+------------------------+----------------------+
| GPU  Name                 Persistence-M | Bus-Id          Disp.A | Volatile Uncorr. ECC |
| Fan  Temp   Perf          Pwr:Usage/Cap |           Memory-Usage | GPU-Util  Compute M. |
|                                         |                        |               MIG M. |
|=========================================+========================+======================|
|   0  NVIDIA H200                    On  |   00000000:C5:00.0 Off |                    0 |
| N/A   35C    P0             77W /  700W |       4MiB / 143771MiB |      0%      Default |
|                                         |                        |             Disabled |
+-----------------------------------------+------------------------+----------------------+

+-----------------------------------------------------------------------------------------+
| Processes:                                                                              |
|  GPU   GI   CI              PID   Type   Process name                        GPU Memory |
|        ID   ID                                                               Usage      |
|=========================================================================================|
|  No running processes found                                                             |
+-----------------------------------------------------------------------------------------+
Starting Research Sweep. Output directory: out/c09_monarch_m1/d8/MON_M1024_m1_128_s1
UV_SYSTEM_PYTHON=1: using system Python, skipping venv creation.
Validating system environment dependencies via uv...
Using Python 3.12.10 environment at: /usr/local
Resolved 159 packages in 253ms
   Building nanochat @ file:///__modal/volumes/vo-jaDveSbCVkG3mPlUhst9MZ
      Built nanochat @ file:///__modal/volumes/vo-jaDveSbCVkG3mPlUhst9MZ
Prepared 1 package in 1.33s
Uninstalled 1 package in 0.64ms
Installed 1 package in 2ms
 ~ nanochat==0.1.0 (from file:///__modal/volumes/vo-jaDveSbCVkG3mPlUhst9MZ)
Reset report and wrote header to out/report/header.md
Dataset (up to 300 shards) already exists in data, skipping download.
Tokenizer already exists in tokenizer_131k, skipping training.
================================================================
Processing Depth: 8
================================================================
2026-09-05 00:00:29,429 - httpx - INFO - HTTP Request: HEAD https://huggingface.co/varunneal/flash-attention-3/resolve/main/kernel-status.toml "HTTP/1.1 404 Not Found"
2026-09-05 00:00:29,579 - httpx - INFO - HTTP Request: GET https://huggingface.co/api/models/varunneal/flash-attention-3/tree/main/build?recursive=false&expand=false "HTTP/1.1 200 OK"
2026-09-05 00:00:29,714 - httpx - INFO - HTTP Request: GET https://huggingface.co/api/models/varunneal/flash-attention-3/revision/main "HTTP/1.1 200 OK"
[sweep] Requested 8 DDP workers but only 1 GPU(s) available — using 1.
================================================================
Unfinished experiments found from a previous run:
  [base] ckpt_dir = /__modal/volumes/vo-jaDveSbCVkG3mPlUhst9MZ/out/c09_monarch_m1/d8/MON_M1024_m1_128_s1/depth_8/ckpt_base
These will be resumed from their last checkpoint.
================================================================
================================================================
Starting Sweep for Depth 8
Target Tokens: 968,884,224
================================================================
  Overriding default target_dim (128) with full model_dim 512

--- Training base ---

  ┌─────────────────────────────────────────────────────┐
  │  ⏩  RESUMING [base] from step 1,200
  │     /__modal/volumes/vo-jaDveSbCVkG3mPlUhst9MZ/out/c09_monarch_m1/d8/MON_M1024_m1_128_s1/depth_8/ckpt_base/base
  └─────────────────────────────────────────────────────┘

Running: /usr/local/bin/torchrun --standalone --nproc_per_node=1 -m scripts.base_train --depth 8 --aspect-ratio 64 --head-dim 128 --model-dim 512 --max-seq-len 2048 --device-batch-size 32 --total-batch-size 262144 --target-tokens 968884224 --eval-every -1 --log-every 200 --core-metric-every 0 --save-every 200 --warmup-ratio 0.005 --warmdown-ratio 0.65 --final-lr-frac 0.05 --adam-beta2 0.99 --research-warmup-ratio 0.05 --use-onecycle 0 --router-context-window -1 --remix-use-basis-gate 1 --remix-use-output-gate 1 --remix-use-context 1 --remix-basis-gate-mode mlp --remix-gate-lr-scale 0.3 --p22-n-templates 1 --p22-template-routing-learned 0 --p22-template-topk 0 --p22-attn-moe-route none --p26-output-gated-linear 0 --p28-shared-basis 0 --p28-chunk-routing-size 0 --p28-global-template-bank none --p28-attn-proj-templates 0 --p28-attn-qk-templates 0 --p31-chunk-route-impl compose --p31-top1-gate ones --p31-template-delta-rank 0 --p31-route-side output --p31-drop-basis-proj 0 --p31-basis-side-templates 0 --remix-template-block-diag 0 --remix-template-lr-scale 1.0 --p29-grad-equalize 0 --target-active-params 0 --compile-regional 0 --timing-probe-steps 0 --compile-mode default --remix-basis-gate-rank 8 --cclblock-modulation weight --cclblock-orth-lambda 0.0 --p35-template-diversity-lambda 0.0 --cclblock-context-stream local --cclblock-ema-factor 0.99 --cclblock-stale-ctx-lag 0 --cclblock-sparse-gate-k 0 --cclblock-gate-temperature 1.0 --cclblock-context-bank-size 0 --cclblock-per-head-ctx 0 --cclblock-context-source norm_x --cclblock-chunk-size 0 --cclblock-aux-objective none --cclblock-aux-lambda 0.1 --cclblock-boundary-token-id 198 --use-ral 0 --ral-rank 32 --p34-ffn-schedule  --p34-ffn-no-ffn-replacement none --p34-ffn-last-depth 1 --p36-swiglu-ffn 0 --p36-swiglu-mult 2.6666666666666665 --cond-sites both --p22-route-affine 0 --cond-rank 256 --cond-mult-steps 0 --cond-gate-source router --cond-coeff-act centered --cond-router-rank 0 --cond-router-act none --cond-live-init 0.0 --cond-chunk-size 0 --cond-mult-scale -1.0 --cond-mult-impl wy --cond-attn-projs qkvo --cond-layer-frac 1.0 --cclblock-film-gate 0 --cclblock-attn-shadow-dim 0 --cclblock-dynamic-ratio 0.25 --cclblock-gate-rank 8 --cclblock-num-regimes 8 --cclblock-regime-temperature 1.0 --cclblock-poly-order 2 --cclblock-lie-generators 4 --cclblock-grassmann-bank-size 4 --cclblock-tucker-rank 32 --cclblock-tucker-modes 8 --cclblock-svs-rank 64 --cclblock-svs-eps 0.1 --cclblock-vq-codes 8 --cclblock-vq-temperature 1.0 --cclblock-dcu-warmup-steps 0 --cclblock-fsi-rotations 8 --cclblock-fsi-selector-dim 64 --cclblock-aesp-strata 4 --cclblock-aesp-delta-rank 4 --cclblock-ckr-branches 4 --cclblock-ckr-kernel-size 64 --cclblock-ckr-pos-channels 1 --cclblock-ckr-dual-optim 0 --cclblock-ckr-content-bias 0.0 --cclblock-giad-rank 32 --cclblock-psg-kernel-size 64 --cclblock-ss-dynamic-ratio 0.25 --cclblock-ss-branches 2 --cclblock-ss-kernel-size 64 --cclblock-lokr-branches 8 --cclblock-lokr-rank 16 --cclblock-ckr-temp-start 2.0 --cclblock-ckr-temp-end 0.3 --cclblock-com-kernel-size 32 --cclblock-ckr-ortho-init 0 --cclblock-ckr-branch-dropout 0.0 --cclblock-ckr-diversity-lambda 0.0 --cclblock-pgr-kernel-size 64 --cclblock-cil-kernel-size 64 --cclblock-prb-kernel-size 64 --p18-layer-drop 0.0 --p18-dynamic-activation 0 --p18-mixture-norm 0 --p18-aux-sim-lambda 0.0 --p18-gradient-penalty 0.0 --p18-per-channel-scale 0 --p19-residual-gate 0 --p19-head-importance 0 --p19-residual-mix-groups 0 --p19-attn-logit-bias 0 --p19-residual-decay 0 --p19-grad-equilibrium 0.0 --p19-spectral-reparam 0 --p19-weight-anticollapse 0.0 --p19-ve-bias 0 --p19-weight-noise 0.0 --p20-hrcs-scale 0 --p20-lswr-scale 0 --p20-lswr-planes 8 --p20-lrcfb-branches 0 --p20-lrcfb-narrow 0 --p20-lrcfb-learned 0 --p20-lrcfb-topk 0 --p20-dgcr-branches 0 --p20-dgcr-aux-weight 0.01 --p20-mone-experts 0 --p20-mone-topk 0 --p20-mone-narrow 1 --p20-mone-frozen 0 --p20-ncea-branches 0 --p20-ncea-eps 0.1 --p20-adwi 0 --p20-pwu-branches 0 --p20-pwu-phase 1 --p20-fsvd-gate 0 --p20-wbfc-clusters 0 --p20-wbfc-active 0 --p21-per-experts 0 --p21-per-topk 0 --p21-per-learned 0 --p21-per-attn 0 --p23-tiny-expert 0 --p23-n-experts 64 --p23-topk 16 --p23-learned-route 0 --p23-std-moe-experts 0 --p23-std-moe-topk -1 --p23-std-moe-aux-weight 0.01 --p23-lokr 0 --p23-lokr-rank 4 --p23-use-shared-block-router 0 --p23-linear-moe-experts 0 --p23-linear-moe-topk 0 --p23-quantile-route 0 --seed 1 --p34-ffn-mult 4.0 --p34-ffn-single 0 --p34-dense-attn 0 --p24-use-sliced-weight 0 --p24-sliced-weight-reduction-scale 8 --p24-sliced-weight-min-select 128 --p24-sliced-weight-scope per_token --p24-sliced-weight-balance-coeff 0.01 --p24-quantile-route 0 --p24-use-folded-mod 0 --p24-folded-mod-reduction-scale 8 --p24-folded-mod-scope per_layer --p24-folded-mod-gate-act tanh_centered --p24-use-sequence-gated-linear 0 --p24-sequence-gated-scope per_layer --p24-sequence-gated-act tanh_centered --p24-folded-mod-min-dim 128 --remix-shared-context-gates 0 --remix-use-dual-gate 0 --remix-basis-scale-factor 4 --remix-output-gate-rank 16 --p24-use-sliced-weight 0 --p24-sliced-weight-reduction-scale 8 --p24-sliced-weight-min-select 128 --p24-sliced-weight-scope per_token --p24-sliced-weight-balance-coeff 0.01 --p24-quantile-route 0 --p24-use-folded-mod 0 --p24-folded-mod-reduction-scale 8 --p24-folded-mod-scope per_layer --p24-folded-mod-gate-act tanh_centered --p24-use-sequence-gated-linear 0 --p24-sequence-gated-scope per_layer --p24-sequence-gated-act tanh_centered --remix-disable-ln-basis 0 --dense-intermediate-ln 0 --use-mol 0 --mol-n-blocks 5 --mol-n-shared 1 --mol-topk 3 --mol-thin-dim 256 --mol-head-dim 64 --mol-ffn-mult 4.0 --mol-router-aux 0.05 --mol-routed-attn softmax --mol-dispatch 1 --mol-capacity-factor 1.0 --mol-block-lr-scale 1.0 --mol-per-block-ve 0 --use-mst 0 --mst-n-subs 8 --mst-sub-dim 64 --mst-head-dim 0 --mst-input-mode fixed_slice --mst-rotated-slice-learned 0 --mst-routing-mode soft_weighted --mst-routing-topk 4 --mst-routing-aux-weight 0.01 --mst-diversity-weight 0.0 --mst-ffn-mode standard --mst-transition-mode parallel --mst-final-mode aggregate_proj --mst-final-topk -1 --mst-ffn-shared-up 0 --mst-ffn-inner-dim 0 --mst-sub-dropout 0.0 --mst-transition-every 1 --mst-ffa-temperature 1.0 --mst-global-residual 0 --mst-hybrid-dense 0 --mst-cross-sub-kv 0 --mst-sub-aux-weight 0.0 --mst-progressive-merge 0 --mst-multi-scale-windows 0 --mst-delta-residual 0 --mst-sub-layers 1 --mst-grad-equalize 0 --mst-block-diagonal-muon 0 --mst-transition-width-mult 1.0 --mst-sub-lr-scale 1.0 --mst-shared-expert 0 --mst-router-entropy-weight 0.0 --mst-shared-kv-attn 0 --mst-contrastive-diversity-weight 0.0 --mst-transition-nonlinear 0 --mst-transition-gated 0 --mst-transition-mlp 0 --mst-cross-sub-gate 0 --mst-hyper-connect 0 --mst-cross-kv-inject 0 --mst-slice-transition 0 --mst-lookback-layers 0 --mst-bilinear-transition 0 --mst-cross-sub-qmod 0 --mst-feature-cycle 0 --mst-mean-transition 0 --mst-sub-head-dim 0 --mst-final-norm 0 --mst-per-stream-ve 0 --mst-ve-map 0 --mst-ve-map-rank 0 --mst-lm-head-dim 0 --mst-compose-windows 0 --mst-channel-mix none --mst-channel-mix-site layer --mst-distribute-block-muon 0 --mst-trans-spectral-lr 0 --mst-talking-heads 0 --mst-wo-mode block --mst-stream-topk 0 --mst-stream-shared 0 --mst-stream-router-aux 0.01 --mst-stream-router-noise 0.0 --mst-stream-dispatch 0 --mst-stream-capacity-factor 1.0 --mst-stream-gate-attn 0 --mst-ffn-monarch none --mst-shampoo 0 --mst-precond-every 10 --mst-shampoo-beta 0.95 --use-eet 0 --eet-frozen-kv 1 --eet-reenter-final 0 --eet-compute-skip 0 --eet-target-active-frac 0.125 --eet-capacity-schedule bell --eet-exit-fracs  --eet-router-type mlp2 --eet-router-hidden 0 --eet-freq-prior-alpha 0.0 --eet-pos-prior-beta 0.0 --eet-domain-prior 0 --eet-warmup-frac 0.02 --eet-explore-frac 0.15 --eet-reconstruct-lambda 1.0 --eet-efficiency-lambda-start 0.01 --eet-efficiency-lambda-end 0.1 --eet-translator-rank 0 --eet-max-frozen-kv-frac 0.75 --eet-exit-threshold 0.5 --eet-min-exit-layer 1 --eet-loss-variant reconstruct --eet-topk-vocab 512 --eet-entropy-lambda 0.3 --eet-surprise-lambda 0.1 --eet-adv-lambda 1.0 --eet-adv-entropy-lambda 0.2 --eet-quality-lambda 1.0 --eet-quality-entropy-bonus 0.1 --eet-gumbel-temp-start 0.0 --eet-gumbel-temp-end 0.1 --eet-gumbel-hard 1 --eet-commitment-beta 0.1 --eet-global-router 0 --eet-freq-efficiency-alpha 0.0 --eet-diversity-lambda 0.0 --eet-ce-guided-lambda 1.0 --eet-router-lr-mult 5.0 --eet-model-lr-mult 1.0 --eet-depth-weight-type none --eet-depth-weight-max 2.5 --eet-use-override 0 --eet-override-prob-start 0.5 --eet-override-prob-end 0.1 --eet-capacity-alignment-lambda 0.0 --eet-router-task-grad 1 --eet-reinforce-interval 0 --eet-reinforce-lambda 0.1 --eet-exit-adapter-rank 0 --eet-router-after-block 0 --eet-ffn-skip 0 --eet-ffn-target-frac 0.5 --eet-ffn-full-attn 1 --eet-depth-affine 0 --eet-capacity-anneal-frac 0.0 --eet-learned-schedule 0 --eet-departure-summary 0 --eet-route-consistency-lambda 0.0 --eet-dense-distill-interval 0 --eet-dense-distill-lambda 0.5 --eet-depth-lr-scale 0 --eet-depth-grad-scale 0 --eet-detach-aux-from-backbone 0 --eet-detach-exit-from-backbone 0 --use-code-head 1 --sch-head-type monarch --sch-bits 0 --sch-order 2 --sch-max-m 1024 --sch-phi-mode monomial --sch-code-mode binary --sch-code-path  --sch-code-ecc-bits 0 --sch-code-seed 1234 --sch-phi-density 0.0 --sch-phi-dtype fp32 --sch-phi-normalize 1 --sch-phi-center 0 --sch-g-type linear --sch-g-hidden 0 --sch-g-layers 2 --sch-g-out-std 0.001 --sch-mixture 1 --sch-residual-rank 0 --sch-logit-act none --sch-bias 1 --sch-input-mode table --sch-input-hidden 0 --sch-product-groups 8 --sch-product-codebook 256 --sch-product-source hash --sch-product-impl dense --sch-phi-whiten 0 --sch-mixture-per-phi 0 --sch-mixture-topk 0 --sch-mixture-aux 0.01 --sch-monarch-m1 128 --sch-holdout-tokens 0 --sch-holdout-seed 7 --sch-holdout-min-id 256 --sch-holdout-mode target --sch-decile-metrics 1 --sch-rank-probe 16384 --sch-eval-steps 100 --compile --tokenizer-dir tokenizer_131k --data-dir data --max-shards 300 --checkpoints-dir /__modal/volumes/vo-jaDveSbCVkG3mPlUhst9MZ/out/c09_monarch_m1/d8/MON_M1024_m1_128_s1/depth_8/ckpt_base --model-tag base --resume-from-step 1200
2026-09-05 00:00:37,165 - httpx - INFO - HTTP Request: HEAD https://huggingface.co/varunneal/flash-attention-3/resolve/main/kernel-status.toml "HTTP/1.1 404 Not Found"
2026-09-05 00:00:37,323 - httpx - INFO - HTTP Request: GET https://huggingface.co/api/models/varunneal/flash-attention-3/tree/main/build?recursive=false&expand=false "HTTP/1.1 200 OK"
2026-09-05 00:00:37,459 - httpx - INFO - HTTP Request: GET https://huggingface.co/api/models/varunneal/flash-attention-3/revision/main "HTTP/1.1 200 OK"

                                                       █████                █████
                                                      ░░███                ░░███
     ████████    ██████   ████████    ██████   ██████  ░███████    ██████  ███████
    ░░███░░███  ░░░░░███ ░░███░░███  ███░░███ ███░░███ ░███░░███  ░░░░░███░░░███░
     ░███ ░███   ███████  ░███ ░███ ░███ ░███░███ ░░░  ░███ ░███   ███████  ░███
     ░███ ░███  ███░░███  ░███ ░███ ░███ ░███░███  ███ ░███ ░███  ███░░███  ░███ ███
     ████ █████░░████████ ████ █████░░██████ ░░██████  ████ █████░░███████  ░░█████
    ░░░░ ░░░░░  ░░░░░░░░ ░░░░ ░░░░░  ░░░░░░   ░░░░░░  ░░░░ ░░░░░  ░░░░░░░░   ░░░░░
    
Autodetected device type: cuda
2026-09-05 00:00:38,390 - nanochat.common - INFO - Distributed world size: 1
GPU: NVIDIA H200 | Peak FLOPS (BF16): 9.89e+14
COMPUTE_DTYPE: torch.bfloat16 (auto-detected: CUDA SM 90 (bf16 supported))
✓ Using Flash Attention 3 (Hopper GPU detected) — efficient and fast.
Vocab size: 131,072
[SCH] head=monarch V=131072, M=1024, m1=128, m2=8, block_out=16384, rank_ceiling=513 | head params 17,432,576 | head FLOPs/token 104,071,168 | dense equivalent 402,653,184
Model config:
{
  "sequence_len": 2048,
  "vocab_size": 131072,
  "n_layer": 8,
  "n_head": 4,
  "n_kv_head": 4,
  "n_embd": 512,
  "use_moe": false,
  "use_perm": false,
  "moe_num_experts": 8,
  "moe_router_dim": 64,
  "moe_embed_dim": 64,
  "dropout": 0.0,
  "use_remix_linear": false,
  "remix_context_dim": 64,
  "remix_context_dim_ratio": 6,
  "remix_basis_size": 64,
  "remix_output_gate_rank": 16,
  "remixed_linear_kwargs": {
    "use_basis_gate": true,
    "use_output_gate": true,
    "use_context": true,
    "basis_gate_mode": "mlp",
    "sparse_gate_k": 0,
    "gate_temperature": 1.0,
    "basis_scale_factor": 4,
    "n_templates": 1,
    "template_routing_learned": false,
    "template_topk": 0,
    "tiny_expert": false,
    "tiny_expert_topk": 16,
    "lokr_expert": false,
    "lokr_n_experts": 64,
    "lokr_topk": 16,
    "lokr_rank": 4,
    "lokr_learned": false,
    "basis_gate_rank": 8,
    "disable_ln_basis": false,
    "chunk_route_impl": "compose",
    "top1_gate": "ones",
    "template_delta_rank": 0,
    "route_side": "output",
    "drop_basis_proj": false,
    "basis_side_templates": 0,
    "grad_equalize": false,
    "output_gate_rank": 16,
    "operator_modulation": "none",
    "lie_generators": 4,
    "poly_order": 2,
    "grassmann_bank_size": 4
  },
  "use_pos_embed": false,
  "moe_use_abs_pos_embed": false,
  "use_layer_context": true,
  "scale_basis_size": true,
  "remix_use_dual_gate": false,
  "remix_use_fused": false,
  "p26_output_gated_linear": 0,
  "p28_shared_basis": 0,
  "p28_chunk_routing_size": 0,
  "p28_global_template_bank": "none",
  "p28_attn_proj_templates": 0,
  "p28_attn_qk_templates": 0,
  "p29_template_block_diag": 0,
  "p29_template_lr_scale": 1.0,
  "p29_grad_equalize": 0,
  "p34_ffn_mult": 4.0,
  "p34_ffn_single": 0,
  "p34_dense_attn": 0,
  "legacy_init_fallback": 0,
  "p35_template_diversity_lambda": 0.0,
  "p22_route_affine": 0,
  "p34_ffn_schedule": "",
  "p34_ffn_no_ffn_replacement": "none",
  "p34_ffn_last_depth": 1,
  "p36_swiglu_ffn": 0,
  "p36_swiglu_mult": 2.6666666666666665,
  "cond_sites": "both",
  "cond_rank": 256,
  "cond_mult_steps": 0,
  "cond_gate_source": "router",
  "cond_coeff_act": "centered",
  "cond_router_rank": 0,
  "cond_live_init": 0.0,
  "cond_router_act": "none",
  "cond_chunk_size": 0,
  "cond_mult_scale": -1.0,
  "cond_mult_impl": "wy",
  "cond_attn_projs": "qkvo",
  "cond_layer_frac": 1.0,
  "perm_expert_mode": "low_rank",
  "perm_rank": 16,
  "router_context_window": -1,
  "router_causal": true,
  "router_num_heads": 4,
  "router_num_queries": 16,
  "router_n_layers": 2,
  "router_use_vocab_prior": false,
  "window_pattern": "SSSL",
  "cclblock_modulation": "weight",
  "cclblock_orth_lambda": 0.0,
  "cclblock_context_stream": "local",
  "cclblock_ema_factor": 0.99,
  "cclblock_stale_ctx_lag": 0,
  "cclblock_sparse_gate_k": 0,
  "cclblock_gate_temperature": 1.0,
  "cclblock_context_bank_size": 0,
  "cclblock_per_head_ctx": false,
  "cclblock_context_source": "norm_x",
  "cclblock_chunk_size": 0,
  "cclblock_aux_objective": "none",
  "cclblock_aux_lambda": 0.1,
  "cclblock_boundary_token_id": 198,
  "use_ral": false,
  "ral_rank": 32,
  "cclblock_film_gate": false,
  "cclblock_attn_shadow_dim": 0,
  "cclblock_dynamic_ratio": 0.25,
  "cclblock_gate_rank": 8,
  "cclblock_num_regimes": 8,
  "cclblock_regime_temperature": 1.0,
  "cclblock_poly_order": 2,
  "cclblock_lie_generators": 4,
  "cclblock_grassmann_bank_size": 4,
  "cclblock_tucker_rank": 32,
  "cclblock_tucker_modes": 8,
  "cclblock_svs_rank": 64,
  "cclblock_svs_eps": 0.1,
  "cclblock_vq_codes": 8,
  "cclblock_vq_temperature": 1.0,
  "cclblock_dcu_warmup_steps": 0,
  "cclblock_fsi_rotations": 8,
  "cclblock_fsi_selector_dim": 64,
  "cclblock_aesp_strata": 4,
  "cclblock_aesp_delta_rank": 4,
  "cclblock_ckr_branches": 4,
  "cclblock_ckr_kernel_size": 64,
  "cclblock_ckr_pos_channels": 1,
  "cclblock_ckr_dual_optim": 0,
  "cclblock_ckr_content_bias": 0.0,
  "cclblock_giad_rank": 32,
  "cclblock_psg_kernel_size": 64,
  "cclblock_ss_dynamic_ratio": 0.25,
  "cclblock_ss_branches": 2,
  "cclblock_ss_kernel_size": 64,
  "cclblock_lokr_branches": 8,
  "cclblock_lokr_rank": 16,
  "cclblock_ckr_temp_start": 2.0,
  "cclblock_ckr_temp_end": 0.3,
  "cclblock_com_kernel_size": 32,
  "cclblock_ckr_ortho_init": 0,
  "cclblock_ckr_branch_dropout": 0.0,
  "cclblock_ckr_diversity_lambda": 0.0,
  "cclblock_ckr_layer_selective": 0,
  "cclblock_pgr_kernel_size": 64,
  "cclblock_cil_kernel_size": 64,
  "cclblock_prb_kernel_size": 64,
  "p18_layer_drop": 0.0,
  "p18_dynamic_activation": 0,
  "p18_mixture_norm": 0,
  "p18_causal_attn_bias": 0,
  "p18_aux_sim_lambda": 0.0,
  "p18_gradient_penalty": 0.0,
  "p18_per_channel_scale": 0,
  "p19_residual_gate": 0,
  "p19_head_importance": 0,
  "p19_residual_mix_groups": 0,
  "p19_attn_logit_bias": 0,
  "p19_residual_decay": 0,
  "p19_grad_equilibrium": 0.0,
  "p19_spectral_reparam": 0,
  "p19_weight_anticollapse": 0.0,
  "p19_ve_bias": 0,
  "p19_weight_noise": 0.0,
  "p20_hrcs_scale": 0,
  "p20_lswr_scale": 0,
  "p20_lswr_planes": 8,
  "p20_lrcfb_branches": 0,
  "p20_lrcfb_narrow": 0,
  "p20_lrcfb_learned": 0,
  "p20_lrcfb_topk": 0,
  "p20_dgcr_branches": 0,
  "p20_dgcr_aux_weight": 0.01,
  "p20_mone_experts": 0,
  "p20_mone_topk": 0,
  "p20_mone_narrow": 1,
  "p20_mone_frozen": 0,
  "p20_ncea_branches": 0,
  "p20_ncea_eps": 0.1,
  "p20_adwi": 0,
  "p20_pwu_branches": 0,
  "p20_pwu_phase": 1,
  "p20_fsvd_gate": 0,
  "p20_wbfc_clusters": 0,
  "p20_wbfc_active": 0,
  "p21_per_experts": 0,
  "p21_per_topk": 0,
  "p21_per_learned": 0,
  "p21_per_attn": 0,
  "p22_attn_moe_route": "none",
  "p23_tiny_expert": 0,
  "p23_n_experts": 64,
  "p23_topk": 16,
  "p23_learned_route": 0,
  "p23_std_moe_experts": 0,
  "p23_std_moe_topk": -1,
  "p23_std_moe_aux_weight": 0.01,
  "p23_lokr": 0,
  "p23_lokr_rank": 4,
  "p23_use_shared_block_router": 0,
  "p23_linear_moe_experts": 0,
  "p23_linear_moe_topk": 0,
  "p23_quantile_route": 0,
  "remix_shared_context_gates": 0,
  "p24_use_sliced_weight": 0,
  "p24_sliced_weight_reduction_scale": 8,
  "p24_sliced_weight_min_select": 128,
  "p24_sliced_weight_scope": "per_token",
  "p24_sliced_weight_balance_coeff": 0.01,
  "p24_quantile_route": 0,
  "p24_use_folded_mod": 0,
  "p24_folded_mod_reduction_scale": 8,
  "p24_folded_mod_min_dim": 128,
  "p24_folded_mod_scope": "per_layer",
  "p24_folded_mod_gate_act": "tanh_centered",
  "p24_use_sequence_gated_linear": 0,
  "p24_sequence_gated_scope": "per_layer",
  "p24_sequence_gated_act": "tanh_centered",
  "remix_disable_ln_basis": 0,
  "dense_intermediate_ln": 0,
  "use_mol": false,
  "mol_n_blocks": 5,
  "mol_n_shared": 1,
  "mol_topk": 3,
  "mol_thin_dim": 256,
  "mol_head_dim": 64,
  "mol_ffn_mult": 4.0,
  "mol_router_aux": 0.05,
  "mol_routed_attn": "softmax",
  "mol_dispatch": 1,
  "mol_capacity_factor": 1.0,
  "mol_block_lr_scale": 1.0,
  "mol_per_block_ve": 0,
  "use_mst": false,
  "mst_n_subs": 8,
  "mst_sub_dim": 64,
  "mst_head_dim": 0,
  "mst_input_mode": "fixed_slice",
  "mst_rotated_slice_learned": false,
  "mst_routing_mode": "soft_weighted",
  "mst_routing_topk": 4,
  "mst_routing_aux_weight": 0.01,
  "mst_diversity_weight": 0.0,
  "mst_ffn_mode": "standard",
  "mst_transition_mode": "parallel",
  "mst_final_mode": "aggregate_proj",
  "mst_final_topk": -1,
  "mst_ffn_shared_up": 0,
  "mst_ffn_inner_dim": 0,
  "mst_sub_dropout": 0.0,
  "mst_transition_every": 1,
  "mst_ffa_temperature": 1.0,
  "mst_global_residual": 0,
  "mst_hybrid_dense": 0,
  "mst_cross_sub_kv": 0,
  "mst_sub_aux_weight": 0.0,
  "mst_progressive_merge": 0,
  "mst_multi_scale_windows": 0,
  "mst_delta_residual": 0,
  "mst_sub_layers": 1,
  "mst_grad_equalize": 0,
  "mst_block_diagonal_muon": 0,
  "mst_transition_width_mult": 1.0,
  "mst_sub_lr_scale": 1.0,
  "mst_shared_expert": 0,
  "mst_router_entropy_weight": 0.0,
  "mst_shared_kv_attn": 0,
  "mst_contrastive_diversity_weight": 0.0,
  "mst_transition_nonlinear": 0,
  "mst_transition_gated": 0,
  "mst_transition_mlp": 0,
  "mst_cross_sub_gate": 0,
  "mst_hyper_connect": 0,
  "mst_cross_kv_inject": 0,
  "mst_slice_transition": 0,
  "mst_lookback_layers": 0,
  "mst_bilinear_transition": 0,
  "mst_cross_sub_qmod": 0,
  "mst_feature_cycle": 0,
  "mst_mean_transition": 0,
  "mst_sub_head_dim": 0,
  "mst_final_norm": 0,
  "mst_per_stream_ve": 0,
  "mst_ve_map": 0,
  "mst_ve_map_rank": 0,
  "mst_lm_head_dim": 0,
  "mst_compose_windows": 0,
  "mst_channel_mix": "none",
  "mst_channel_mix_site": "layer",
  "mst_distribute_block_muon": 0,
  "mst_trans_spectral_lr": 0,
  "mst_talking_heads": 0,
  "mst_wo_mode": "block",
  "mst_stream_topk": 0,
  "mst_stream_shared": 0,
  "mst_stream_router_aux": 0.01,
  "mst_stream_router_noise": 0.0,
  "mst_stream_dispatch": 0,
  "mst_stream_capacity_factor": 1.0,
  "mst_stream_gate_attn": 0,
  "mst_ffn_monarch": "none",
  "mst_shampoo": 0,
  "mst_precond_every": 10,
  "mst_shampoo_beta": 0.95,
  "use_eet": false,
  "eet_frozen_kv": true,
  "eet_reenter_final": false,
  "eet_router_type": "mlp2",
  "eet_router_hidden": 0,
  "eet_freq_prior_alpha": 0.0,
  "eet_pos_prior_beta": 0.0,
  "eet_domain_prior": false,
  "eet_warmup_frac": 0.02,
  "eet_explore_frac": 0.15,
  "eet_reconstruct_lambda": 1.0,
  "eet_efficiency_lambda_start": 0.01,
  "eet_efficiency_lambda_end": 0.1,
  "eet_translator_rank": 0,
  "eet_max_frozen_kv_frac": 0.75,
  "eet_exit_threshold": 0.5,
  "eet_min_exit_layer": 1,
  "eet_loss_variant": "reconstruct",
  "eet_topk_vocab": 512,
  "eet_entropy_lambda": 0.3,
  "eet_surprise_lambda": 0.1,
  "eet_adv_lambda": 1.0,
  "eet_adv_entropy_lambda": 0.2,
  "eet_quality_lambda": 1.0,
  "eet_quality_entropy_bonus": 0.1,
  "eet_gumbel_temp_start": 0.0,
  "eet_gumbel_temp_end": 0.1,
  "eet_gumbel_hard": true,
  "eet_commitment_beta": 0.1,
  "eet_global_router": false,
  "eet_freq_efficiency_alpha": 0.0,
  "eet_diversity_lambda": 0.0,
  "eet_ce_guided_lambda": 1.0,
  "eet_router_lr_mult": 5.0,
  "eet_model_lr_mult": 1.0,
  "eet_depth_weight_type": "none",
  "eet_depth_weight_max": 2.5,
  "eet_use_override": 0,
  "eet_override_prob_start": 0.5,
  "eet_override_prob_end": 0.1,
  "eet_compute_skip": false,
  "eet_target_active_frac": 0.125,
  "eet_capacity_schedule": "bell",
  "eet_exit_fracs": null,
  "eet_capacity_alignment_lambda": 0.0,
  "eet_router_task_grad": true,
  "eet_reinforce_interval": 0,
  "eet_reinforce_lambda": 0.1,
  "eet_exit_adapter_rank": 0,
  "eet_router_after_block": 0,
  "eet_ffn_skip": false,
  "eet_ffn_target_frac": 0.5,
  "eet_ffn_full_attn": true,
  "eet_depth_affine": false,
  "eet_capacity_anneal_frac": 0.0,
  "eet_learned_schedule": false,
  "eet_departure_summary": false,
  "eet_route_consistency_lambda": 0.0,
  "eet_dense_distill_interval": 0,
  "eet_dense_distill_lambda": 0.5,
  "eet_depth_lr_scale": false,
  "eet_depth_grad_scale": false,
  "eet_detach_aux_from_backbone": false,
  "eet_detach_exit_from_backbone": false,
  "use_code_head": true,
  "sch_head_type": "monarch",
  "sch_bits": 0,
  "sch_order": 2,
  "sch_max_m": 1024,
  "sch_phi_mode": "monomial",
  "sch_code_mode": "binary",
  "sch_code_path": "",
  "sch_code_ecc_bits": 0,
  "sch_code_seed": 1234,
  "sch_phi_density": 0.0,
  "sch_phi_dtype": "fp32",
  "sch_phi_normalize": 1,
  "sch_phi_center": 0,
  "sch_g_type": "linear",
  "sch_g_hidden": 0,
  "sch_g_layers": 2,
  "sch_g_out_std": 0.001,
  "sch_mixture": 1,
  "sch_residual_rank": 0,
  "sch_logit_act": "none",
  "sch_bias": 1,
  "sch_input_mode": "table",
  "sch_input_hidden": 0,
  "sch_product_groups": 8,
  "sch_product_codebook": 256,
  "sch_product_source": "hash",
  "sch_product_impl": "dense",
  "sch_phi_whiten": 0,
  "sch_mixture_per_phi": 0,
  "sch_mixture_topk": 0,
  "sch_mixture_aux": 0.01,
  "sch_monarch_m1": 128
}
Seeded weight init with --seed 1
Checkpoints directory: /__modal/volumes/vo-jaDveSbCVkG3mPlUhst9MZ/out/c09_monarch_m1/d8/MON_M1024_m1_128_s1/depth_8/ckpt_base/base
Resuming optimization from step 1200
✓ Wrapping model with DistributedDataParallel (rank 0, find_unused_parameters=False, broadcast_buffers=False)
Parameter counts:
wte                     : 67,108,864
wpe                     : 0
value_embeds            : 268,435,456
lm_head                 : 17,432,576
transformer_matrices    : 25,166,336
research                : 0
scalars                 : 16
total                   : 378,143,248
Estimated FLOPs per token (total):  2.896722e+08
Estimated FLOPs per token (active): 2.896722e+08
Estimated active params:            378,143,248
[SCH] head=monarch V=131072, M=1024, m1=128, m2=8, block_out=16384, rank_ceiling=513 | head params 17,432,576 | head FLOPs/token 104,071,168 | dense equivalent 402,653,184
Scaling LRs by 0.7071 for batch size 262,144 (reference: 524,288)
Scaling weight decay from 0.200000 to 0.084573 for depth 8
Scaling the LR for the AdamW parameters ∝1/√(512/768) = 1.224745
Calculated number of iterations from target data:param ratio: 3,696
Total number of training tokens: 968,884,224
Tokens : Scaling params ratio: 22.74
Total training FLOPs estimate: 2.806588e+17
Total training FLOPs (active):  2.806588e+17
Total active training FLOPs estimate: 2.806588e+17
Using base scheduler: linear warmup/flat/linear warmdown
Tokens / micro-batch / rank: 32 x 2048 = 65,536
Tokens / micro-batch: 65,536
Total batch size 262,144 => gradient accumulation steps: 4
[rank0]:W0905 00:00:48.205000 361 site-packages/torch/_logging/_internal.py:1199] [0/0] Profiler function <class 'torch.autograd.profiler.record_function'> will be ignored
step 01200/03696 (32.47%) | loss: 3.588889 | lrm: 1.00 | lr(adamw:4.071e-01, muon:1.414e-02) | dt: 36328.22ms | tok/sec: 7,215 | bf16_mfu: 0.21 | epoch: 1 pq: 7 rg: 36 | total time: 8.84m | eta: 18.5m
2026-09-05 00:02:48,866 - nanochat.checkpoint_manager - INFO - Saved model parameters to: /__modal/volumes/vo-jaDveSbCVkG3mPlUhst9MZ/out/c09_monarch_m1/d8/MON_M1024_m1_128_s1/depth_8/ckpt_base/base/model_001400.pt
2026-09-05 00:02:48,870 - nanochat.checkpoint_manager - INFO - Saved metadata to: /__modal/volumes/vo-jaDveSbCVkG3mPlUhst9MZ/out/c09_monarch_m1/d8/MON_M1024_m1_128_s1/depth_8/ckpt_base/base/meta_001400.json
2026-09-05 00:02:52,171 - nanochat.checkpoint_manager - INFO - Saved optimizer state to: /__modal/volumes/vo-jaDveSbCVkG3mPlUhst9MZ/out/c09_monarch_m1/d8/MON_M1024_m1_128_s1/depth_8/ckpt_base/base/optim_001400_rank0.pt
Removed previous periodic checkpoint at step 001200
step 01400/03696 (37.88%) | loss: 3.590385 | lrm: 0.96 | lr(adamw:3.900e-01, muon:1.355e-02) | dt: 399.36ms | tok/sec: 656,405 | bf16_mfu: 19.23 | epoch: 1 pq: 8 rg: 58 | total time: 10.22m | eta: 16.9m
2026-09-05 00:04:16,928 - nanochat.checkpoint_manager - INFO - Saved model parameters to: /__modal/volumes/vo-jaDveSbCVkG3mPlUhst9MZ/out/c09_monarch_m1/d8/MON_M1024_m1_128_s1/depth_8/ckpt_base/base/model_001600.pt
2026-09-05 00:04:16,933 - nanochat.checkpoint_manager - INFO - Saved metadata to: /__modal/volumes/vo-jaDveSbCVkG3mPlUhst9MZ/out/c09_monarch_m1/d8/MON_M1024_m1_128_s1/depth_8/ckpt_base/base/meta_001600.json
2026-09-05 00:04:20,183 - nanochat.checkpoint_manager - INFO - Saved optimizer state to: /__modal/volumes/vo-jaDveSbCVkG3mPlUhst9MZ/out/c09_monarch_m1/d8/MON_M1024_m1_128_s1/depth_8/ckpt_base/base/optim_001600_rank0.pt
Removed previous periodic checkpoint at step 001400
step 01600/03696 (43.29%) | loss: 3.556971 | lrm: 0.88 | lr(adamw:3.578e-01, muon:1.243e-02) | dt: 402.88ms | tok/sec: 650,671 | bf16_mfu: 19.06 | epoch: 1 pq: 9 rg: 78 | total time: 11.60m | eta: 15.3m
2026-09-05 00:05:45,202 - nanochat.checkpoint_manager - INFO - Saved model parameters to: /__modal/volumes/vo-jaDveSbCVkG3mPlUhst9MZ/out/c09_monarch_m1/d8/MON_M1024_m1_128_s1/depth_8/ckpt_base/base/model_001800.pt
2026-09-05 00:05:45,207 - nanochat.checkpoint_manager - INFO - Saved metadata to: /__modal/volumes/vo-jaDveSbCVkG3mPlUhst9MZ/out/c09_monarch_m1/d8/MON_M1024_m1_128_s1/depth_8/ckpt_base/base/meta_001800.json
2026-09-05 00:05:48,154 - nanochat.checkpoint_manager - INFO - Saved optimizer state to: /__modal/volumes/vo-jaDveSbCVkG3mPlUhst9MZ/out/c09_monarch_m1/d8/MON_M1024_m1_128_s1/depth_8/ckpt_base/base/optim_001800_rank0.pt
Removed previous periodic checkpoint at step 001600
step 01800/03696 (48.70%) | loss: 3.513757 | lrm: 0.80 | lr(adamw:3.256e-01, muon:1.131e-02) | dt: 402.80ms | tok/sec: 650,810 | bf16_mfu: 19.06 | epoch: 1 pq: 11 rg: 14 | total time: 12.99m | eta: 13.8m
<|bos|>The capital of France is the Loire Valley. The Loire Valley is the largest city in the world. The
<|bos|>The chemical symbol of gold is gold. It is a symbol of the gold of the world. It is a
<|bos|>If yesterday was Friday, then tomorrow will be the day of the year. The 2017-18 school year is a
<|bos|>The opposite of hot is the hot. The hot is the hot. The hot is the cold. The
<|bos|>The planets of the solar system are: 1. The solar system is the most abundant planet in the solar system.
<|bos|>My favorite color is white. I love white because it is a great color for a lot of people
<|bos|>If 5*x + 3 = 13, then x is the number of times the 5 is 3. If x is the number
2026-09-05 00:07:14,056 - nanochat.checkpoint_manager - INFO - Saved model parameters to: /__modal/volumes/vo-jaDveSbCVkG3mPlUhst9MZ/out/c09_monarch_m1/d8/MON_M1024_m1_128_s1/depth_8/ckpt_base/base/model_002000.pt
2026-09-05 00:07:14,060 - nanochat.checkpoint_manager - INFO - Saved metadata to: /__modal/volumes/vo-jaDveSbCVkG3mPlUhst9MZ/out/c09_monarch_m1/d8/MON_M1024_m1_128_s1/depth_8/ckpt_base/base/meta_002000.json
2026-09-05 00:07:17,395 - nanochat.checkpoint_manager - INFO - Saved optimizer state to: /__modal/volumes/vo-jaDveSbCVkG3mPlUhst9MZ/out/c09_monarch_m1/d8/MON_M1024_m1_128_s1/depth_8/ckpt_base/base/optim_002000_rank0.pt
Removed previous periodic checkpoint at step 001800
step 02000/03696 (54.11%) | loss: 3.455637 | lrm: 0.72 | lr(adamw:2.934e-01, muon:1.019e-02) | dt: 403.05ms | tok/sec: 650,395 | bf16_mfu: 19.05 | epoch: 1 pq: 12 rg: 34 | total time: 14.38m | eta: 12.3m
2026-09-05 00:08:42,649 - nanochat.checkpoint_manager - INFO - Saved model parameters to: /__modal/volumes/vo-jaDveSbCVkG3mPlUhst9MZ/out/c09_monarch_m1/d8/MON_M1024_m1_128_s1/depth_8/ckpt_base/base/model_002200.pt
2026-09-05 00:08:42,652 - nanochat.checkpoint_manager - INFO - Saved metadata to: /__modal/volumes/vo-jaDveSbCVkG3mPlUhst9MZ/out/c09_monarch_m1/d8/MON_M1024_m1_128_s1/depth_8/ckpt_base/base/meta_002200.json
2026-09-05 00:08:45,788 - nanochat.checkpoint_manager - INFO - Saved optimizer state to: /__modal/volumes/vo-jaDveSbCVkG3mPlUhst9MZ/out/c09_monarch_m1/d8/MON_M1024_m1_128_s1/depth_8/ckpt_base/base/optim_002200_rank0.pt
Removed previous periodic checkpoint at step 002000
step 02200/03696 (59.52%) | loss: 3.459475 | lrm: 0.64 | lr(adamw:2.612e-01, muon:9.075e-03) | dt: 403.05ms | tok/sec: 650,398 | bf16_mfu: 19.05 | epoch: 1 pq: 13 rg: 54 | total time: 15.78m | eta: 10.8m
2026-09-05 00:10:11,203 - nanochat.checkpoint_manager - INFO - Saved model parameters to: /__modal/volumes/vo-jaDveSbCVkG3mPlUhst9MZ/out/c09_monarch_m1/d8/MON_M1024_m1_128_s1/depth_8/ckpt_base/base/model_002400.pt
2026-09-05 00:10:11,207 - nanochat.checkpoint_manager - INFO - Saved metadata to: /__modal/volumes/vo-jaDveSbCVkG3mPlUhst9MZ/out/c09_monarch_m1/d8/MON_M1024_m1_128_s1/depth_8/ckpt_base/base/meta_002400.json
2026-09-05 00:10:14,271 - nanochat.checkpoint_manager - INFO - Saved optimizer state to: /__modal/volumes/vo-jaDveSbCVkG3mPlUhst9MZ/out/c09_monarch_m1/d8/MON_M1024_m1_128_s1/depth_8/ckpt_base/base/optim_002400_rank0.pt
Removed previous periodic checkpoint at step 002200
step 02400/03696 (64.94%) | loss: 3.420837 | lrm: 0.56 | lr(adamw:2.290e-01, muon:7.956e-03) | dt: 403.32ms | tok/sec: 649,968 | bf16_mfu: 19.04 | epoch: 1 pq: 14 rg: 73 | total time: 17.17m | eta: 9.3m
2026-09-05 00:11:39,829 - nanochat.checkpoint_manager - INFO - Saved model parameters to: /__modal/volumes/vo-jaDveSbCVkG3mPlUhst9MZ/out/c09_monarch_m1/d8/MON_M1024_m1_128_s1/depth_8/ckpt_base/base/model_002600.pt
2026-09-05 00:11:39,834 - nanochat.checkpoint_manager - INFO - Saved metadata to: /__modal/volumes/vo-jaDveSbCVkG3mPlUhst9MZ/out/c09_monarch_m1/d8/MON_M1024_m1_128_s1/depth_8/ckpt_base/base/meta_002600.json
2026-09-05 00:11:43,152 - nanochat.checkpoint_manager - INFO - Saved optimizer state to: /__modal/volumes/vo-jaDveSbCVkG3mPlUhst9MZ/out/c09_monarch_m1/d8/MON_M1024_m1_128_s1/depth_8/ckpt_base/base/optim_002600_rank0.pt
Removed previous periodic checkpoint at step 002400
step 02600/03696 (70.35%) | loss: 3.387090 | lrm: 0.48 | lr(adamw:1.968e-01, muon:6.837e-03) | dt: 406.16ms | tok/sec: 645,418 | bf16_mfu: 18.90 | epoch: 1 pq: 16 rg: 10 | total time: 18.57m | eta: 7.9m
2026-09-05 00:13:08,905 - nanochat.checkpoint_manager - INFO - Saved model parameters to: /__modal/volumes/vo-jaDveSbCVkG3mPlUhst9MZ/out/c09_monarch_m1/d8/MON_M1024_m1_128_s1/depth_8/ckpt_base/base/model_002800.pt
2026-09-05 00:13:08,909 - nanochat.checkpoint_manager - INFO - Saved metadata to: /__modal/volumes/vo-jaDveSbCVkG3mPlUhst9MZ/out/c09_monarch_m1/d8/MON_M1024_m1_128_s1/depth_8/ckpt_base/base/meta_002800.json
2026-09-05 00:13:12,225 - nanochat.checkpoint_manager - INFO - Saved optimizer state to: /__modal/volumes/vo-jaDveSbCVkG3mPlUhst9MZ/out/c09_monarch_m1/d8/MON_M1024_m1_128_s1/depth_8/ckpt_base/base/optim_002800_rank0.pt
Removed previous periodic checkpoint at step 002600
step 02800/03696 (75.76%) | loss: 3.347510 | lrm: 0.40 | lr(adamw:1.646e-01, muon:5.719e-03) | dt: 405.10ms | tok/sec: 647,115 | bf16_mfu: 18.95 | epoch: 1 pq: 17 rg: 29 | total time: 19.97m | eta: 6.4m
2026-09-05 00:14:38,346 - nanochat.checkpoint_manager - INFO - Saved model parameters to: /__modal/volumes/vo-jaDveSbCVkG3mPlUhst9MZ/out/c09_monarch_m1/d8/MON_M1024_m1_128_s1/depth_8/ckpt_base/base/model_003000.pt
2026-09-05 00:14:38,350 - nanochat.checkpoint_manager - INFO - Saved metadata to: /__modal/volumes/vo-jaDveSbCVkG3mPlUhst9MZ/out/c09_monarch_m1/d8/MON_M1024_m1_128_s1/depth_8/ckpt_base/base/meta_003000.json
2026-09-05 00:14:42,222 - nanochat.checkpoint_manager - INFO - Saved optimizer state to: /__modal/volumes/vo-jaDveSbCVkG3mPlUhst9MZ/out/c09_monarch_m1/d8/MON_M1024_m1_128_s1/depth_8/ckpt_base/base/optim_003000_rank0.pt
Removed previous periodic checkpoint at step 002800
step 03000/03696 (81.17%) | loss: 3.320157 | lrm: 0.33 | lr(adamw:1.324e-01, muon:4.600e-03) | dt: 411.33ms | tok/sec: 637,308 | bf16_mfu: 18.67 | epoch: 1 pq: 18 rg: 47 | total time: 21.38m | eta: 5.0m
2026-09-05 00:16:08,223 - nanochat.checkpoint_manager - INFO - Saved model parameters to: /__modal/volumes/vo-jaDveSbCVkG3mPlUhst9MZ/out/c09_monarch_m1/d8/MON_M1024_m1_128_s1/depth_8/ckpt_base/base/model_003200.pt
2026-09-05 00:16:08,227 - nanochat.checkpoint_manager - INFO - Saved metadata to: /__modal/volumes/vo-jaDveSbCVkG3mPlUhst9MZ/out/c09_monarch_m1/d8/MON_M1024_m1_128_s1/depth_8/ckpt_base/base/meta_003200.json
2026-09-05 00:16:11,493 - nanochat.checkpoint_manager - INFO - Saved optimizer state to: /__modal/volumes/vo-jaDveSbCVkG3mPlUhst9MZ/out/c09_monarch_m1/d8/MON_M1024_m1_128_s1/depth_8/ckpt_base/base/optim_003200_rank0.pt
Removed previous periodic checkpoint at step 003000
step 03200/03696 (86.58%) | loss: 3.305998 | lrm: 0.25 | lr(adamw:1.002e-01, muon:3.481e-03) | dt: 407.22ms | tok/sec: 643,744 | bf16_mfu: 18.85 | epoch: 1 pq: 19 rg: 66 | total time: 22.78m | eta: 3.5m
2026-09-05 00:17:37,649 - nanochat.checkpoint_manager - INFO - Saved model parameters to: /__modal/volumes/vo-jaDveSbCVkG3mPlUhst9MZ/out/c09_monarch_m1/d8/MON_M1024_m1_128_s1/depth_8/ckpt_base/base/model_003400.pt
2026-09-05 00:17:37,653 - nanochat.checkpoint_manager - INFO - Saved metadata to: /__modal/volumes/vo-jaDveSbCVkG3mPlUhst9MZ/out/c09_monarch_m1/d8/MON_M1024_m1_128_s1/depth_8/ckpt_base/base/meta_003400.json
2026-09-05 00:17:41,230 - nanochat.checkpoint_manager - INFO - Saved optimizer state to: /__modal/volumes/vo-jaDveSbCVkG3mPlUhst9MZ/out/c09_monarch_m1/d8/MON_M1024_m1_128_s1/depth_8/ckpt_base/base/optim_003400_rank0.pt
Removed previous periodic checkpoint at step 003200
step 03400/03696 (91.99%) | loss: 3.285465 | lrm: 0.17 | lr(adamw:6.801e-02, muon:2.363e-03) | dt: 408.58ms | tok/sec: 641,590 | bf16_mfu: 18.79 | epoch: 1 pq: 21 rg: 3 | total time: 24.19m | eta: 2.1m
2026-09-05 00:19:07,615 - nanochat.checkpoint_manager - INFO - Saved model parameters to: /__modal/volumes/vo-jaDveSbCVkG3mPlUhst9MZ/out/c09_monarch_m1/d8/MON_M1024_m1_128_s1/depth_8/ckpt_base/base/model_003600.pt
2026-09-05 00:19:07,619 - nanochat.checkpoint_manager - INFO - Saved metadata to: /__modal/volumes/vo-jaDveSbCVkG3mPlUhst9MZ/out/c09_monarch_m1/d8/MON_M1024_m1_128_s1/depth_8/ckpt_base/base/meta_003600.json
2026-09-05 00:19:10,890 - nanochat.checkpoint_manager - INFO - Saved optimizer state to: /__modal/volumes/vo-jaDveSbCVkG3mPlUhst9MZ/out/c09_monarch_m1/d8/MON_M1024_m1_128_s1/depth_8/ckpt_base/base/optim_003600_rank0.pt
Removed previous periodic checkpoint at step 003400
step 03600/03696 (97.40%) | loss: 3.260751 | lrm: 0.09 | lr(adamw:3.581e-02, muon:1.244e-03) | dt: 409.29ms | tok/sec: 640,482 | bf16_mfu: 18.76 | epoch: 1 pq: 22 rg: 22 | total time: 25.60m | eta: 0.7m
step 03695/03696 (99.97%) | loss: 3.249353 | lrm: 0.05 | lr(adamw:2.051e-02, muon:7.127e-04) | dt: 422.97ms | tok/sec: 619,764 | bf16_mfu: 18.15 | epoch: 1 pq: 22 rg: 71 | total time: 26.27m | eta: 0.0m
Step 03696 | Validation bpb: 0.939799 | val_loss: 3.270106
<|bos|>The capital of France is the city of Paris. The city is located in the capital of Paris, which
<|bos|>The chemical symbol of gold is Au. The symbol of gold is Au. The symbol of gold is Au.
<|bos|>If yesterday was Friday, then tomorrow will be Friday, and tomorrow will be Saturday. I'm not sure if I'm going
<|bos|>The opposite of hot is cold. The cold is the opposite of hot. The cold is the opposite of
<|bos|>The planets of the solar system are: 1) the sun, 2) the moon, 3) the
<|bos|>My favorite color is white. I love it because it's a great color to use in a color
<|bos|>If 5*x + 3 = 13, then x is 5*x + 3 = 13. If 5*x + 
2026-09-05 00:20:52,466 - nanochat.checkpoint_manager - INFO - Saved model parameters to: /__modal/volumes/vo-jaDveSbCVkG3mPlUhst9MZ/out/c09_monarch_m1/d8/MON_M1024_m1_128_s1/depth_8/ckpt_base/base/model_003696.pt
2026-09-05 00:20:52,470 - nanochat.checkpoint_manager - INFO - Saved metadata to: /__modal/volumes/vo-jaDveSbCVkG3mPlUhst9MZ/out/c09_monarch_m1/d8/MON_M1024_m1_128_s1/depth_8/ckpt_base/base/meta_003696.json
2026-09-05 00:20:55,720 - nanochat.checkpoint_manager - INFO - Saved optimizer state to: /__modal/volumes/vo-jaDveSbCVkG3mPlUhst9MZ/out/c09_monarch_m1/d8/MON_M1024_m1_128_s1/depth_8/ckpt_base/base/optim_003696_rank0.pt
step 03696/03696 (final) | loss: 3.249353 | early_stop: 0
Peak memory usage: 82539.21MiB
Total training time: 26.27m
Minimum validation bpb: 0.939799
Minimum validation loss (nats/byte): 3.270106
[SCH] run_tag=base  phi_width_M=1024  rank_ceiling=513  rank_effective_rank=551  val_bpb=0.9398  bpb_tail_minus_head=0.4109
Final Validation BPB for base: 0.9398

--- Generating Report ---
Saved plot to out/c09_monarch_m1/d8/MON_M1024_m1_128_s1/depth_8/comparison_depth_8.png
Saved TSV data to out/c09_monarch_m1/d8/MON_M1024_m1_128_s1/depth_8/results_depth_8.tsv
Generating report to out/report/report.md
Copying report.md to current directory for convenience
================================================================
Sweep Complete! Results saved to out/c09_monarch_m1/d8/MON_M1024_m1_128_s1
================================================================
OK    MON_M1024_m1_128_s1

============================================================
  C09 complete.

    python -m scripts.sweep_report out/c09_monarch_m1/d<DEPTH>

  READ THE MFU COLUMN FIRST. That is what this sweep exists for.
    dense at V=131072 depth 8:  36.06%
    m1=32 (the arm that won on FLOPs and not on time):  13.74%
  If MFU does not climb with m1, K was not the bottleneck and the
  remaining suspect is the unavoidable full-width clone in the head.

  THEN THE TRADE. Break-even gap at the measured 0.3672 bpb/decade:
    m1= 32  model 0.364x dense  break-even +0.1611   measured gap +0.1111
    m1= 64  model 0.407x dense  break-even +0.1434
    m1=128  model 0.492x dense  break-even +0.1130
    m1=256  model 0.664x dense  break-even +0.0654
  Larger m1 costs FLOPs, so it has to buy either MFU or bpb to be worth it.
  m1=8 cost 0.124 bpb against m1=32 in c05, so the gap may well shrink
  going up, which would move the break-even column in Monarch's favour.

  WHAT WOULD END THIS: MFU flat across m1, and the gap flat too. Then the
  head is memory bound on the clone, not compute bound on K, and no choice
  of factorisation fixes it. The fix would be a fused grouped GEMM that
  writes its output transposed.
============================================================
