============================================================
  P16 isoFLOP comparison   C = 7.648178e+17 active FLOPs
  arms: shared_d
  out out/p16_isoflop_shared_d
============================================================

=== ISOF_mst_shared_d_d16_s1 (depth 16, C=7.648178e+17 active FLOPs) ===
Requested NPROC_PER_NODE=8, but only 1 GPU(s) visible. Capping.
Using NPROC_PER_NODE=1
NANOCHAT_SKIP_ENV_SETUP=0
===== GPU Info =====
Fri Sep 11 08:16:19 2026       
+-----------------------------------------------------------------------------------------+
| NVIDIA-SMI 580.95.05              Driver Version: 580.95.05      CUDA Version: 13.0     |
+-----------------------------------------+------------------------+----------------------+
| GPU  Name                 Persistence-M | Bus-Id          Disp.A | Volatile Uncorr. ECC |
| Fan  Temp   Perf          Pwr:Usage/Cap |           Memory-Usage | GPU-Util  Compute M. |
|                                         |                        |               MIG M. |
|=========================================+========================+======================|
|   0  NVIDIA H200                    On  |   00000000:CC:00.0 Off |                    0 |
| N/A   34C    P0             78W /  700W |       4MiB / 143771MiB |      0%      Default |
|                                         |                        |             Disabled |
+-----------------------------------------+------------------------+----------------------+

+-----------------------------------------------------------------------------------------+
| Processes:                                                                              |
|  GPU   GI   CI              PID   Type   Process name                        GPU Memory |
|        ID   ID                                                               Usage      |
|=========================================================================================|
|  No running processes found                                                             |
+-----------------------------------------------------------------------------------------+
Starting Research Sweep. Output directory: out/p16_isoflop_shared_d/ISOF_mst_shared_d_d16_s1
UV_SYSTEM_PYTHON=1: using system Python, skipping venv creation.
Validating system environment dependencies via uv...
Using Python 3.12.10 environment at: /usr/local
Resolved 158 packages in 529ms
   Building nanochat @ file:///__modal/volumes/vo-5lJiXYRRv6peac8JOAv0eu
Downloading blis (10.8MiB)
Downloading thinc (3.7MiB)
Downloading spacy (33.9MiB)
Downloading srsly (1.1MiB)
 Downloading blis
 Downloading srsly
 Downloading thinc
 Downloading spacy
      Built nanochat @ file:///__modal/volumes/vo-5lJiXYRRv6peac8JOAv0eu
Prepared 17 packages in 1.93s
Uninstalled 1 package in 1ms
Installed 17 packages in 52ms
 + blis==1.3.3
 + catalogue==2.0.10
 + cloudpathlib==0.25.0
 + confection==1.3.3
 + cymem==2.0.13
 + murmurhash==1.0.15
 - nanochat==0.1.0 (from file:///root)
 + nanochat==0.1.0 (from file:///__modal/volumes/vo-5lJiXYRRv6peac8JOAv0eu)
 + preshed==3.0.13
 + smart-open==8.0.1
 + spacy==3.8.16
 + spacy-legacy==3.0.12
 + spacy-loggers==1.0.5
 + srsly==2.5.3
 + thinc==8.3.13
 + wasabi==1.1.3
 + weasel==1.0.0
 + wrapt==2.4.1
Reset report and wrote header to out/report/header.md
Dataset (up to 300 shards) already exists in data, skipping download.
Tokenizer already exists in tokenizer, skipping training.
================================================================
Processing Depth: 16
================================================================
2026-09-11 08:16:34,579 - httpx - INFO - HTTP Request: HEAD https://huggingface.co/varunneal/flash-attention-3/resolve/main/kernel-status.toml "HTTP/1.1 404 Not Found"
2026-09-11 08:16:34,660 - httpx - INFO - HTTP Request: GET https://huggingface.co/api/models/varunneal/flash-attention-3/tree/main/build?recursive=false&expand=false "HTTP/1.1 200 OK"
2026-09-11 08:16:34,758 - httpx - INFO - HTTP Request: GET https://huggingface.co/api/models/varunneal/flash-attention-3/revision/main "HTTP/1.1 200 OK"
2026-09-11 08:16:34,846 - httpx - INFO - HTTP Request: HEAD https://huggingface.co/varunneal/flash-attention-3/resolve/de87b9b5af06dd9984df595bef90b2eba44b181a/build/torch29-cxx11-cu128-x86_64-linux/flash_attention_3/__init__.py "HTTP/1.1 307 Temporary Redirect"
2026-09-11 08:16:34,847 - httpx - INFO - HTTP Request: HEAD https://huggingface.co/varunneal/flash-attention-3/resolve/de87b9b5af06dd9984df595bef90b2eba44b181a/build/torch29-cxx11-cu128-x86_64-linux/flash_attention_3/_C.abi3.so "HTTP/1.1 302 Found"
2026-09-11 08:16:34,848 - httpx - INFO - HTTP Request: HEAD https://huggingface.co/varunneal/flash-attention-3/resolve/de87b9b5af06dd9984df595bef90b2eba44b181a/build/torch29-cxx11-cu128-x86_64-linux/flash_attention_3/flash_attn_interface.py "HTTP/1.1 307 Temporary Redirect"
2026-09-11 08:16:34,851 - httpx - INFO - HTTP Request: HEAD https://huggingface.co/varunneal/flash-attention-3/resolve/de87b9b5af06dd9984df595bef90b2eba44b181a/build/torch29-cxx11-cu128-x86_64-linux/flash_attention_3/flash_attn_config.py "HTTP/1.1 307 Temporary Redirect"
2026-09-11 08:16:34,853 - httpx - INFO - HTTP Request: HEAD https://huggingface.co/api/resolve-cache/models/varunneal/flash-attention-3/de87b9b5af06dd9984df595bef90b2eba44b181a/build%2Ftorch29-cxx11-cu128-x86_64-linux%2Fflash_attention_3%2F__init__.py "HTTP/1.1 200 OK"
2026-09-11 08:16:34,881 - httpx - INFO - HTTP Request: HEAD https://huggingface.co/api/resolve-cache/models/varunneal/flash-attention-3/de87b9b5af06dd9984df595bef90b2eba44b181a/build%2Ftorch29-cxx11-cu128-x86_64-linux%2Fflash_attention_3%2Fflash_attn_config.py "HTTP/1.1 200 OK"
2026-09-11 08:16:34,883 - httpx - INFO - HTTP Request: HEAD https://huggingface.co/api/resolve-cache/models/varunneal/flash-attention-3/de87b9b5af06dd9984df595bef90b2eba44b181a/build%2Ftorch29-cxx11-cu128-x86_64-linux%2Fflash_attention_3%2Fflash_attn_interface.py "HTTP/1.1 200 OK"
2026-09-11 08:16:34,894 - httpx - INFO - HTTP Request: GET https://huggingface.co/api/resolve-cache/models/varunneal/flash-attention-3/de87b9b5af06dd9984df595bef90b2eba44b181a/build%2Ftorch29-cxx11-cu128-x86_64-linux%2Fflash_attention_3%2F__init__.py "HTTP/1.1 200 OK"
2026-09-11 08:16:34,899 - httpx - INFO - HTTP Request: GET https://huggingface.co/api/resolve-cache/models/varunneal/flash-attention-3/de87b9b5af06dd9984df595bef90b2eba44b181a/build%2Ftorch29-cxx11-cu128-x86_64-linux%2Fflash_attention_3%2Fflash_attn_interface.py "HTTP/1.1 200 OK"
2026-09-11 08:16:34,937 - httpx - INFO - HTTP Request: GET https://huggingface.co/api/resolve-cache/models/varunneal/flash-attention-3/de87b9b5af06dd9984df595bef90b2eba44b181a/build%2Ftorch29-cxx11-cu128-x86_64-linux%2Fflash_attention_3%2Fflash_attn_config.py "HTTP/1.1 200 OK"
2026-09-11 08:16:34,968 - httpx - INFO - HTTP Request: GET https://huggingface.co/api/models/varunneal/flash-attention-3/xet-read-token/de87b9b5af06dd9984df595bef90b2eba44b181a "HTTP/1.1 200 OK"
[sweep] Requested 8 DDP workers but only 1 GPU(s) available — using 1.
================================================================
Starting Sweep for Depth 16
Target Tokens: Auto (per-model param count)
================================================================
  Overriding default target_dim (128) with full model_dim 1024

--- Training base ---

  ┌─────────────────────────────────────────────────────┐
  │  🆕  STARTING FRESH: [base]
  │     No checkpoints found — training from scratch.
  └─────────────────────────────────────────────────────┘

Running: /usr/local/bin/torchrun --standalone --nproc_per_node=1 -m scripts.base_train --depth 16 --aspect-ratio 64 --head-dim 128 --model-dim 1024 --max-seq-len 2048 --device-batch-size 64 --total-batch-size 262144 --target-tokens -1 --target-active-flops 7.648178e+17 --eval-every -1 --log-every 200 --core-metric-every 0 --save-every 200 --warmup-ratio 0.005 --warmdown-ratio 0.65 --final-lr-frac 0.05 --adam-beta2 0.99 --research-warmup-ratio 0.05 --use-onecycle 0 --router-context-window -1 --remix-use-basis-gate 1 --remix-use-output-gate 1 --remix-use-context 1 --remix-basis-gate-mode mlp --remix-gate-lr-scale 0.3 --p22-n-templates 1 --p22-template-routing-learned 0 --p22-template-topk 0 --p22-attn-moe-route none --p26-output-gated-linear 0 --p28-shared-basis 0 --p28-chunk-routing-size 0 --p28-global-template-bank none --p28-attn-proj-templates 0 --p28-attn-qk-templates 0 --p31-chunk-route-impl compose --p31-top1-gate ones --p31-template-delta-rank 0 --p31-route-side output --p31-drop-basis-proj 0 --p31-basis-side-templates 0 --remix-template-block-diag 0 --remix-template-lr-scale 1.0 --p29-grad-equalize 0 --target-active-params 0 --compile-regional 0 --timing-probe-steps 0 --compile-mode default --remix-basis-gate-rank 8 --cclblock-modulation weight --cclblock-orth-lambda 0.0 --p35-template-diversity-lambda 0.0 --cclblock-context-stream local --cclblock-ema-factor 0.99 --cclblock-stale-ctx-lag 0 --cclblock-sparse-gate-k 0 --cclblock-gate-temperature 1.0 --cclblock-context-bank-size 0 --cclblock-per-head-ctx 0 --cclblock-context-source norm_x --cclblock-chunk-size 0 --cclblock-aux-objective none --cclblock-aux-lambda 0.1 --cclblock-boundary-token-id 198 --use-ral 0 --ral-rank 32 --p34-ffn-schedule  --p34-ffn-no-ffn-replacement none --p34-ffn-last-depth 1 --p36-swiglu-ffn 0 --p36-swiglu-mult 2.6666666666666665 --cond-sites both --p22-route-affine 0 --cond-rank 256 --cond-mult-steps 0 --cond-gate-source router --cond-coeff-act centered --cond-router-rank 0 --cond-router-act none --cond-live-init 0.0 --cond-chunk-size 0 --cond-mult-scale -1.0 --cond-mult-impl wy --cond-attn-projs qkvo --cond-layer-frac 1.0 --cclblock-film-gate 0 --cclblock-attn-shadow-dim 0 --cclblock-dynamic-ratio 0.25 --cclblock-gate-rank 8 --cclblock-num-regimes 8 --cclblock-regime-temperature 1.0 --cclblock-poly-order 2 --cclblock-lie-generators 4 --cclblock-grassmann-bank-size 4 --cclblock-tucker-rank 32 --cclblock-tucker-modes 8 --cclblock-svs-rank 64 --cclblock-svs-eps 0.1 --cclblock-vq-codes 8 --cclblock-vq-temperature 1.0 --cclblock-dcu-warmup-steps 0 --cclblock-fsi-rotations 8 --cclblock-fsi-selector-dim 64 --cclblock-aesp-strata 4 --cclblock-aesp-delta-rank 4 --cclblock-ckr-branches 4 --cclblock-ckr-kernel-size 64 --cclblock-ckr-pos-channels 1 --cclblock-ckr-dual-optim 0 --cclblock-ckr-content-bias 0.0 --cclblock-giad-rank 32 --cclblock-psg-kernel-size 64 --cclblock-ss-dynamic-ratio 0.25 --cclblock-ss-branches 2 --cclblock-ss-kernel-size 64 --cclblock-lokr-branches 8 --cclblock-lokr-rank 16 --cclblock-ckr-temp-start 2.0 --cclblock-ckr-temp-end 0.3 --cclblock-com-kernel-size 32 --cclblock-ckr-ortho-init 0 --cclblock-ckr-branch-dropout 0.0 --cclblock-ckr-diversity-lambda 0.0 --cclblock-pgr-kernel-size 64 --cclblock-cil-kernel-size 64 --cclblock-prb-kernel-size 64 --p18-layer-drop 0.0 --p18-dynamic-activation 0 --p18-mixture-norm 0 --p18-aux-sim-lambda 0.0 --p18-gradient-penalty 0.0 --p18-per-channel-scale 0 --p19-residual-gate 0 --p19-head-importance 0 --p19-residual-mix-groups 0 --p19-attn-logit-bias 0 --p19-residual-decay 0 --p19-grad-equilibrium 0.0 --p19-spectral-reparam 0 --p19-weight-anticollapse 0.0 --p19-ve-bias 0 --p19-weight-noise 0.0 --p20-hrcs-scale 0 --p20-lswr-scale 0 --p20-lswr-planes 8 --p20-lrcfb-branches 0 --p20-lrcfb-narrow 0 --p20-lrcfb-learned 0 --p20-lrcfb-topk 0 --p20-dgcr-branches 0 --p20-dgcr-aux-weight 0.01 --p20-mone-experts 0 --p20-mone-topk 0 --p20-mone-narrow 1 --p20-mone-frozen 0 --p20-ncea-branches 0 --p20-ncea-eps 0.1 --p20-adwi 0 --p20-pwu-branches 0 --p20-pwu-phase 1 --p20-fsvd-gate 0 --p20-wbfc-clusters 0 --p20-wbfc-active 0 --p21-per-experts 0 --p21-per-topk 0 --p21-per-learned 0 --p21-per-attn 0 --p23-tiny-expert 0 --p23-n-experts 64 --p23-topk 16 --p23-learned-route 0 --p23-std-moe-experts 0 --p23-std-moe-topk -1 --p23-std-moe-aux-weight 0.01 --p23-lokr 0 --p23-lokr-rank 4 --p23-use-shared-block-router 0 --p23-linear-moe-experts 0 --p23-linear-moe-topk 0 --p23-quantile-route 0 --seed 1 --p34-ffn-mult 4.0 --p34-ffn-single 0 --p34-dense-attn 0 --p24-use-sliced-weight 0 --p24-sliced-weight-reduction-scale 8 --p24-sliced-weight-min-select 128 --p24-sliced-weight-scope per_token --p24-sliced-weight-balance-coeff 0.01 --p24-quantile-route 0 --p24-use-folded-mod 0 --p24-folded-mod-reduction-scale 8 --p24-folded-mod-scope per_layer --p24-folded-mod-gate-act tanh_centered --p24-use-sequence-gated-linear 0 --p24-sequence-gated-scope per_layer --p24-sequence-gated-act tanh_centered --p24-folded-mod-min-dim 128 --remix-shared-context-gates 0 --remix-use-dual-gate 0 --remix-basis-scale-factor 4 --remix-output-gate-rank 16 --p24-use-sliced-weight 0 --p24-sliced-weight-reduction-scale 8 --p24-sliced-weight-min-select 128 --p24-sliced-weight-scope per_token --p24-sliced-weight-balance-coeff 0.01 --p24-quantile-route 0 --p24-use-folded-mod 0 --p24-folded-mod-reduction-scale 8 --p24-folded-mod-scope per_layer --p24-folded-mod-gate-act tanh_centered --p24-use-sequence-gated-linear 0 --p24-sequence-gated-scope per_layer --p24-sequence-gated-act tanh_centered --remix-disable-ln-basis 0 --dense-intermediate-ln 0 --use-mol 0 --mol-n-blocks 5 --mol-n-shared 1 --mol-topk 3 --mol-thin-dim 256 --mol-head-dim 64 --mol-ffn-mult 4.0 --mol-router-aux 0.05 --mol-routed-attn softmax --mol-dispatch 1 --mol-capacity-factor 1.0 --mol-block-lr-scale 1.0 --mol-per-block-ve 0 --use-mst 1 --mst-n-subs 4 --mst-sub-dim 256 --mst-head-dim 0 --mst-input-mode learned_proj --mst-rotated-slice-learned 0 --mst-routing-mode soft_weighted --mst-routing-topk 0 --mst-routing-aux-weight 0.01 --mst-diversity-weight 0.0 --mst-ffn-mode shared_dense --mst-ffn-every 1 --mst-transition-mode aggregate_distribute --mst-final-mode concat_proj --mst-final-topk 0 --mst-ffn-shared-up 0 --mst-ffn-inner-dim 256 --mst-sub-dropout 0.0 --mst-transition-every 1 --mst-ffa-temperature 1.0 --mst-global-residual 0 --mst-hybrid-dense 0 --mst-cross-sub-kv 0 --mst-sub-aux-weight 0.0 --mst-progressive-merge 0 --mst-multi-scale-windows 1 --mst-delta-residual 0 --mst-sub-layers 1 --mst-grad-equalize 1 --mst-block-diagonal-muon 1 --mst-transition-width-mult 4.0 --mst-sub-lr-scale 2.0 --mst-shared-expert 0 --mst-router-entropy-weight 0.0 --mst-shared-kv-attn 0 --mst-contrastive-diversity-weight 0.0 --mst-transition-nonlinear 0 --mst-transition-gated 0 --mst-transition-mlp 0 --mst-cross-sub-gate 0 --mst-hyper-connect 0 --mst-cross-kv-inject 0 --mst-slice-transition 0 --mst-lookback-layers 0 --mst-bilinear-transition 0 --mst-cross-sub-qmod 0 --mst-feature-cycle 0 --mst-mean-transition 0 --mst-sub-head-dim 64 --mst-final-norm 0 --mst-per-stream-ve 1 --mst-ve-map 0 --mst-ve-map-rank 0 --mst-lm-head-dim 0 --mst-compose-windows 1 --mst-channel-mix none --mst-channel-mix-site layer --mst-distribute-block-muon 0 --mst-trans-spectral-lr 0 --mst-talking-heads 0 --mst-wo-mode dense --mst-stream-topk 0 --mst-stream-shared 0 --mst-stream-router-aux 0.01 --mst-stream-router-noise 0.0 --mst-stream-dispatch 0 --mst-stream-capacity-factor 1.0 --mst-stream-gate-attn 0 --mst-ffn-monarch none --mst-shampoo 0 --mst-precond-every 10 --mst-shampoo-beta 0.95 --use-eet 0 --eet-frozen-kv 1 --eet-reenter-final 0 --eet-compute-skip 0 --eet-target-active-frac 0.125 --eet-capacity-schedule bell --eet-exit-fracs  --eet-router-type mlp2 --eet-router-hidden 0 --eet-freq-prior-alpha 0.0 --eet-pos-prior-beta 0.0 --eet-domain-prior 0 --eet-warmup-frac 0.02 --eet-explore-frac 0.15 --eet-reconstruct-lambda 1.0 --eet-efficiency-lambda-start 0.01 --eet-efficiency-lambda-end 0.1 --eet-translator-rank 0 --eet-max-frozen-kv-frac 0.75 --eet-exit-threshold 0.5 --eet-min-exit-layer 1 --eet-loss-variant reconstruct --eet-topk-vocab 512 --eet-entropy-lambda 0.3 --eet-surprise-lambda 0.1 --eet-adv-lambda 1.0 --eet-adv-entropy-lambda 0.2 --eet-quality-lambda 1.0 --eet-quality-entropy-bonus 0.1 --eet-gumbel-temp-start 0.0 --eet-gumbel-temp-end 0.1 --eet-gumbel-hard 1 --eet-commitment-beta 0.1 --eet-global-router 0 --eet-freq-efficiency-alpha 0.0 --eet-diversity-lambda 0.0 --eet-ce-guided-lambda 1.0 --eet-router-lr-mult 5.0 --eet-model-lr-mult 1.0 --eet-depth-weight-type none --eet-depth-weight-max 2.5 --eet-use-override 0 --eet-override-prob-start 0.5 --eet-override-prob-end 0.1 --eet-capacity-alignment-lambda 0.0 --eet-router-task-grad 1 --eet-reinforce-interval 0 --eet-reinforce-lambda 0.1 --eet-exit-adapter-rank 0 --eet-router-after-block 0 --eet-ffn-skip 0 --eet-ffn-target-frac 0.5 --eet-ffn-full-attn 1 --eet-depth-affine 0 --eet-capacity-anneal-frac 0.0 --eet-learned-schedule 0 --eet-departure-summary 0 --eet-route-consistency-lambda 0.0 --eet-dense-distill-interval 0 --eet-dense-distill-lambda 0.5 --eet-depth-lr-scale 0 --eet-depth-grad-scale 0 --eet-detach-aux-from-backbone 0 --eet-detach-exit-from-backbone 0 --eet-kv-mode none --eet-route-noise 0.0 --eet-route-noise-end -1.0 --eet-coverage-diag 0 --eet-kv-eager 0 --deep-supervision-lambda 0.0 --deep-supervision-frac 0.125 --eet-width-power 0.0 --eet-width-cap 16.0 --use-code-head 0 --sch-head-type code --sch-bits 0 --sch-order 2 --sch-max-m 0 --sch-phi-mode monomial --sch-code-mode binary --sch-code-path  --sch-code-ecc-bits 0 --sch-code-seed 1234 --sch-phi-density 0.0 --sch-phi-dtype bf16 --sch-phi-normalize 1 --sch-phi-center 0 --sch-g-type linear --sch-g-hidden 0 --sch-g-layers 2 --sch-g-out-std 0.001 --sch-mixture 1 --sch-residual-rank 0 --sch-logit-act none --sch-bias 0 --sch-input-mode table --sch-input-hidden 0 --sch-product-groups 8 --sch-product-codebook 256 --sch-product-source hash --sch-product-impl dense --sch-phi-whiten 0 --sch-mixture-per-phi 0 --sch-mixture-topk 0 --sch-mixture-aux 0.01 --sch-monarch-m1 0 --sch-monarch-perm none --sch-monarch-perm-path  --sch-tier-bounds  --sch-tier-caps  --sch-tier-order freq --sch-tier-perm-path  --sch-proposal-rank 32 --sch-proposal-topk 16384 --sch-proposal-samples 4096 --sch-proposal-warmup 0 --sch-proposal-chunk 2048 --sch-proposal-aux 1.0 --sch-nfh-mode cp --sch-nfh-rank 32 --sch-nfh-dims  --sch-nfh-groups 3 --sch-nfh-views 1 --sch-nfh-perm none --sch-nfh-perm-path  --sch-nfh-g-type linear --sch-nfh-g-hidden 0 --sch-nfh-chunk 256 --sch-nfh-smooth 0 --sch-rerank-mode topk --sch-rerank-k 64 --sch-rerank-rank 32 --sch-holdout-tokens 0 --sch-holdout-seed 7 --sch-holdout-min-id 256 --sch-holdout-mode target --sch-decile-metrics 1 --sch-rank-probe 0 --sch-eval-steps 100 --compile --tokenizer-dir tokenizer --data-dir data --max-shards 300 --checkpoints-dir /__modal/volumes/vo-5lJiXYRRv6peac8JOAv0eu/out/p16_isoflop_shared_d/ISOF_mst_shared_d_d16_s1/depth_16/ckpt_base --model-tag base
2026-09-11 08:16:48,163 - httpx - INFO - HTTP Request: HEAD https://huggingface.co/varunneal/flash-attention-3/resolve/main/kernel-status.toml "HTTP/1.1 404 Not Found"
2026-09-11 08:16:48,240 - httpx - INFO - HTTP Request: GET https://huggingface.co/api/models/varunneal/flash-attention-3/tree/main/build?recursive=false&expand=false "HTTP/1.1 200 OK"
2026-09-11 08:16:48,332 - httpx - INFO - HTTP Request: GET https://huggingface.co/api/models/varunneal/flash-attention-3/revision/main "HTTP/1.1 200 OK"

                                                       █████                █████
                                                      ░░███                ░░███
     ████████    ██████   ████████    ██████   ██████  ░███████    ██████  ███████
    ░░███░░███  ░░░░░███ ░░███░░███  ███░░███ ███░░███ ░███░░███  ░░░░░███░░░███░
     ░███ ░███   ███████  ░███ ░███ ░███ ░███░███ ░░░  ░███ ░███   ███████  ░███
     ░███ ░███  ███░░███  ░███ ░███ ░███ ░███░███  ███ ░███ ░███  ███░░███  ░███ ███
     ████ █████░░████████ ████ █████░░██████ ░░██████  ████ █████░░███████  ░░█████
    ░░░░ ░░░░░  ░░░░░░░░ ░░░░ ░░░░░  ░░░░░░   ░░░░░░  ░░░░ ░░░░░  ░░░░░░░░   ░░░░░
    
Autodetected device type: cuda
2026-09-11 08:16:49,938 - nanochat.common - INFO - Distributed world size: 1
Device: cuda (ddp=True, world_size=1)
GPU: NVIDIA H200 | Peak FLOPS (BF16): 9.89e+14
COMPUTE_DTYPE: torch.bfloat16 (auto-detected: CUDA SM 90 (bf16 supported))
✓ Using Flash Attention 3 (Hopper GPU detected) — efficient and fast.
Vocab size: 32,768
[MST] Multi-scale sub windows: [(32, 0), (127, 0), (511, 0), (-1, 0)]
[MST] Using compile-optimized BatchedMSTLayer (N=4, d=256)
[MST] 1A: Per-sub gradient equalization hooks registered
Model config:
{
  "sequence_len": 2048,
  "vocab_size": 32768,
  "n_layer": 16,
  "n_head": 8,
  "n_kv_head": 8,
  "n_embd": 1024,
  "use_moe": false,
  "use_perm": false,
  "moe_num_experts": 8,
  "moe_router_dim": 64,
  "moe_embed_dim": 64,
  "dropout": 0.0,
  "use_remix_linear": false,
  "remix_context_dim": 64,
  "remix_context_dim_ratio": 6,
  "remix_basis_size": 64,
  "remix_output_gate_rank": 16,
  "remixed_linear_kwargs": {
    "use_basis_gate": true,
    "use_output_gate": true,
    "use_context": true,
    "basis_gate_mode": "mlp",
    "sparse_gate_k": 0,
    "gate_temperature": 1.0,
    "basis_scale_factor": 4,
    "n_templates": 1,
    "template_routing_learned": false,
    "template_topk": 0,
    "tiny_expert": false,
    "tiny_expert_topk": 16,
    "lokr_expert": false,
    "lokr_n_experts": 64,
    "lokr_topk": 16,
    "lokr_rank": 4,
    "lokr_learned": false,
    "basis_gate_rank": 8,
    "disable_ln_basis": false,
    "chunk_route_impl": "compose",
    "top1_gate": "ones",
    "template_delta_rank": 0,
    "route_side": "output",
    "drop_basis_proj": false,
    "basis_side_templates": 0,
    "grad_equalize": false
  },
  "use_pos_embed": false,
  "moe_use_abs_pos_embed": false,
  "use_layer_context": true,
  "scale_basis_size": true,
  "remix_use_dual_gate": false,
  "remix_use_fused": false,
  "p26_output_gated_linear": 0,
  "p28_shared_basis": 0,
  "p28_chunk_routing_size": 0,
  "p28_global_template_bank": "none",
  "p28_attn_proj_templates": 0,
  "p28_attn_qk_templates": 0,
  "p29_template_block_diag": 0,
  "p29_template_lr_scale": 1.0,
  "p29_grad_equalize": 0,
  "p34_ffn_mult": 4.0,
  "p34_ffn_single": 0,
  "p34_dense_attn": 0,
  "legacy_init_fallback": 0,
  "p35_template_diversity_lambda": 0.0,
  "p22_route_affine": 0,
  "p34_ffn_schedule": "",
  "p34_ffn_no_ffn_replacement": "none",
  "p34_ffn_last_depth": 1,
  "p36_swiglu_ffn": 0,
  "p36_swiglu_mult": 2.6666666666666665,
  "cond_sites": "both",
  "cond_rank": 256,
  "cond_mult_steps": 0,
  "cond_gate_source": "router",
  "cond_coeff_act": "centered",
  "cond_router_rank": 0,
  "cond_live_init": 0.0,
  "cond_router_act": "none",
  "cond_chunk_size": 0,
  "cond_mult_scale": -1.0,
  "cond_mult_impl": "wy",
  "cond_attn_projs": "qkvo",
  "cond_layer_frac": 1.0,
  "perm_expert_mode": "low_rank",
  "perm_rank": 16,
  "router_context_window": -1,
  "router_causal": true,
  "router_num_heads": 4,
  "router_num_queries": 16,
  "router_n_layers": 2,
  "router_use_vocab_prior": false,
  "window_pattern": "SSSL",
  "cclblock_modulation": "weight",
  "cclblock_orth_lambda": 0.0,
  "cclblock_context_stream": "local",
  "cclblock_ema_factor": 0.99,
  "cclblock_stale_ctx_lag": 0,
  "cclblock_sparse_gate_k": 0,
  "cclblock_gate_temperature": 1.0,
  "cclblock_context_bank_size": 0,
  "cclblock_per_head_ctx": false,
  "cclblock_context_source": "norm_x",
  "cclblock_chunk_size": 0,
  "cclblock_aux_objective": "none",
  "cclblock_aux_lambda": 0.1,
  "cclblock_boundary_token_id": 198,
  "use_ral": false,
  "ral_rank": 32,
  "cclblock_film_gate": false,
  "cclblock_attn_shadow_dim": 0,
  "cclblock_dynamic_ratio": 0.25,
  "cclblock_gate_rank": 8,
  "cclblock_num_regimes": 8,
  "cclblock_regime_temperature": 1.0,
  "cclblock_poly_order": 2,
  "cclblock_lie_generators": 4,
  "cclblock_grassmann_bank_size": 4,
  "cclblock_tucker_rank": 32,
  "cclblock_tucker_modes": 8,
  "cclblock_svs_rank": 64,
  "cclblock_svs_eps": 0.1,
  "cclblock_vq_codes": 8,
  "cclblock_vq_temperature": 1.0,
  "cclblock_dcu_warmup_steps": 0,
  "cclblock_fsi_rotations": 8,
  "cclblock_fsi_selector_dim": 64,
  "cclblock_aesp_strata": 4,
  "cclblock_aesp_delta_rank": 4,
  "cclblock_ckr_branches": 4,
  "cclblock_ckr_kernel_size": 64,
  "cclblock_ckr_pos_channels": 1,
  "cclblock_ckr_dual_optim": 0,
  "cclblock_ckr_content_bias": 0.0,
  "cclblock_giad_rank": 32,
  "cclblock_psg_kernel_size": 64,
  "cclblock_ss_dynamic_ratio": 0.25,
  "cclblock_ss_branches": 2,
  "cclblock_ss_kernel_size": 64,
  "cclblock_lokr_branches": 8,
  "cclblock_lokr_rank": 16,
  "cclblock_ckr_temp_start": 2.0,
  "cclblock_ckr_temp_end": 0.3,
  "cclblock_com_kernel_size": 32,
  "cclblock_ckr_ortho_init": 0,
  "cclblock_ckr_branch_dropout": 0.0,
  "cclblock_ckr_diversity_lambda": 0.0,
  "cclblock_ckr_layer_selective": 0,
  "cclblock_pgr_kernel_size": 64,
  "cclblock_cil_kernel_size": 64,
  "cclblock_prb_kernel_size": 64,
  "p18_layer_drop": 0.0,
  "p18_dynamic_activation": 0,
  "p18_mixture_norm": 0,
  "p18_causal_attn_bias": 0,
  "p18_aux_sim_lambda": 0.0,
  "p18_gradient_penalty": 0.0,
  "p18_per_channel_scale": 0,
  "p19_residual_gate": 0,
  "p19_head_importance": 0,
  "p19_residual_mix_groups": 0,
  "p19_attn_logit_bias": 0,
  "p19_residual_decay": 0,
  "p19_grad_equilibrium": 0.0,
  "p19_spectral_reparam": 0,
  "p19_weight_anticollapse": 0.0,
  "p19_ve_bias": 0,
  "p19_weight_noise": 0.0,
  "p20_hrcs_scale": 0,
  "p20_lswr_scale": 0,
  "p20_lswr_planes": 8,
  "p20_lrcfb_branches": 0,
  "p20_lrcfb_narrow": 0,
  "p20_lrcfb_learned": 0,
  "p20_lrcfb_topk": 0,
  "p20_dgcr_branches": 0,
  "p20_dgcr_aux_weight": 0.01,
  "p20_mone_experts": 0,
  "p20_mone_topk": 0,
  "p20_mone_narrow": 1,
  "p20_mone_frozen": 0,
  "p20_ncea_branches": 0,
  "p20_ncea_eps": 0.1,
  "p20_adwi": 0,
  "p20_pwu_branches": 0,
  "p20_pwu_phase": 1,
  "p20_fsvd_gate": 0,
  "p20_wbfc_clusters": 0,
  "p20_wbfc_active": 0,
  "p21_per_experts": 0,
  "p21_per_topk": 0,
  "p21_per_learned": 0,
  "p21_per_attn": 0,
  "p22_attn_moe_route": "none",
  "p23_tiny_expert": 0,
  "p23_n_experts": 64,
  "p23_topk": 16,
  "p23_learned_route": 0,
  "p23_std_moe_experts": 0,
  "p23_std_moe_topk": -1,
  "p23_std_moe_aux_weight": 0.01,
  "p23_lokr": 0,
  "p23_lokr_rank": 4,
  "p23_use_shared_block_router": 0,
  "p23_linear_moe_experts": 0,
  "p23_linear_moe_topk": 0,
  "p23_quantile_route": 0,
  "remix_shared_context_gates": 0,
  "p24_use_sliced_weight": 0,
  "p24_sliced_weight_reduction_scale": 8,
  "p24_sliced_weight_min_select": 128,
  "p24_sliced_weight_scope": "per_token",
  "p24_sliced_weight_balance_coeff": 0.01,
  "p24_quantile_route": 0,
  "p24_use_folded_mod": 0,
  "p24_folded_mod_reduction_scale": 8,
  "p24_folded_mod_min_dim": 128,
  "p24_folded_mod_scope": "per_layer",
  "p24_folded_mod_gate_act": "tanh_centered",
  "p24_use_sequence_gated_linear": 0,
  "p24_sequence_gated_scope": "per_layer",
  "p24_sequence_gated_act": "tanh_centered",
  "remix_disable_ln_basis": 0,
  "dense_intermediate_ln": 0,
  "use_mol": false,
  "mol_n_blocks": 5,
  "mol_n_shared": 1,
  "mol_topk": 3,
  "mol_thin_dim": 256,
  "mol_head_dim": 64,
  "mol_ffn_mult": 4.0,
  "mol_router_aux": 0.05,
  "mol_routed_attn": "softmax",
  "mol_dispatch": 1,
  "mol_capacity_factor": 1.0,
  "mol_block_lr_scale": 1.0,
  "mol_per_block_ve": 0,
  "use_mst": true,
  "mst_n_subs": 4,
  "mst_sub_dim": 256,
  "mst_head_dim": 0,
  "mst_input_mode": "learned_proj",
  "mst_rotated_slice_learned": false,
  "mst_routing_mode": "soft_weighted",
  "mst_routing_topk": 0,
  "mst_routing_aux_weight": 0.01,
  "mst_diversity_weight": 0.0,
  "mst_ffn_mode": "shared_dense",
  "mst_ffn_every": 1,
  "mst_transition_mode": "aggregate_distribute",
  "mst_final_mode": "concat_proj",
  "mst_final_topk": 0,
  "mst_ffn_shared_up": 0,
  "mst_ffn_inner_dim": 256,
  "mst_sub_dropout": 0.0,
  "mst_transition_every": 1,
  "mst_ffa_temperature": 1.0,
  "mst_global_residual": 0,
  "mst_hybrid_dense": 0,
  "mst_cross_sub_kv": 0,
  "mst_sub_aux_weight": 0.0,
  "mst_progressive_merge": 0,
  "mst_multi_scale_windows": 1,
  "mst_delta_residual": 0,
  "mst_sub_layers": 1,
  "mst_grad_equalize": 1,
  "mst_block_diagonal_muon": 1,
  "mst_transition_width_mult": 4.0,
  "mst_sub_lr_scale": 2.0,
  "mst_shared_expert": 0,
  "mst_router_entropy_weight": 0.0,
  "mst_shared_kv_attn": 0,
  "mst_contrastive_diversity_weight": 0.0,
  "mst_transition_nonlinear": 0,
  "mst_transition_gated": 0,
  "mst_transition_mlp": 0,
  "mst_cross_sub_gate": 0,
  "mst_hyper_connect": 0,
  "mst_cross_kv_inject": 0,
  "mst_slice_transition": 0,
  "mst_lookback_layers": 0,
  "mst_bilinear_transition": 0,
  "mst_cross_sub_qmod": 0,
  "mst_feature_cycle": 0,
  "mst_mean_transition": 0,
  "mst_sub_head_dim": 64,
  "mst_final_norm": 0,
  "mst_per_stream_ve": 1,
  "mst_ve_map": 0,
  "mst_ve_map_rank": 0,
  "mst_lm_head_dim": 0,
  "mst_compose_windows": 1,
  "mst_channel_mix": "none",
  "mst_channel_mix_site": "layer",
  "mst_distribute_block_muon": 0,
  "mst_trans_spectral_lr": 0,
  "mst_talking_heads": 0,
  "mst_wo_mode": "dense",
  "mst_stream_topk": 0,
  "mst_stream_shared": 0,
  "mst_stream_router_aux": 0.01,
  "mst_stream_router_noise": 0.0,
  "mst_stream_dispatch": 0,
  "mst_stream_capacity_factor": 1.0,
  "mst_stream_gate_attn": 0,
  "mst_ffn_monarch": "none",
  "mst_shampoo": 0,
  "mst_precond_every": 10,
  "mst_shampoo_beta": 0.95,
  "use_eet": false,
  "eet_frozen_kv": true,
  "eet_reenter_final": false,
  "eet_router_type": "mlp2",
  "eet_router_hidden": 0,
  "eet_freq_prior_alpha": 0.0,
  "eet_pos_prior_beta": 0.0,
  "eet_domain_prior": false,
  "eet_warmup_frac": 0.02,
  "eet_explore_frac": 0.15,
  "eet_reconstruct_lambda": 1.0,
  "eet_efficiency_lambda_start": 0.01,
  "eet_efficiency_lambda_end": 0.1,
  "eet_translator_rank": 0,
  "eet_max_frozen_kv_frac": 0.75,
  "eet_exit_threshold": 0.5,
  "eet_min_exit_layer": 1,
  "eet_loss_variant": "reconstruct",
  "eet_topk_vocab": 512,
  "eet_entropy_lambda": 0.3,
  "eet_surprise_lambda": 0.1,
  "eet_adv_lambda": 1.0,
  "eet_adv_entropy_lambda": 0.2,
  "eet_quality_lambda": 1.0,
  "eet_quality_entropy_bonus": 0.1,
  "eet_gumbel_temp_start": 0.0,
  "eet_gumbel_temp_end": 0.1,
  "eet_gumbel_hard": true,
  "eet_commitment_beta": 0.1,
  "eet_global_router": false,
  "eet_freq_efficiency_alpha": 0.0,
  "eet_diversity_lambda": 0.0,
  "eet_ce_guided_lambda": 1.0,
  "eet_router_lr_mult": 5.0,
  "eet_model_lr_mult": 1.0,
  "eet_depth_weight_type": "none",
  "eet_depth_weight_max": 2.5,
  "eet_use_override": 0,
  "eet_override_prob_start": 0.5,
  "eet_override_prob_end": 0.1,
  "eet_compute_skip": false,
  "eet_target_active_frac": 0.125,
  "eet_capacity_schedule": "bell",
  "eet_exit_fracs": null,
  "eet_capacity_alignment_lambda": 0.0,
  "eet_kv_mode": "none",
  "eet_route_noise": 0.0,
  "eet_route_noise_end": -1.0,
  "eet_coverage_diag": false,
  "deep_supervision_lambda": 0.0,
  "deep_supervision_frac": 0.125,
  "eet_width_power": 0.0,
  "eet_width_cap": 16.0,
  "eet_kv_eager": false,
  "eet_router_task_grad": true,
  "eet_reinforce_interval": 0,
  "eet_reinforce_lambda": 0.1,
  "eet_exit_adapter_rank": 0,
  "eet_router_after_block": 0,
  "eet_ffn_skip": false,
  "eet_ffn_target_frac": 0.5,
  "eet_ffn_full_attn": true,
  "eet_depth_affine": false,
  "eet_capacity_anneal_frac": 0.0,
  "eet_learned_schedule": false,
  "eet_departure_summary": false,
  "eet_route_consistency_lambda": 0.0,
  "eet_dense_distill_interval": 0,
  "eet_dense_distill_lambda": 0.5,
  "eet_depth_lr_scale": false,
  "eet_depth_grad_scale": false,
  "eet_detach_aux_from_backbone": false,
  "eet_detach_exit_from_backbone": false,
  "use_code_head": false,
  "sch_head_type": "code",
  "sch_bits": 0,
  "sch_order": 2,
  "sch_max_m": 0,
  "sch_phi_mode": "monomial",
  "sch_code_mode": "binary",
  "sch_code_path": "",
  "sch_code_ecc_bits": 0,
  "sch_code_seed": 1234,
  "sch_phi_density": 0.0,
  "sch_phi_dtype": "bf16",
  "sch_phi_normalize": 1,
  "sch_phi_center": 0,
  "sch_g_type": "linear",
  "sch_g_hidden": 0,
  "sch_g_layers": 2,
  "sch_g_out_std": 0.001,
  "sch_mixture": 1,
  "sch_residual_rank": 0,
  "sch_logit_act": "none",
  "sch_bias": 0,
  "sch_input_mode": "table",
  "sch_input_hidden": 0,
  "sch_product_groups": 8,
  "sch_product_codebook": 256,
  "sch_product_source": "hash",
  "sch_product_impl": "dense",
  "sch_phi_whiten": 0,
  "sch_mixture_per_phi": 0,
  "sch_mixture_topk": 0,
  "sch_mixture_aux": 0.01,
  "sch_monarch_m1": 0,
  "sch_monarch_perm": "none",
  "sch_monarch_perm_path": "",
  "sch_tier_bounds": "",
  "sch_tier_caps": "",
  "sch_tier_order": "freq",
  "sch_tier_perm_path": "",
  "sch_proposal_rank": 32,
  "sch_proposal_topk": 16384,
  "sch_proposal_samples": 4096,
  "sch_proposal_warmup": 0,
  "sch_proposal_chunk": 2048,
  "sch_proposal_aux": 1.0,
  "sch_nfh_mode": "cp",
  "sch_nfh_rank": 32,
  "sch_nfh_dims": "",
  "sch_nfh_groups": 3,
  "sch_nfh_views": 1,
  "sch_nfh_perm": "none",
  "sch_nfh_perm_path": "",
  "sch_nfh_g_type": "linear",
  "sch_nfh_g_hidden": 0,
  "sch_rerank_mode": "topk",
  "sch_rerank_k": 64,
  "sch_rerank_rank": 32,
  "sch_nfh_smooth": 0,
  "sch_nfh_chunk": 256
}
Seeded weight init with --seed 1
Checkpoints directory: /__modal/volumes/vo-5lJiXYRRv6peac8JOAv0eu/out/p16_isoflop_shared_d/ISOF_mst_shared_d_d16_s1/depth_16/ckpt_base/base
✓ Wrapping model with DistributedDataParallel (rank 0, find_unused_parameters=False, broadcast_buffers=True)
Parameter counts:
wte                     : 33,554,432
wpe                     : 0
value_embeds            : 268,435,456
lm_head                 : 33,554,432
transformer_matrices    : 52,449,280
research                : 0
scalars                 : 32
total                   : 387,993,632
Estimated FLOPs per token (total):  5.741568e+08
Estimated FLOPs per token (active): 5.741568e+08
Estimated active params:            387,993,632
[MST] Multi-scale sub windows: [(32, 0), (127, 0), (511, 0), (-1, 0)]
[MST] Using compile-optimized BatchedMSTLayer (N=4, d=256)
[MST] 1A: Per-sub gradient equalization hooks registered
Scaling LRs by 0.7071 for batch size 262,144 (reference: 524,288)
Scaling weight decay from 0.200000 to 0.120722 for depth 16
Scaling AdamW LRs ∝1/√(1024/768) = 0.866025
[MST] Per-sub Muon LR scaled by 2.00× → 0.028284
[MST] 1B: Block-diagonal Muon enabled (N=4 blocks)
Calculated number of iterations from target ACTIVE FLOPs: 5,081
Total number of training tokens: 1,331,953,664
Tokens : Scaling params ratio: 15.49
Total training FLOPs estimate: 7.647503e+17
Total training FLOPs (active):  7.647503e+17
Total active training FLOPs estimate: 7.647503e+17
Using base scheduler: linear warmup/flat/linear warmdown
[MST] Diagnostics will be logged to: /__modal/volumes/vo-5lJiXYRRv6peac8JOAv0eu/out/p16_isoflop_shared_d/ISOF_mst_shared_d_d16_s1/depth_16/ckpt_base/base/mst_diagnostics.jsonl
Tokens / micro-batch / rank: 64 x 2048 = 131,072
Tokens / micro-batch: 131,072
Total batch size 262,144 => gradient accumulation steps: 2
Running pre-compilation warmup (1 dummy forward+backward to init lazy allocations)...
[rank0]:W0911 08:16:50.780000 532 site-packages/torch/_logging/_internal.py:1199] [0/0] Profiler function <class 'torch.autograd.profiler.record_function'> will be ignored
/usr/local/lib/python3.12/site-packages/torch/_inductor/lowering.py:7242: UserWarning: 
Online softmax is disabled on the fly since Inductor decides to
split the reduction. Cut an issue to PyTorch if this is an
important use case and you want to speed it up with online
softmax.

  warnings.warn(
Warmup complete. Steady-state VRAM: 3.7 GB allocated
/usr/local/lib/python3.12/site-packages/torch/_inductor/lowering.py:7242: UserWarning: 
Online softmax is disabled on the fly since Inductor decides to
split the reduction. Cut an issue to PyTorch if this is an
important use case and you want to speed it up with online
softmax.

  warnings.warn(
  [MST diag] ERROR: [Errno 2] No such file or directory: '/__modal/volumes/vo-5lJiXYRRv6peac8JOAv0eu/out/p16_isoflop_shared_d/ISOF_mst_shared_d_d16_s1/depth_16/ckpt_base/base/mst_diagnostics.jsonl'
step 00000/05081 (0.00%) | loss: 10.557864 | lrm: 0.04 | lr(adamw:1.221e-02, muon:6.600e-04) | dt: 111584.46ms | tok/sec: 2,349 | bf16_mfu: 0.14 | epoch: 1 pq: 0 rg: 1 | total time: 0.00m
2026-09-11 08:22:48,862 - nanochat.checkpoint_manager - INFO - Saved model parameters to: /__modal/volumes/vo-5lJiXYRRv6peac8JOAv0eu/out/p16_isoflop_shared_d/ISOF_mst_shared_d_d16_s1/depth_16/ckpt_base/base/model_000200.pt
2026-09-11 08:22:48,865 - nanochat.checkpoint_manager - INFO - Saved metadata to: /__modal/volumes/vo-5lJiXYRRv6peac8JOAv0eu/out/p16_isoflop_shared_d/ISOF_mst_shared_d_d16_s1/depth_16/ckpt_base/base/meta_000200.json
2026-09-11 08:22:52,802 - nanochat.checkpoint_manager - INFO - Saved optimizer state to: /__modal/volumes/vo-5lJiXYRRv6peac8JOAv0eu/out/p16_isoflop_shared_d/ISOF_mst_shared_d_d16_s1/depth_16/ckpt_base/base/optim_000200_rank0.pt
  [MST diag] sub_sim=[-0.084, -0.070, -0.064, -0.058, -0.047, -0.043, -0.037, -0.104, -0.099, -0.090, -0.083, -0.082, -0.082, -0.081, -0.078, -0.074] | route_ent=[1.234, 1.211, 1.250, 1.188, 1.234, 1.188, 1.281, 1.320, 1.117, 1.117, 1.188, 1.125, 1.188, 1.203, 1.227, 1.195] | grad_norm=[0.043, 0.033, 0.027, 0.021]
step 00200/05081 (3.94%) | loss: 4.067030 | lrm: 1.00 | lr(adamw:3.053e-01, muon:1.650e-02) | dt: 601.17ms | tok/sec: 436,059 | bf16_mfu: 25.32 | epoch: 1 pq: 1 rg: 16 | total time: 1.84m | eta: 47.2m
2026-09-11 08:24:52,208 - nanochat.checkpoint_manager - INFO - Saved model parameters to: /__modal/volumes/vo-5lJiXYRRv6peac8JOAv0eu/out/p16_isoflop_shared_d/ISOF_mst_shared_d_d16_s1/depth_16/ckpt_base/base/model_000400.pt
2026-09-11 08:24:52,212 - nanochat.checkpoint_manager - INFO - Saved metadata to: /__modal/volumes/vo-5lJiXYRRv6peac8JOAv0eu/out/p16_isoflop_shared_d/ISOF_mst_shared_d_d16_s1/depth_16/ckpt_base/base/meta_000400.json
2026-09-11 08:24:56,540 - nanochat.checkpoint_manager - INFO - Saved optimizer state to: /__modal/volumes/vo-5lJiXYRRv6peac8JOAv0eu/out/p16_isoflop_shared_d/ISOF_mst_shared_d_d16_s1/depth_16/ckpt_base/base/optim_000400_rank0.pt
Removed previous periodic checkpoint at step 000200
  [MST diag] sub_sim=[-0.093, -0.042, -0.046, -0.045, -0.043, -0.039, -0.035, -0.096, -0.081, -0.063, -0.043, -0.045, -0.038, -0.026, -0.030, -0.036] | route_ent=[1.195, 1.148, 1.188, 1.133, 1.133, 1.086, 1.148, 1.227, 1.078, 1.062, 1.203, 1.109, 1.172, 1.219, 1.188, 1.133] | grad_norm=[0.025, 0.018, 0.015, 0.014]
step 00400/05081 (7.87%) | loss: 3.746804 | lrm: 1.00 | lr(adamw:3.053e-01, muon:1.650e-02) | dt: 617.91ms | tok/sec: 424,242 | bf16_mfu: 24.63 | epoch: 1 pq: 2 rg: 30 | total time: 3.79m | eta: 45.5m
2026-09-11 08:26:56,176 - nanochat.checkpoint_manager - INFO - Saved model parameters to: /__modal/volumes/vo-5lJiXYRRv6peac8JOAv0eu/out/p16_isoflop_shared_d/ISOF_mst_shared_d_d16_s1/depth_16/ckpt_base/base/model_000600.pt
2026-09-11 08:26:56,182 - nanochat.checkpoint_manager - INFO - Saved metadata to: /__modal/volumes/vo-5lJiXYRRv6peac8JOAv0eu/out/p16_isoflop_shared_d/ISOF_mst_shared_d_d16_s1/depth_16/ckpt_base/base/meta_000600.json
2026-09-11 08:27:00,065 - nanochat.checkpoint_manager - INFO - Saved optimizer state to: /__modal/volumes/vo-5lJiXYRRv6peac8JOAv0eu/out/p16_isoflop_shared_d/ISOF_mst_shared_d_d16_s1/depth_16/ckpt_base/base/optim_000600_rank0.pt
Removed previous periodic checkpoint at step 000400
  [MST diag] sub_sim=[-0.089, -0.000, -0.009, -0.016, -0.019, -0.017, -0.019, -0.079, -0.048, -0.026, -0.003, -0.001, 0.008, 0.033, 0.022, 0.010] | route_ent=[1.188, 1.141, 1.188, 1.133, 1.125, 1.086, 1.133, 1.211, 1.094, 1.078, 1.219, 1.133, 1.203, 1.250, 1.203, 1.148] | grad_norm=[0.019, 0.015, 0.015, 0.015]
step 00600/05081 (11.81%) | loss: 3.612474 | lrm: 1.00 | lr(adamw:3.053e-01, muon:1.650e-02) | dt: 615.73ms | tok/sec: 425,748 | bf16_mfu: 24.72 | epoch: 1 pq: 3 rg: 43 | total time: 5.75m | eta: 43.6m
2026-09-11 08:29:00,656 - nanochat.checkpoint_manager - INFO - Saved model parameters to: /__modal/volumes/vo-5lJiXYRRv6peac8JOAv0eu/out/p16_isoflop_shared_d/ISOF_mst_shared_d_d16_s1/depth_16/ckpt_base/base/model_000800.pt
2026-09-11 08:29:00,660 - nanochat.checkpoint_manager - INFO - Saved metadata to: /__modal/volumes/vo-5lJiXYRRv6peac8JOAv0eu/out/p16_isoflop_shared_d/ISOF_mst_shared_d_d16_s1/depth_16/ckpt_base/base/meta_000800.json
2026-09-11 08:29:04,690 - nanochat.checkpoint_manager - INFO - Saved optimizer state to: /__modal/volumes/vo-5lJiXYRRv6peac8JOAv0eu/out/p16_isoflop_shared_d/ISOF_mst_shared_d_d16_s1/depth_16/ckpt_base/base/optim_000800_rank0.pt
Removed previous periodic checkpoint at step 000600
  [MST diag] sub_sim=[-0.073, 0.033, 0.020, 0.009, 0.001, 0.004, -0.008, -0.062, -0.027, -0.007, 0.019, 0.023, 0.039, 0.072, 0.062, 0.048] | route_ent=[1.203, 1.125, 1.203, 1.164, 1.148, 1.109, 1.148, 1.219, 1.102, 1.086, 1.242, 1.156, 1.234, 1.266, 1.227, 1.172] | grad_norm=[0.021, 0.016, 0.014, 0.013]
step 00800/05081 (15.74%) | loss: 3.526237 | lrm: 1.00 | lr(adamw:3.053e-01, muon:1.650e-02) | dt: 622.01ms | tok/sec: 421,444 | bf16_mfu: 24.47 | epoch: 1 pq: 4 rg: 58 | total time: 7.72m | eta: 41.8m
2026-09-11 08:31:03,436 - nanochat.checkpoint_manager - INFO - Saved model parameters to: /__modal/volumes/vo-5lJiXYRRv6peac8JOAv0eu/out/p16_isoflop_shared_d/ISOF_mst_shared_d_d16_s1/depth_16/ckpt_base/base/model_001000.pt
2026-09-11 08:31:03,440 - nanochat.checkpoint_manager - INFO - Saved metadata to: /__modal/volumes/vo-5lJiXYRRv6peac8JOAv0eu/out/p16_isoflop_shared_d/ISOF_mst_shared_d_d16_s1/depth_16/ckpt_base/base/meta_001000.json
2026-09-11 08:31:07,234 - nanochat.checkpoint_manager - INFO - Saved optimizer state to: /__modal/volumes/vo-5lJiXYRRv6peac8JOAv0eu/out/p16_isoflop_shared_d/ISOF_mst_shared_d_d16_s1/depth_16/ckpt_base/base/optim_001000_rank0.pt
Removed previous periodic checkpoint at step 000800
  [MST diag] sub_sim=[-0.070, 0.041, 0.029, 0.019, 0.013, 0.020, -0.001, -0.047, -0.001, 0.017, 0.040, 0.038, 0.047, 0.079, 0.070, 0.056] | route_ent=[1.195, 1.102, 1.203, 1.180, 1.148, 1.117, 1.156, 1.219, 1.094, 1.086, 1.250, 1.172, 1.242, 1.273, 1.242, 1.203] | grad_norm=[0.015, 0.012, 0.012, 0.011]
step 01000/05081 (19.68%) | loss: 3.487073 | lrm: 1.00 | lr(adamw:3.053e-01, muon:1.650e-02) | dt: 629.07ms | tok/sec: 416,714 | bf16_mfu: 24.19 | epoch: 1 pq: 5 rg: 73 | total time: 9.66m | eta: 39.8m
2026-09-11 08:33:05,683 - nanochat.checkpoint_manager - INFO - Saved model parameters to: /__modal/volumes/vo-5lJiXYRRv6peac8JOAv0eu/out/p16_isoflop_shared_d/ISOF_mst_shared_d_d16_s1/depth_16/ckpt_base/base/model_001200.pt
2026-09-11 08:33:05,687 - nanochat.checkpoint_manager - INFO - Saved metadata to: /__modal/volumes/vo-5lJiXYRRv6peac8JOAv0eu/out/p16_isoflop_shared_d/ISOF_mst_shared_d_d16_s1/depth_16/ckpt_base/base/meta_001200.json
2026-09-11 08:33:09,765 - nanochat.checkpoint_manager - INFO - Saved optimizer state to: /__modal/volumes/vo-5lJiXYRRv6peac8JOAv0eu/out/p16_isoflop_shared_d/ISOF_mst_shared_d_d16_s1/depth_16/ckpt_base/base/optim_001200_rank0.pt
Removed previous periodic checkpoint at step 001000
  [MST diag] sub_sim=[-0.064, 0.064, 0.054, 0.044, 0.038, 0.047, 0.009, -0.039, 0.004, 0.027, 0.052, 0.054, 0.068, 0.101, 0.091, 0.078] | route_ent=[1.180, 1.109, 1.203, 1.188, 1.156, 1.117, 1.156, 1.227, 1.109, 1.086, 1.258, 1.180, 1.266, 1.289, 1.250, 1.203] | grad_norm=[0.016, 0.013, 0.012, 0.012]
step 01200/05081 (23.62%) | loss: 3.443803 | lrm: 1.00 | lr(adamw:3.053e-01, muon:1.650e-02) | dt: 624.06ms | tok/sec: 420,064 | bf16_mfu: 24.39 | epoch: 1 pq: 7 rg: 4 | total time: 11.60m | eta: 37.8m
2026-09-11 08:35:08,394 - nanochat.checkpoint_manager - INFO - Saved model parameters to: /__modal/volumes/vo-5lJiXYRRv6peac8JOAv0eu/out/p16_isoflop_shared_d/ISOF_mst_shared_d_d16_s1/depth_16/ckpt_base/base/model_001400.pt
2026-09-11 08:35:08,398 - nanochat.checkpoint_manager - INFO - Saved metadata to: /__modal/volumes/vo-5lJiXYRRv6peac8JOAv0eu/out/p16_isoflop_shared_d/ISOF_mst_shared_d_d16_s1/depth_16/ckpt_base/base/meta_001400.json
2026-09-11 08:35:12,376 - nanochat.checkpoint_manager - INFO - Saved optimizer state to: /__modal/volumes/vo-5lJiXYRRv6peac8JOAv0eu/out/p16_isoflop_shared_d/ISOF_mst_shared_d_d16_s1/depth_16/ckpt_base/base/optim_001400_rank0.pt
Removed previous periodic checkpoint at step 001200
  [MST diag] sub_sim=[-0.055, 0.082, 0.072, 0.061, 0.056, 0.069, 0.019, -0.024, 0.019, 0.046, 0.071, 0.072, 0.081, 0.114, 0.107, 0.096] | route_ent=[1.188, 1.102, 1.219, 1.203, 1.172, 1.133, 1.172, 1.234, 1.117, 1.086, 1.266, 1.188, 1.273, 1.289, 1.250, 1.219] | grad_norm=[0.015, 0.012, 0.010, 0.012]
step 01400/05081 (27.55%) | loss: 3.423900 | lrm: 1.00 | lr(adamw:3.053e-01, muon:1.650e-02) | dt: 615.88ms | tok/sec: 425,638 | bf16_mfu: 24.71 | epoch: 1 pq: 8 rg: 19 | total time: 13.54m | eta: 35.8m
2026-09-11 08:37:11,925 - nanochat.checkpoint_manager - INFO - Saved model parameters to: /__modal/volumes/vo-5lJiXYRRv6peac8JOAv0eu/out/p16_isoflop_shared_d/ISOF_mst_shared_d_d16_s1/depth_16/ckpt_base/base/model_001600.pt
2026-09-11 08:37:11,928 - nanochat.checkpoint_manager - INFO - Saved metadata to: /__modal/volumes/vo-5lJiXYRRv6peac8JOAv0eu/out/p16_isoflop_shared_d/ISOF_mst_shared_d_d16_s1/depth_16/ckpt_base/base/meta_001600.json
2026-09-11 08:37:16,158 - nanochat.checkpoint_manager - INFO - Saved optimizer state to: /__modal/volumes/vo-5lJiXYRRv6peac8JOAv0eu/out/p16_isoflop_shared_d/ISOF_mst_shared_d_d16_s1/depth_16/ckpt_base/base/optim_001600_rank0.pt
Removed previous periodic checkpoint at step 001400
  [MST diag] sub_sim=[-0.056, 0.103, 0.096, 0.085, 0.079, 0.092, 0.030, -0.018, 0.027, 0.055, 0.080, 0.078, 0.092, 0.137, 0.125, 0.118] | route_ent=[1.188, 1.078, 1.227, 1.211, 1.180, 1.133, 1.172, 1.227, 1.125, 1.086, 1.273, 1.195, 1.281, 1.297, 1.266, 1.219] | grad_norm=[0.015, 0.012, 0.012, 0.011]
step 01600/05081 (31.49%) | loss: 3.381908 | lrm: 1.00 | lr(adamw:3.053e-01, muon:1.650e-02) | dt: 635.75ms | tok/sec: 412,336 | bf16_mfu: 23.94 | epoch: 1 pq: 9 rg: 34 | total time: 15.49m | eta: 33.9m
2026-09-11 08:39:16,615 - nanochat.checkpoint_manager - INFO - Saved model parameters to: /__modal/volumes/vo-5lJiXYRRv6peac8JOAv0eu/out/p16_isoflop_shared_d/ISOF_mst_shared_d_d16_s1/depth_16/ckpt_base/base/model_001800.pt
2026-09-11 08:39:16,618 - nanochat.checkpoint_manager - INFO - Saved metadata to: /__modal/volumes/vo-5lJiXYRRv6peac8JOAv0eu/out/p16_isoflop_shared_d/ISOF_mst_shared_d_d16_s1/depth_16/ckpt_base/base/meta_001800.json
2026-09-11 08:39:20,501 - nanochat.checkpoint_manager - INFO - Saved optimizer state to: /__modal/volumes/vo-5lJiXYRRv6peac8JOAv0eu/out/p16_isoflop_shared_d/ISOF_mst_shared_d_d16_s1/depth_16/ckpt_base/base/optim_001800_rank0.pt
Removed previous periodic checkpoint at step 001600
  [MST diag] sub_sim=[-0.045, 0.125, 0.119, 0.107, 0.098, 0.112, 0.038, 0.006, 0.051, 0.077, 0.097, 0.095, 0.113, 0.157, 0.144, 0.140] | route_ent=[1.203, 1.086, 1.234, 1.219, 1.180, 1.148, 1.172, 1.242, 1.133, 1.086, 1.281, 1.195, 1.281, 1.305, 1.273, 1.227] | grad_norm=[0.014, 0.011, 0.011, 0.011]
step 01800/05081 (35.43%) | loss: 3.371847 | lrm: 0.99 | lr(adamw:3.033e-01, muon:1.639e-02) | dt: 638.43ms | tok/sec: 410,609 | bf16_mfu: 23.84 | epoch: 1 pq: 10 rg: 48 | total time: 17.46m | eta: 32.0m
<|bos|>The capital of France is Paris, and the country is known for its stunning landscapes and vibrant culture. The
<|bos|>The chemical symbol of gold is a symbol of purity and purity. The gold is a symbol of purity and purity
<|bos|>If yesterday was Friday, then tomorrow will be Friday. If tomorrow was Friday, then tomorrow will be Friday. If tomorrow was
<|bos|>The opposite of hot is cold. The temperature of the air is the same as the temperature of the water
<|bos|>The planets of the solar system are: Earth, Mars, Jupiter, Saturn, Uranus, Neptune, Uran
<|bos|>My favorite color is blue, and I love it. I love it because it's so light and
<|bos|>If 5*x + 3 = 13, then x is the value of the value of the value of the value of the value of the
2026-09-11 08:41:24,032 - nanochat.checkpoint_manager - INFO - Saved model parameters to: /__modal/volumes/vo-5lJiXYRRv6peac8JOAv0eu/out/p16_isoflop_shared_d/ISOF_mst_shared_d_d16_s1/depth_16/ckpt_base/base/model_002000.pt
2026-09-11 08:41:24,035 - nanochat.checkpoint_manager - INFO - Saved metadata to: /__modal/volumes/vo-5lJiXYRRv6peac8JOAv0eu/out/p16_isoflop_shared_d/ISOF_mst_shared_d_d16_s1/depth_16/ckpt_base/base/meta_002000.json
2026-09-11 08:41:27,842 - nanochat.checkpoint_manager - INFO - Saved optimizer state to: /__modal/volumes/vo-5lJiXYRRv6peac8JOAv0eu/out/p16_isoflop_shared_d/ISOF_mst_shared_d_d16_s1/depth_16/ckpt_base/base/optim_002000_rank0.pt
Removed previous periodic checkpoint at step 001800
  [MST diag] sub_sim=[-0.046, 0.136, 0.131, 0.120, 0.113, 0.129, 0.050, 0.012, 0.058, 0.084, 0.103, 0.102, 0.115, 0.166, 0.153, 0.151] | route_ent=[1.195, 1.078, 1.227, 1.234, 1.195, 1.156, 1.180, 1.234, 1.141, 1.086, 1.281, 1.203, 1.289, 1.312, 1.281, 1.234] | grad_norm=[0.018, 0.014, 0.014, 0.015]
step 02000/05081 (39.36%) | loss: 3.322352 | lrm: 0.94 | lr(adamw:2.858e-01, muon:1.545e-02) | dt: 610.68ms | tok/sec: 429,267 | bf16_mfu: 24.92 | epoch: 1 pq: 11 rg: 61 | total time: 19.43m | eta: 30.1m
2026-09-11 08:43:27,465 - nanochat.checkpoint_manager - INFO - Saved model parameters to: /__modal/volumes/vo-5lJiXYRRv6peac8JOAv0eu/out/p16_isoflop_shared_d/ISOF_mst_shared_d_d16_s1/depth_16/ckpt_base/base/model_002200.pt
2026-09-11 08:43:27,469 - nanochat.checkpoint_manager - INFO - Saved metadata to: /__modal/volumes/vo-5lJiXYRRv6peac8JOAv0eu/out/p16_isoflop_shared_d/ISOF_mst_shared_d_d16_s1/depth_16/ckpt_base/base/meta_002200.json
2026-09-11 08:43:31,165 - nanochat.checkpoint_manager - INFO - Saved optimizer state to: /__modal/volumes/vo-5lJiXYRRv6peac8JOAv0eu/out/p16_isoflop_shared_d/ISOF_mst_shared_d_d16_s1/depth_16/ckpt_base/base/optim_002200_rank0.pt
Removed previous periodic checkpoint at step 002000
  [MST diag] sub_sim=[-0.043, 0.136, 0.135, 0.127, 0.121, 0.140, 0.055, 0.010, 0.059, 0.085, 0.108, 0.106, 0.117, 0.165, 0.151, 0.149] | route_ent=[1.195, 1.070, 1.234, 1.242, 1.195, 1.172, 1.195, 1.234, 1.141, 1.102, 1.281, 1.211, 1.289, 1.312, 1.289, 1.242] | grad_norm=[0.015, 0.012, 0.011, 0.012]
step 02200/05081 (43.30%) | loss: 3.314110 | lrm: 0.88 | lr(adamw:2.682e-01, muon:1.450e-02) | dt: 620.89ms | tok/sec: 422,209 | bf16_mfu: 24.51 | epoch: 1 pq: 12 rg: 77 | total time: 21.38m | eta: 28.1m
2026-09-11 08:45:30,404 - nanochat.checkpoint_manager - INFO - Saved model parameters to: /__modal/volumes/vo-5lJiXYRRv6peac8JOAv0eu/out/p16_isoflop_shared_d/ISOF_mst_shared_d_d16_s1/depth_16/ckpt_base/base/model_002400.pt
2026-09-11 08:45:30,408 - nanochat.checkpoint_manager - INFO - Saved metadata to: /__modal/volumes/vo-5lJiXYRRv6peac8JOAv0eu/out/p16_isoflop_shared_d/ISOF_mst_shared_d_d16_s1/depth_16/ckpt_base/base/meta_002400.json
2026-09-11 08:45:34,032 - nanochat.checkpoint_manager - INFO - Saved optimizer state to: /__modal/volumes/vo-5lJiXYRRv6peac8JOAv0eu/out/p16_isoflop_shared_d/ISOF_mst_shared_d_d16_s1/depth_16/ckpt_base/base/optim_002400_rank0.pt
Removed previous periodic checkpoint at step 002200
  [MST diag] sub_sim=[-0.036, 0.142, 0.144, 0.136, 0.132, 0.152, 0.063, 0.022, 0.066, 0.091, 0.111, 0.110, 0.118, 0.166, 0.154, 0.154] | route_ent=[1.203, 1.078, 1.242, 1.234, 1.203, 1.172, 1.188, 1.242, 1.133, 1.102, 1.289, 1.211, 1.297, 1.320, 1.289, 1.242] | grad_norm=[0.014, 0.013, 0.015, 0.014]
step 02400/05081 (47.23%) | loss: 3.259286 | lrm: 0.82 | lr(adamw:2.507e-01, muon:1.355e-02) | dt: 624.76ms | tok/sec: 419,589 | bf16_mfu: 24.36 | epoch: 1 pq: 14 rg: 9 | total time: 23.33m | eta: 26.2m
2026-09-11 08:47:33,448 - nanochat.checkpoint_manager - INFO - Saved model parameters to: /__modal/volumes/vo-5lJiXYRRv6peac8JOAv0eu/out/p16_isoflop_shared_d/ISOF_mst_shared_d_d16_s1/depth_16/ckpt_base/base/model_002600.pt
2026-09-11 08:47:33,452 - nanochat.checkpoint_manager - INFO - Saved metadata to: /__modal/volumes/vo-5lJiXYRRv6peac8JOAv0eu/out/p16_isoflop_shared_d/ISOF_mst_shared_d_d16_s1/depth_16/ckpt_base/base/meta_002600.json
2026-09-11 08:47:37,609 - nanochat.checkpoint_manager - INFO - Saved optimizer state to: /__modal/volumes/vo-5lJiXYRRv6peac8JOAv0eu/out/p16_isoflop_shared_d/ISOF_mst_shared_d_d16_s1/depth_16/ckpt_base/base/optim_002600_rank0.pt
Removed previous periodic checkpoint at step 002400
  [MST diag] sub_sim=[-0.030, 0.149, 0.151, 0.141, 0.139, 0.161, 0.065, 0.024, 0.067, 0.093, 0.115, 0.110, 0.125, 0.171, 0.160, 0.160] | route_ent=[1.195, 1.070, 1.258, 1.250, 1.219, 1.180, 1.203, 1.242, 1.148, 1.094, 1.289, 1.211, 1.305, 1.320, 1.289, 1.258] | grad_norm=[0.012, 0.010, 0.009, 0.010]
step 02600/05081 (51.17%) | loss: 3.250248 | lrm: 0.76 | lr(adamw:2.331e-01, muon:1.260e-02) | dt: 637.99ms | tok/sec: 410,890 | bf16_mfu: 23.85 | epoch: 1 pq: 15 rg: 23 | total time: 25.29m | eta: 24.2m
2026-09-11 08:49:37,658 - nanochat.checkpoint_manager - INFO - Saved model parameters to: /__modal/volumes/vo-5lJiXYRRv6peac8JOAv0eu/out/p16_isoflop_shared_d/ISOF_mst_shared_d_d16_s1/depth_16/ckpt_base/base/model_002800.pt
2026-09-11 08:49:37,662 - nanochat.checkpoint_manager - INFO - Saved metadata to: /__modal/volumes/vo-5lJiXYRRv6peac8JOAv0eu/out/p16_isoflop_shared_d/ISOF_mst_shared_d_d16_s1/depth_16/ckpt_base/base/meta_002800.json
2026-09-11 08:49:41,882 - nanochat.checkpoint_manager - INFO - Saved optimizer state to: /__modal/volumes/vo-5lJiXYRRv6peac8JOAv0eu/out/p16_isoflop_shared_d/ISOF_mst_shared_d_d16_s1/depth_16/ckpt_base/base/optim_002800_rank0.pt
Removed previous periodic checkpoint at step 002600
  [MST diag] sub_sim=[-0.025, 0.148, 0.152, 0.144, 0.144, 0.167, 0.068, 0.033, 0.075, 0.106, 0.125, 0.118, 0.126, 0.173, 0.155, 0.156] | route_ent=[1.188, 1.070, 1.258, 1.250, 1.219, 1.180, 1.195, 1.242, 1.148, 1.094, 1.289, 1.219, 1.305, 1.320, 1.305, 1.258] | grad_norm=[0.011, 0.009, 0.009, 0.009]
step 02800/05081 (55.11%) | loss: 3.210687 | lrm: 0.71 | lr(adamw:2.155e-01, muon:1.165e-02) | dt: 618.07ms | tok/sec: 424,134 | bf16_mfu: 24.62 | epoch: 1 pq: 16 rg: 37 | total time: 27.25m | eta: 22.3m
2026-09-11 08:51:43,107 - nanochat.checkpoint_manager - INFO - Saved model parameters to: /__modal/volumes/vo-5lJiXYRRv6peac8JOAv0eu/out/p16_isoflop_shared_d/ISOF_mst_shared_d_d16_s1/depth_16/ckpt_base/base/model_003000.pt
2026-09-11 08:51:43,110 - nanochat.checkpoint_manager - INFO - Saved metadata to: /__modal/volumes/vo-5lJiXYRRv6peac8JOAv0eu/out/p16_isoflop_shared_d/ISOF_mst_shared_d_d16_s1/depth_16/ckpt_base/base/meta_003000.json
2026-09-11 08:51:47,424 - nanochat.checkpoint_manager - INFO - Saved optimizer state to: /__modal/volumes/vo-5lJiXYRRv6peac8JOAv0eu/out/p16_isoflop_shared_d/ISOF_mst_shared_d_d16_s1/depth_16/ckpt_base/base/optim_003000_rank0.pt
Removed previous periodic checkpoint at step 002800
  [MST diag] sub_sim=[-0.018, 0.148, 0.154, 0.144, 0.144, 0.168, 0.071, 0.041, 0.077, 0.107, 0.122, 0.119, 0.125, 0.173, 0.157, 0.159] | route_ent=[1.195, 1.062, 1.258, 1.250, 1.219, 1.180, 1.203, 1.242, 1.148, 1.094, 1.289, 1.227, 1.312, 1.320, 1.305, 1.273] | grad_norm=[0.012, 0.010, 0.010, 0.010]
step 03000/05081 (59.04%) | loss: 3.193084 | lrm: 0.65 | lr(adamw:1.980e-01, muon:1.070e-02) | dt: 642.64ms | tok/sec: 407,918 | bf16_mfu: 23.68 | epoch: 1 pq: 17 rg: 51 | total time: 29.23m | eta: 20.3m
2026-09-11 08:53:48,220 - nanochat.checkpoint_manager - INFO - Saved model parameters to: /__modal/volumes/vo-5lJiXYRRv6peac8JOAv0eu/out/p16_isoflop_shared_d/ISOF_mst_shared_d_d16_s1/depth_16/ckpt_base/base/model_003200.pt
2026-09-11 08:53:48,224 - nanochat.checkpoint_manager - INFO - Saved metadata to: /__modal/volumes/vo-5lJiXYRRv6peac8JOAv0eu/out/p16_isoflop_shared_d/ISOF_mst_shared_d_d16_s1/depth_16/ckpt_base/base/meta_003200.json
2026-09-11 08:53:52,254 - nanochat.checkpoint_manager - INFO - Saved optimizer state to: /__modal/volumes/vo-5lJiXYRRv6peac8JOAv0eu/out/p16_isoflop_shared_d/ISOF_mst_shared_d_d16_s1/depth_16/ckpt_base/base/optim_003200_rank0.pt
Removed previous periodic checkpoint at step 003000
  [MST diag] sub_sim=[-0.022, 0.146, 0.154, 0.145, 0.147, 0.171, 0.072, 0.042, 0.079, 0.107, 0.122, 0.121, 0.125, 0.171, 0.153, 0.157] | route_ent=[1.195, 1.062, 1.266, 1.258, 1.211, 1.188, 1.203, 1.250, 1.141, 1.094, 1.305, 1.219, 1.312, 1.328, 1.305, 1.266] | grad_norm=[0.010, 0.009, 0.010, 0.010]
step 03200/05081 (62.98%) | loss: 3.186458 | lrm: 0.59 | lr(adamw:1.804e-01, muon:9.751e-03) | dt: 629.64ms | tok/sec: 416,339 | bf16_mfu: 24.17 | epoch: 1 pq: 18 rg: 65 | total time: 31.21m | eta: 18.4m
2026-09-11 08:55:52,640 - nanochat.checkpoint_manager - INFO - Saved model parameters to: /__modal/volumes/vo-5lJiXYRRv6peac8JOAv0eu/out/p16_isoflop_shared_d/ISOF_mst_shared_d_d16_s1/depth_16/ckpt_base/base/model_003400.pt
2026-09-11 08:55:52,643 - nanochat.checkpoint_manager - INFO - Saved metadata to: /__modal/volumes/vo-5lJiXYRRv6peac8JOAv0eu/out/p16_isoflop_shared_d/ISOF_mst_shared_d_d16_s1/depth_16/ckpt_base/base/meta_003400.json
2026-09-11 08:55:56,760 - nanochat.checkpoint_manager - INFO - Saved optimizer state to: /__modal/volumes/vo-5lJiXYRRv6peac8JOAv0eu/out/p16_isoflop_shared_d/ISOF_mst_shared_d_d16_s1/depth_16/ckpt_base/base/optim_003400_rank0.pt
Removed previous periodic checkpoint at step 003200
  [MST diag] sub_sim=[-0.016, 0.143, 0.153, 0.146, 0.150, 0.177, 0.072, 0.043, 0.074, 0.104, 0.119, 0.116, 0.120, 0.164, 0.148, 0.152] | route_ent=[1.188, 1.055, 1.273, 1.258, 1.227, 1.188, 1.211, 1.250, 1.141, 1.094, 1.297, 1.227, 1.312, 1.328, 1.312, 1.273] | grad_norm=[0.011, 0.008, 0.009, 0.008]
step 03400/05081 (66.92%) | loss: 3.143723 | lrm: 0.53 | lr(adamw:1.629e-01, muon:8.802e-03) | dt: 613.24ms | tok/sec: 427,475 | bf16_mfu: 24.82 | epoch: 1 pq: 19 rg: 79 | total time: 33.18m | eta: 16.5m
2026-09-11 08:57:57,340 - nanochat.checkpoint_manager - INFO - Saved model parameters to: /__modal/volumes/vo-5lJiXYRRv6peac8JOAv0eu/out/p16_isoflop_shared_d/ISOF_mst_shared_d_d16_s1/depth_16/ckpt_base/base/model_003600.pt
2026-09-11 08:57:57,344 - nanochat.checkpoint_manager - INFO - Saved metadata to: /__modal/volumes/vo-5lJiXYRRv6peac8JOAv0eu/out/p16_isoflop_shared_d/ISOF_mst_shared_d_d16_s1/depth_16/ckpt_base/base/meta_003600.json
2026-09-11 08:58:01,285 - nanochat.checkpoint_manager - INFO - Saved optimizer state to: /__modal/volumes/vo-5lJiXYRRv6peac8JOAv0eu/out/p16_isoflop_shared_d/ISOF_mst_shared_d_d16_s1/depth_16/ckpt_base/base/optim_003600_rank0.pt
Removed previous periodic checkpoint at step 003400
  [MST diag] sub_sim=[-0.011, 0.140, 0.150, 0.142, 0.146, 0.174, 0.073, 0.053, 0.078, 0.107, 0.119, 0.114, 0.116, 0.160, 0.143, 0.149] | route_ent=[1.180, 1.062, 1.273, 1.266, 1.227, 1.203, 1.211, 1.250, 1.148, 1.102, 1.305, 1.227, 1.320, 1.328, 1.312, 1.273] | grad_norm=[0.010, 0.009, 0.009, 0.009]
step 03600/05081 (70.85%) | loss: 3.151668 | lrm: 0.48 | lr(adamw:1.453e-01, muon:7.853e-03) | dt: 596.46ms | tok/sec: 439,499 | bf16_mfu: 25.51 | epoch: 1 pq: 21 rg: 10 | total time: 35.15m | eta: 14.5m
2026-09-11 09:00:00,702 - nanochat.checkpoint_manager - INFO - Saved model parameters to: /__modal/volumes/vo-5lJiXYRRv6peac8JOAv0eu/out/p16_isoflop_shared_d/ISOF_mst_shared_d_d16_s1/depth_16/ckpt_base/base/model_003800.pt
2026-09-11 09:00:00,706 - nanochat.checkpoint_manager - INFO - Saved metadata to: /__modal/volumes/vo-5lJiXYRRv6peac8JOAv0eu/out/p16_isoflop_shared_d/ISOF_mst_shared_d_d16_s1/depth_16/ckpt_base/base/meta_003800.json
2026-09-11 09:00:04,812 - nanochat.checkpoint_manager - INFO - Saved optimizer state to: /__modal/volumes/vo-5lJiXYRRv6peac8JOAv0eu/out/p16_isoflop_shared_d/ISOF_mst_shared_d_d16_s1/depth_16/ckpt_base/base/optim_003800_rank0.pt
Removed previous periodic checkpoint at step 003600
  [MST diag] sub_sim=[-0.011, 0.139, 0.149, 0.140, 0.144, 0.172, 0.073, 0.050, 0.072, 0.098, 0.108, 0.108, 0.113, 0.155, 0.139, 0.144] | route_ent=[1.188, 1.055, 1.273, 1.266, 1.227, 1.195, 1.219, 1.258, 1.156, 1.102, 1.305, 1.234, 1.320, 1.336, 1.312, 1.281] | grad_norm=[0.010, 0.009, 0.008, 0.008]
step 03800/05081 (74.79%) | loss: 3.119312 | lrm: 0.42 | lr(adamw:1.277e-01, muon:6.904e-03) | dt: 611.43ms | tok/sec: 428,741 | bf16_mfu: 24.89 | epoch: 1 pq: 22 rg: 24 | total time: 37.11m | eta: 12.5m
<|bos|>The capital of France is the capital of the world. The capital of the world is the capital of the
<|bos|>The chemical symbol of gold is Au. The chemical symbol of gold is Au. The chemical symbol of gold is
<|bos|>If yesterday was Friday, then tomorrow will be Sunday. The day of the week that the sun is shining is the day of
<|bos|>The opposite of hot is cold. The opposite of hot is cold. The opposite of hot is cold.
<|bos|>The planets of the solar system are: Mercury, Venus, Earth, Mars, Jupiter, Saturn, Uranus, Ne
<|bos|>My favorite color is the red, which is a warm, earthy, and slightly sweet color. It
<|bos|>If 5*x + 3 = 13, then x is the number of atoms in the molecule. If 5*x + 3
2026-09-11 09:02:07,650 - nanochat.checkpoint_manager - INFO - Saved model parameters to: /__modal/volumes/vo-5lJiXYRRv6peac8JOAv0eu/out/p16_isoflop_shared_d/ISOF_mst_shared_d_d16_s1/depth_16/ckpt_base/base/model_004000.pt
2026-09-11 09:02:07,653 - nanochat.checkpoint_manager - INFO - Saved metadata to: /__modal/volumes/vo-5lJiXYRRv6peac8JOAv0eu/out/p16_isoflop_shared_d/ISOF_mst_shared_d_d16_s1/depth_16/ckpt_base/base/meta_004000.json
2026-09-11 09:02:11,744 - nanochat.checkpoint_manager - INFO - Saved optimizer state to: /__modal/volumes/vo-5lJiXYRRv6peac8JOAv0eu/out/p16_isoflop_shared_d/ISOF_mst_shared_d_d16_s1/depth_16/ckpt_base/base/optim_004000_rank0.pt
Removed previous periodic checkpoint at step 003800
  [MST diag] sub_sim=[-0.013, 0.133, 0.143, 0.135, 0.141, 0.170, 0.073, 0.045, 0.071, 0.097, 0.108, 0.105, 0.106, 0.152, 0.135, 0.140] | route_ent=[1.180, 1.062, 1.273, 1.266, 1.234, 1.195, 1.227, 1.258, 1.148, 1.102, 1.305, 1.234, 1.320, 1.336, 1.312, 1.281] | grad_norm=[0.010, 0.009, 0.008, 0.008]
step 04000/05081 (78.72%) | loss: 3.096846 | lrm: 0.36 | lr(adamw:1.102e-01, muon:5.955e-03) | dt: 610.05ms | tok/sec: 429,711 | bf16_mfu: 24.95 | epoch: 1 pq: 23 rg: 37 | total time: 39.07m | eta: 10.6m
2026-09-11 09:04:12,242 - nanochat.checkpoint_manager - INFO - Saved model parameters to: /__modal/volumes/vo-5lJiXYRRv6peac8JOAv0eu/out/p16_isoflop_shared_d/ISOF_mst_shared_d_d16_s1/depth_16/ckpt_base/base/model_004200.pt
2026-09-11 09:04:12,245 - nanochat.checkpoint_manager - INFO - Saved metadata to: /__modal/volumes/vo-5lJiXYRRv6peac8JOAv0eu/out/p16_isoflop_shared_d/ISOF_mst_shared_d_d16_s1/depth_16/ckpt_base/base/meta_004200.json
2026-09-11 09:04:16,201 - nanochat.checkpoint_manager - INFO - Saved optimizer state to: /__modal/volumes/vo-5lJiXYRRv6peac8JOAv0eu/out/p16_isoflop_shared_d/ISOF_mst_shared_d_d16_s1/depth_16/ckpt_base/base/optim_004200_rank0.pt
Removed previous periodic checkpoint at step 004000
  [MST diag] sub_sim=[-0.006, 0.125, 0.133, 0.125, 0.131, 0.160, 0.072, 0.052, 0.071, 0.096, 0.101, 0.100, 0.098, 0.143, 0.127, 0.133] | route_ent=[1.180, 1.055, 1.273, 1.273, 1.234, 1.203, 1.219, 1.258, 1.156, 1.109, 1.305, 1.234, 1.320, 1.336, 1.320, 1.289] | grad_norm=[0.009, 0.007, 0.007, 0.007]
step 04200/05081 (82.66%) | loss: 3.074408 | lrm: 0.30 | lr(adamw:9.262e-02, muon:5.006e-03) | dt: 612.35ms | tok/sec: 428,093 | bf16_mfu: 24.85 | epoch: 1 pq: 24 rg: 51 | total time: 41.04m | eta: 8.6m
2026-09-11 09:06:15,748 - nanochat.checkpoint_manager - INFO - Saved model parameters to: /__modal/volumes/vo-5lJiXYRRv6peac8JOAv0eu/out/p16_isoflop_shared_d/ISOF_mst_shared_d_d16_s1/depth_16/ckpt_base/base/model_004400.pt
2026-09-11 09:06:15,752 - nanochat.checkpoint_manager - INFO - Saved metadata to: /__modal/volumes/vo-5lJiXYRRv6peac8JOAv0eu/out/p16_isoflop_shared_d/ISOF_mst_shared_d_d16_s1/depth_16/ckpt_base/base/meta_004400.json
2026-09-11 09:06:19,565 - nanochat.checkpoint_manager - INFO - Saved optimizer state to: /__modal/volumes/vo-5lJiXYRRv6peac8JOAv0eu/out/p16_isoflop_shared_d/ISOF_mst_shared_d_d16_s1/depth_16/ckpt_base/base/optim_004400_rank0.pt
Removed previous periodic checkpoint at step 004200
  [MST diag] sub_sim=[-0.006, 0.111, 0.122, 0.116, 0.125, 0.157, 0.072, 0.049, 0.067, 0.090, 0.096, 0.095, 0.089, 0.136, 0.114, 0.118] | route_ent=[1.180, 1.062, 1.281, 1.273, 1.242, 1.211, 1.227, 1.258, 1.148, 1.109, 1.305, 1.234, 1.328, 1.344, 1.320, 1.289] | grad_norm=[0.009, 0.008, 0.007, 0.007]
step 04400/05081 (86.60%) | loss: 3.071691 | lrm: 0.25 | lr(adamw:7.506e-02, muon:4.057e-03) | dt: 616.27ms | tok/sec: 425,375 | bf16_mfu: 24.69 | epoch: 1 pq: 25 rg: 65 | total time: 42.99m | eta: 6.7m
2026-09-11 09:08:18,777 - nanochat.checkpoint_manager - INFO - Saved model parameters to: /__modal/volumes/vo-5lJiXYRRv6peac8JOAv0eu/out/p16_isoflop_shared_d/ISOF_mst_shared_d_d16_s1/depth_16/ckpt_base/base/model_004600.pt
2026-09-11 09:08:18,781 - nanochat.checkpoint_manager - INFO - Saved metadata to: /__modal/volumes/vo-5lJiXYRRv6peac8JOAv0eu/out/p16_isoflop_shared_d/ISOF_mst_shared_d_d16_s1/depth_16/ckpt_base/base/meta_004600.json
2026-09-11 09:08:22,816 - nanochat.checkpoint_manager - INFO - Saved optimizer state to: /__modal/volumes/vo-5lJiXYRRv6peac8JOAv0eu/out/p16_isoflop_shared_d/ISOF_mst_shared_d_d16_s1/depth_16/ckpt_base/base/optim_004600_rank0.pt
Removed previous periodic checkpoint at step 004400
  [MST diag] sub_sim=[-0.008, 0.107, 0.119, 0.113, 0.122, 0.154, 0.071, 0.048, 0.065, 0.087, 0.090, 0.089, 0.087, 0.132, 0.110, 0.114] | route_ent=[1.180, 1.055, 1.281, 1.273, 1.242, 1.211, 1.227, 1.258, 1.148, 1.109, 1.305, 1.242, 1.328, 1.336, 1.320, 1.289] | grad_norm=[0.008, 0.007, 0.007, 0.006]
step 04600/05081 (90.53%) | loss: 3.042252 | lrm: 0.19 | lr(adamw:5.750e-02, muon:3.108e-03) | dt: 622.39ms | tok/sec: 421,187 | bf16_mfu: 24.45 | epoch: 1 pq: 26 rg: 79 | total time: 44.94m | eta: 4.7m
2026-09-11 09:10:23,347 - nanochat.checkpoint_manager - INFO - Saved model parameters to: /__modal/volumes/vo-5lJiXYRRv6peac8JOAv0eu/out/p16_isoflop_shared_d/ISOF_mst_shared_d_d16_s1/depth_16/ckpt_base/base/model_004800.pt
2026-09-11 09:10:23,350 - nanochat.checkpoint_manager - INFO - Saved metadata to: /__modal/volumes/vo-5lJiXYRRv6peac8JOAv0eu/out/p16_isoflop_shared_d/ISOF_mst_shared_d_d16_s1/depth_16/ckpt_base/base/meta_004800.json
2026-09-11 09:10:27,355 - nanochat.checkpoint_manager - INFO - Saved optimizer state to: /__modal/volumes/vo-5lJiXYRRv6peac8JOAv0eu/out/p16_isoflop_shared_d/ISOF_mst_shared_d_d16_s1/depth_16/ckpt_base/base/optim_004800_rank0.pt
Removed previous periodic checkpoint at step 004600
  [MST diag] sub_sim=[-0.008, 0.098, 0.109, 0.105, 0.115, 0.149, 0.070, 0.048, 0.061, 0.083, 0.086, 0.084, 0.079, 0.122, 0.102, 0.104] | route_ent=[1.172, 1.055, 1.289, 1.281, 1.250, 1.211, 1.234, 1.266, 1.148, 1.102, 1.312, 1.242, 1.328, 1.344, 1.320, 1.289] | grad_norm=[0.008, 0.007, 0.006, 0.006]
step 04800/05081 (94.47%) | loss: 3.024318 | lrm: 0.13 | lr(adamw:3.994e-02, muon:2.158e-03) | dt: 655.25ms | tok/sec: 400,065 | bf16_mfu: 23.23 | epoch: 1 pq: 28 rg: 10 | total time: 46.92m | eta: 2.8m
2026-09-11 09:12:27,829 - nanochat.checkpoint_manager - INFO - Saved model parameters to: /__modal/volumes/vo-5lJiXYRRv6peac8JOAv0eu/out/p16_isoflop_shared_d/ISOF_mst_shared_d_d16_s1/depth_16/ckpt_base/base/model_005000.pt
2026-09-11 09:12:27,834 - nanochat.checkpoint_manager - INFO - Saved metadata to: /__modal/volumes/vo-5lJiXYRRv6peac8JOAv0eu/out/p16_isoflop_shared_d/ISOF_mst_shared_d_d16_s1/depth_16/ckpt_base/base/meta_005000.json
2026-09-11 09:12:32,047 - nanochat.checkpoint_manager - INFO - Saved optimizer state to: /__modal/volumes/vo-5lJiXYRRv6peac8JOAv0eu/out/p16_isoflop_shared_d/ISOF_mst_shared_d_d16_s1/depth_16/ckpt_base/base/optim_005000_rank0.pt
Removed previous periodic checkpoint at step 004800
  [MST diag] sub_sim=[-0.010, 0.094, 0.104, 0.100, 0.112, 0.145, 0.070, 0.047, 0.059, 0.081, 0.080, 0.077, 0.071, 0.117, 0.096, 0.099] | route_ent=[1.180, 1.055, 1.289, 1.281, 1.250, 1.219, 1.234, 1.266, 1.148, 1.109, 1.312, 1.242, 1.328, 1.344, 1.328, 1.297] | grad_norm=[0.007, 0.006, 0.006, 0.006]
step 05000/05081 (98.41%) | loss: 3.016167 | lrm: 0.07 | lr(adamw:2.238e-02, muon:1.209e-03) | dt: 623.92ms | tok/sec: 420,154 | bf16_mfu: 24.39 | epoch: 1 pq: 29 rg: 24 | total time: 48.88m | eta: 0.8m
  [MST diag] sub_sim=[-0.009, 0.091, 0.102, 0.098, 0.109, 0.143, 0.070, 0.049, 0.060, 0.082, 0.081, 0.078, 0.072, 0.115, 0.094, 0.097] | route_ent=[1.180, 1.055, 1.289, 1.281, 1.250, 1.219, 1.234, 1.266, 1.141, 1.109, 1.312, 1.250, 1.328, 1.344, 1.328, 1.297] | grad_norm=[0.007, 0.006, 0.006, 0.006]
step 05080/05081 (99.98%) | loss: 3.013866 | lrm: 0.05 | lr(adamw:1.535e-02, muon:8.297e-04) | dt: 619.61ms | tok/sec: 423,081 | bf16_mfu: 24.56 | epoch: 1 pq: 29 rg: 63 | total time: 49.66m | eta: 0.0m
/usr/local/lib/python3.12/site-packages/torch/_dynamo/variables/functions.py:1598: UserWarning: Dynamo does not know how to trace the builtin `torch._C._distributed_c10d.pybind11_detail_function_record_v1_system_libstdcpp_gxx_abi_1xxx_use_cxx11_abi_1._broadcast_coalesced.` This function is either a Python builtin (e.g. _warnings.warn) or a third-party C/C++ Python extension (perhaps created with pybind).
If it is a Python builtin, please file an issue on GitHub so the PyTorch team can add support for it and see the next case for a workaround.
If it is a third-party C/C++ Python extension, please either wrap it into a PyTorch-understood custom operator (see https://pytorch.org/tutorials/advanced/custom_ops_landing_page.html for more details) or, if it is traceable, use `torch.compiler.allow_in_graph`.
  torch._dynamo.utils.warn_once(explanation + "\n" + "\n".join(hints))
/usr/local/lib/python3.12/site-packages/torch/_inductor/lowering.py:7242: UserWarning: 
Online softmax is disabled on the fly since Inductor decides to
split the reduction. Cut an issue to PyTorch if this is an
important use case and you want to speed it up with online
softmax.

  warnings.warn(
Step 05081 | Validation bpb: 0.872953 | val_loss: 2.862842
<|bos|>The capital of France is Paris, and the capital of the world is Paris. The capital of France is
<|bos|>The chemical symbol of gold is Au. The chemical symbol of gold is Au. The chemical symbol of gold is
<|bos|>If yesterday was Friday, then tomorrow will be Friday. If today was Saturday, then tomorrow will be Sunday. If tomorrow was
<|bos|>The opposite of hot is cold. The opposite of hot is cold. The opposite of cold is hot.
<|bos|>The planets of the solar system are: Mercury, Venus, Mars, Jupiter, Saturn, Uranus, Neptune
<|bos|>My favorite color is red. I love the color of red. I love the color of red.
<|bos|>If 5*x + 3 = 13, then x is the number of atoms in the molecule. If 5*x + 3
2026-09-11 09:15:36,155 - nanochat.checkpoint_manager - INFO - Saved model parameters to: /__modal/volumes/vo-5lJiXYRRv6peac8JOAv0eu/out/p16_isoflop_shared_d/ISOF_mst_shared_d_d16_s1/depth_16/ckpt_base/base/model_005081.pt
2026-09-11 09:15:36,158 - nanochat.checkpoint_manager - INFO - Saved metadata to: /__modal/volumes/vo-5lJiXYRRv6peac8JOAv0eu/out/p16_isoflop_shared_d/ISOF_mst_shared_d_d16_s1/depth_16/ckpt_base/base/meta_005081.json
2026-09-11 09:15:40,236 - nanochat.checkpoint_manager - INFO - Saved optimizer state to: /__modal/volumes/vo-5lJiXYRRv6peac8JOAv0eu/out/p16_isoflop_shared_d/ISOF_mst_shared_d_d16_s1/depth_16/ckpt_base/base/optim_005081_rank0.pt
step 05081/05081 (final) | loss: 3.013866 | early_stop: 0
Peak memory usage: 82978.57MiB
Total training time: 49.66m
Minimum validation bpb: 0.872953
Minimum validation loss (nats/byte): 2.862842
[MST] Results appended → /__modal/volumes/vo-5lJiXYRRv6peac8JOAv0eu/out/p16_isoflop_shared_d/ISOF_mst_shared_d_d16_s1/depth_16/ckpt_base/mst_results.csv
[MST] mst_results.csv has an older column set; writing to mst_results_v5.csv instead
[MST] Results appended → /__modal/volumes/vo-5lJiXYRRv6peac8JOAv0eu/mst_results_v5.csv
[SCH] run_tag=base  rank_ceiling=1025  val_bpb=0.8730  bpb_tail_minus_head=0.0565
Final Validation BPB for base: 0.8730

--- Generating Report ---
Saved plot to out/p16_isoflop_shared_d/ISOF_mst_shared_d_d16_s1/depth_16/comparison_depth_16.png
Saved TSV data to out/p16_isoflop_shared_d/ISOF_mst_shared_d_d16_s1/depth_16/results_depth_16.tsv
Generating report to out/report/report.md
Copying report.md to current directory for convenience
================================================================
Sweep Complete! Results saved to out/p16_isoflop_shared_d/ISOF_mst_shared_d_d16_s1
================================================================
OK ISOF_mst_shared_d_d16_s1

