2026-10-05 21:10:31,690 - httpx - [32m[1mINFO[0m - HTTP Request: GET https://huggingface.co/api/agent-harnesses "HTTP/1.1 200 OK"
2026-10-05 21:10:31,738 - httpx - [32m[1mINFO[0m - HTTP Request: HEAD https://huggingface.co/varunneal/flash-attention-3/resolve/main/kernel-status.toml "HTTP/1.1 404 Not Found"
Warning: You are sending unauthenticated requests to the HF Hub. Please set a HF_TOKEN to enable higher rate limits and faster downloads.
2026-10-05 21:10:31,739 - huggingface_hub.utils._http - [33m[1mWARNING[0m - Warning: You are sending unauthenticated requests to the HF Hub. Please set a HF_TOKEN to enable higher rate limits and faster downloads.
2026-10-05 21:10:31,786 - httpx - [32m[1mINFO[0m - HTTP Request: GET https://huggingface.co/api/models/varunneal/flash-attention-3/tree/main/build?recursive=false&expand=false "HTTP/1.1 200 OK"
2026-10-05 21:10:31,833 - httpx - [32m[1mINFO[0m - HTTP Request: GET https://huggingface.co/api/models/varunneal/flash-attention-3/revision/main "HTTP/1.1 200 OK"
2026-10-05 21:10:31,892 - httpx - [32m[1mINFO[0m - HTTP Request: GET https://huggingface.co/api/models/varunneal/flash-attention-3/tree/de87b9b5af06dd9984df595bef90b2eba44b181a?recursive=true&expand=false "HTTP/1.1 200 OK"
2026-10-05 21:10:31,946 - httpx - [32m[1mINFO[0m - HTTP Request: HEAD https://huggingface.co/varunneal/flash-attention-3/resolve/de87b9b5af06dd9984df595bef90b2eba44b181a/build/torch29-cxx11-cu128-x86_64-linux/flash_attention_3/__init__.py "HTTP/1.1 307 Temporary Redirect"
2026-10-05 21:10:31,961 - httpx - [32m[1mINFO[0m - HTTP Request: HEAD https://huggingface.co/api/resolve-cache/models/varunneal/flash-attention-3/de87b9b5af06dd9984df595bef90b2eba44b181a/build%2Ftorch29-cxx11-cu128-x86_64-linux%2Fflash_attention_[1m3%[0m2F__init__.py?%2Fvarunneal%2Fflash-attention-[1m3%[0m2Fresolve%2Fde87b9b5af06dd9984df595bef90b2eba44b181a%2Fbuild%2Ftorch29-cxx11-cu128-x86_64-linux%2Fflash_attention_[1m3%[0m2F__init__.py=&etag=%226c880f44203ba43b62b3465d6de77eb20f1e03e[1m8%[0m22 "HTTP/1.1 200 OK"
2026-10-05 21:10:31,976 - httpx - [32m[1mINFO[0m - HTTP Request: HEAD https://huggingface.co/varunneal/flash-attention-3/resolve/de87b9b5af06dd9984df595bef90b2eba44b181a/build/torch29-cxx11-cu128-x86_64-linux/flash_attention_3/flash_attn_interface.py "HTTP/1.1 307 Temporary Redirect"
2026-10-05 21:10:31,978 - httpx - [32m[1mINFO[0m - HTTP Request: HEAD https://huggingface.co/varunneal/flash-attention-3/resolve/de87b9b5af06dd9984df595bef90b2eba44b181a/build/torch29-cxx11-cu128-x86_64-linux/flash_attention_3/flash_attn_config.py "HTTP/1.1 307 Temporary Redirect"
2026-10-05 21:10:31,980 - httpx - [32m[1mINFO[0m - HTTP Request: GET https://huggingface.co/api/resolve-cache/models/varunneal/flash-attention-3/de87b9b5af06dd9984df595bef90b2eba44b181a/build%2Ftorch29-cxx11-cu128-x86_64-linux%2Fflash_attention_[1m3%[0m2F__init__.py?%2Fvarunneal%2Fflash-attention-[1m3%[0m2Fresolve%2Fde87b9b5af06dd9984df595bef90b2eba44b181a%2Fbuild%2Ftorch29-cxx11-cu128-x86_64-linux%2Fflash_attention_[1m3%[0m2F__init__.py=&etag=%226c880f44203ba43b62b3465d6de77eb20f1e03e[1m8%[0m22 "HTTP/1.1 200 OK"
2026-10-05 21:10:31,996 - httpx - [32m[1mINFO[0m - HTTP Request: HEAD https://huggingface.co/api/resolve-cache/models/varunneal/flash-attention-3/de87b9b5af06dd9984df595bef90b2eba44b181a/build%2Ftorch29-cxx11-cu128-x86_64-linux%2Fflash_attention_[1m3%[0m2Fflash_attn_config.py?%2Fvarunneal%2Fflash-attention-[1m3%[0m2Fresolve%2Fde87b9b5af06dd9984df595bef90b2eba44b181a%2Fbuild%2Ftorch29-cxx11-cu128-x86_64-linux%2Fflash_attention_[1m3%[0m2Fflash_attn_config.py=&etag=%2248f62eb48ad4005c223687f3c7e7be[1m0115633829%[0m22 "HTTP/1.1 200 OK"
2026-10-05 21:10:31,996 - httpx - [32m[1mINFO[0m - HTTP Request: HEAD https://huggingface.co/api/resolve-cache/models/varunneal/flash-attention-3/de87b9b5af06dd9984df595bef90b2eba44b181a/build%2Ftorch29-cxx11-cu128-x86_64-linux%2Fflash_attention_[1m3%[0m2Fflash_attn_interface.py?%2Fvarunneal%2Fflash-attention-[1m3%[0m2Fresolve%2Fde87b9b5af06dd9984df595bef90b2eba44b181a%2Fbuild%2Ftorch29-cxx11-cu128-x86_64-linux%2Fflash_attention_[1m3%[0m2Fflash_attn_interface.py=&etag=%22d66ad504a8025d7e7e632f7e84d4543d66a0a68e%22 "HTTP/1.1 200 OK"
2026-10-05 21:10:31,997 - httpx - [32m[1mINFO[0m - HTTP Request: GET https://huggingface.co/api/models/varunneal/flash-attention-3/xet-read-token/de87b9b5af06dd9984df595bef90b2eba44b181a "HTTP/1.1 200 OK"
2026-10-05 21:10:32,024 - httpx - [32m[1mINFO[0m - HTTP Request: GET https://huggingface.co/api/resolve-cache/models/varunneal/flash-attention-3/de87b9b5af06dd9984df595bef90b2eba44b181a/build%2Ftorch29-cxx11-cu128-x86_64-linux%2Fflash_attention_[1m3%[0m2Fflash_attn_config.py?%2Fvarunneal%2Fflash-attention-[1m3%[0m2Fresolve%2Fde87b9b5af06dd9984df595bef90b2eba44b181a%2Fbuild%2Ftorch29-cxx11-cu128-x86_64-linux%2Fflash_attention_[1m3%[0m2Fflash_attn_config.py=&etag=%2248f62eb48ad4005c223687f3c7e7be[1m0115633829%[0m22 "HTTP/1.1 200 OK"
2026-10-05 21:10:32,025 - httpx - [32m[1mINFO[0m - HTTP Request: GET https://huggingface.co/api/resolve-cache/models/varunneal/flash-attention-3/de87b9b5af06dd9984df595bef90b2eba44b181a/build%2Ftorch29-cxx11-cu128-x86_64-linux%2Fflash_attention_[1m3%[0m2Fflash_attn_interface.py?%2Fvarunneal%2Fflash-attention-[1m3%[0m2Fresolve%2Fde87b9b5af06dd9984df595bef90b2eba44b181a%2Fbuild%2Ftorch29-cxx11-cu128-x86_64-linux%2Fflash_attention_[1m3%[0m2Fflash_attn_interface.py=&etag=%22d66ad504a8025d7e7e632f7e84d4543d66a0a68e%22 "HTTP/1.1 200 OK"

                                                       █████                █████
                                                      ░░███                ░░███
     ████████    ██████   ████████    ██████   ██████  ░███████    ██████  ███████
    ░░███░░███  ░░░░░███ ░░███░░███  ███░░███ ███░░███ ░███░░███  ░░░░░███░░░███░
     ░███ ░███   ███████  ░███ ░███ ░███ ░███░███ ░░░  ░███ ░███   ███████  ░███
     ░███ ░███  ███░░███  ░███ ░███ ░███ ░███░███  ███ ░███ ░███  ███░░███  ░███ ███
     ████ █████░░████████ ████ █████░░██████ ░░██████  ████ █████░░███████  ░░█████
    ░░░░ ░░░░░  ░░░░░░░░ ░░░░ ░░░░░  ░░░░░░   ░░░░░░  ░░░░ ░░░░░  ░░░░░░░░   ░░░░░
    
Autodetected device type: cuda
2026-10-05 21:10:36,885 - nanochat.common - [32m[1mINFO[0m - Distributed world size: 1
Device: cuda (ddp=False, world_size=1)
GPU: NVIDIA H100 80GB HBM3 | Peak FLOPS (BF16): 9.89e+14
COMPUTE_DTYPE: torch.bfloat16 (auto-detected: CUDA SM 90 (bf16 supported))
✓ Using Flash Attention 3 (Hopper GPU detected) — efficient and fast.
[lanes] L=32, lane-start token <|output_end|>=32767, train prefix <= 256, eval prefix 128
Vocab size: 32,768
Model config:
{
  "sequence_len": 2048,
  "vocab_size": 32768,
  "n_layer": 12,
  "n_head": 6,
  "n_kv_head": 6,
  "n_embd": 768,
  "use_moe": false,
  "use_perm": false,
  "moe_num_experts": 8,
  "moe_router_dim": 64,
  "moe_embed_dim": 64,
  "dropout": 0.0,
  "use_remix_linear": false,
  "remix_context_dim": 64,
  "remix_context_dim_ratio": 6,
  "remix_basis_size": 64,
  "remix_output_gate_rank": 16,
  "remixed_linear_kwargs": {
    "use_basis_gate": true,
    "use_output_gate": true,
    "use_context": true,
    "basis_gate_mode": "mlp",
    "sparse_gate_k": 0,
    "gate_temperature": 1.0,
    "basis_scale_factor": 4,
    "n_templates": 1,
    "template_routing_learned": false,
    "template_topk": 0,
    "tiny_expert": false,
    "tiny_expert_topk": 16,
    "lokr_expert": false,
    "lokr_n_experts": 64,
    "lokr_topk": 16,
    "lokr_rank": 4,
    "lokr_learned": false,
    "basis_gate_rank": 8,
    "disable_ln_basis": false,
    "chunk_route_impl": "compose",
    "top1_gate": "ones",
    "template_delta_rank": 0,
    "route_side": "output",
    "drop_basis_proj": false,
    "basis_side_templates": 0,
    "grad_equalize": false,
    "output_gate_rank": 16,
    "operator_modulation": "none",
    "lie_generators": 4,
    "poly_order": 2,
    "grassmann_bank_size": 4
  },
  "use_pos_embed": false,
  "moe_use_abs_pos_embed": false,
  "use_layer_context": true,
  "scale_basis_size": true,
  "remix_use_dual_gate": false,
  "remix_use_fused": false,
  "p26_output_gated_linear": 0,
  "p28_shared_basis": 0,
  "p28_chunk_routing_size": 0,
  "p28_global_template_bank": "none",
  "p28_attn_proj_templates": 0,
  "p28_attn_qk_templates": 0,
  "p29_template_block_diag": 0,
  "p29_template_lr_scale": 1.0,
  "p29_grad_equalize": 0,
  "p34_ffn_mult": 4.0,
  "p34_ffn_single": 0,
  "p34_dense_attn": 0,
  "legacy_init_fallback": 0,
  "p35_template_diversity_lambda": 0.0,
  "p22_route_affine": 0,
  "p34_ffn_schedule": "",
  "p34_ffn_no_ffn_replacement": "none",
  "p34_ffn_last_depth": 1,
  "p36_swiglu_ffn": 0,
  "p36_swiglu_mult": 2.6666666666666665,
  "cond_sites": "both",
  "cond_rank": 256,
  "cond_mult_steps": 0,
  "cond_gate_source": "router",
  "cond_coeff_act": "centered",
  "cond_router_rank": 0,
  "cond_live_init": 0.0,
  "cond_router_act": "none",
  "cond_chunk_size": 0,
  "cond_mult_scale": -1.0,
  "cond_mult_impl": "wy",
  "cond_attn_projs": "qkvo",
  "cond_layer_frac": 1.0,
  "perm_expert_mode": "low_rank",
  "perm_rank": 16,
  "router_context_window": -1,
  "router_causal": true,
  "router_num_heads": 4,
  "router_num_queries": 16,
  "router_n_layers": 2,
  "router_use_vocab_prior": false,
  "window_pattern": "L",
  "cclblock_modulation": "weight",
  "cclblock_orth_lambda": 0.0,
  "cclblock_context_stream": "local",
  "cclblock_ema_factor": 0.99,
  "cclblock_stale_ctx_lag": 0,
  "cclblock_sparse_gate_k": 0,
  "cclblock_gate_temperature": 1.0,
  "cclblock_context_bank_size": 0,
  "cclblock_per_head_ctx": false,
  "cclblock_context_source": "norm_x",
  "cclblock_chunk_size": 0,
  "cclblock_aux_objective": "none",
  "cclblock_aux_lambda": 0.1,
  "cclblock_boundary_token_id": 198,
  "use_ral": false,
  "ral_rank": 32,
  "cclblock_film_gate": false,
  "cclblock_attn_shadow_dim": 0,
  "cclblock_dynamic_ratio": 0.25,
  "cclblock_gate_rank": 8,
  "cclblock_num_regimes": 8,
  "cclblock_regime_temperature": 1.0,
  "cclblock_poly_order": 2,
  "cclblock_lie_generators": 4,
  "cclblock_grassmann_bank_size": 4,
  "cclblock_tucker_rank": 32,
  "cclblock_tucker_modes": 8,
  "cclblock_svs_rank": 64,
  "cclblock_svs_eps": 0.1,
  "cclblock_vq_codes": 8,
  "cclblock_vq_temperature": 1.0,
  "cclblock_dcu_warmup_steps": 0,
  "cclblock_fsi_rotations": 8,
  "cclblock_fsi_selector_dim": 64,
  "cclblock_aesp_strata": 4,
  "cclblock_aesp_delta_rank": 4,
  "cclblock_ckr_branches": 4,
  "cclblock_ckr_kernel_size": 64,
  "cclblock_ckr_pos_channels": 1,
  "cclblock_ckr_dual_optim": 0,
  "cclblock_ckr_content_bias": 0.0,
  "cclblock_giad_rank": 32,
  "cclblock_psg_kernel_size": 64,
  "cclblock_ss_dynamic_ratio": 0.25,
  "cclblock_ss_branches": 2,
  "cclblock_ss_kernel_size": 64,
  "cclblock_lokr_branches": 8,
  "cclblock_lokr_rank": 16,
  "cclblock_ckr_temp_start": 2.0,
  "cclblock_ckr_temp_end": 0.3,
  "cclblock_com_kernel_size": 32,
  "cclblock_ckr_ortho_init": 0,
  "cclblock_ckr_branch_dropout": 0.0,
  "cclblock_ckr_diversity_lambda": 0.0,
  "cclblock_ckr_layer_selective": 0,
  "cclblock_pgr_kernel_size": 64,
  "cclblock_cil_kernel_size": 64,
  "cclblock_prb_kernel_size": 64,
  "p18_layer_drop": 0.0,
  "p18_dynamic_activation": 0,
  "p18_mixture_norm": 0,
  "p18_causal_attn_bias": 0,
  "p18_aux_sim_lambda": 0.0,
  "p18_gradient_penalty": 0.0,
  "p18_per_channel_scale": 0,
  "p19_residual_gate": 0,
  "p19_head_importance": 0,
  "p19_residual_mix_groups": 0,
  "p19_attn_logit_bias": 0,
  "p19_residual_decay": 0,
  "p19_grad_equilibrium": 0.0,
  "p19_spectral_reparam": 0,
  "p19_weight_anticollapse": 0.0,
  "p19_ve_bias": 0,
  "p19_weight_noise": 0.0,
  "p20_hrcs_scale": 0,
  "p20_lswr_scale": 0,
  "p20_lswr_planes": 8,
  "p20_lrcfb_branches": 0,
  "p20_lrcfb_narrow": 0,
  "p20_lrcfb_learned": 0,
  "p20_lrcfb_topk": 0,
  "p20_dgcr_branches": 0,
  "p20_dgcr_aux_weight": 0.01,
  "p20_mone_experts": 0,
  "p20_mone_topk": 0,
  "p20_mone_narrow": 1,
  "p20_mone_frozen": 0,
  "p20_ncea_branches": 0,
  "p20_ncea_eps": 0.1,
  "p20_adwi": 0,
  "p20_pwu_branches": 0,
  "p20_pwu_phase": 1,
  "p20_fsvd_gate": 0,
  "p20_wbfc_clusters": 0,
  "p20_wbfc_active": 0,
  "p21_per_experts": 0,
  "p21_per_topk": 0,
  "p21_per_learned": 0,
  "p21_per_attn": 0,
  "p22_attn_moe_route": "none",
  "p23_tiny_expert": 0,
  "p23_n_experts": 64,
  "p23_topk": 16,
  "p23_learned_route": 0,
  "p23_std_moe_experts": 0,
  "p23_std_moe_topk": -1,
  "p23_std_moe_aux_weight": 0.01,
  "p23_lokr": 0,
  "p23_lokr_rank": 4,
  "p23_use_shared_block_router": 0,
  "p23_linear_moe_experts": 0,
  "p23_linear_moe_topk": 0,
  "p23_quantile_route": 0,
  "remix_shared_context_gates": 0,
  "p24_use_sliced_weight": 0,
  "p24_sliced_weight_reduction_scale": 8,
  "p24_sliced_weight_min_select": 128,
  "p24_sliced_weight_scope": "per_token",
  "p24_sliced_weight_balance_coeff": 0.01,
  "p24_quantile_route": 0,
  "p24_use_folded_mod": 0,
  "p24_folded_mod_reduction_scale": 8,
  "p24_folded_mod_min_dim": 128,
  "p24_folded_mod_scope": "per_layer",
  "p24_folded_mod_gate_act": "tanh_centered",
  "p24_use_sequence_gated_linear": 0,
  "p24_sequence_gated_scope": "per_layer",
  "p24_sequence_gated_act": "tanh_centered",
  "remix_disable_ln_basis": 0,
  "dense_intermediate_ln": 0,
  "use_mol": false,
  "mol_n_blocks": 5,
  "mol_n_shared": 1,
  "mol_topk": 3,
  "mol_thin_dim": 256,
  "mol_head_dim": 64,
  "mol_ffn_mult": 4.0,
  "mol_router_aux": 0.05,
  "mol_routed_attn": "softmax",
  "mol_dispatch": 1,
  "mol_capacity_factor": 1.0,
  "mol_block_lr_scale": 1.0,
  "mol_per_block_ve": 0,
  "use_binary": false,
  "binary_acts": true,
  "binary_weight_scale": "row",
  "binary_act_scale": "token",
  "binary_clip": 1.0,
  "binary_linear": true,
  "binary_embeddings": true,
  "binary_skip": "",
  "binary_native": false,
  "binary_tau": 1.0,
  "binary_hard": false,
  "binary_resid_width": 0,
  "binary_attn_chunk": 256,
  "use_mst": false,
  "mst_n_subs": 8,
  "mst_sub_dim": 64,
  "mst_head_dim": 0,
  "mst_input_mode": "fixed_slice",
  "mst_rotated_slice_learned": false,
  "mst_routing_mode": "soft_weighted",
  "mst_routing_topk": 4,
  "mst_routing_aux_weight": 0.01,
  "mst_diversity_weight": 0.0,
  "mst_ffn_mode": "standard",
  "mst_ffn_every": 1,
  "mst_transition_mode": "parallel",
  "mst_final_mode": "aggregate_proj",
  "mst_final_topk": -1,
  "mst_ffn_shared_up": 0,
  "mst_ffn_inner_dim": 0,
  "mst_sub_dropout": 0.0,
  "mst_transition_every": 1,
  "mst_ffa_temperature": 1.0,
  "mst_global_residual": 0,
  "mst_hybrid_dense": 0,
  "mst_cross_sub_kv": 0,
  "mst_sub_aux_weight": 0.0,
  "mst_progressive_merge": 0,
  "mst_multi_scale_windows": 0,
  "mst_delta_residual": 0,
  "mst_sub_layers": 1,
  "mst_grad_equalize": 0,
  "mst_block_diagonal_muon": 0,
  "mst_transition_width_mult": 1.0,
  "mst_sub_lr_scale": 1.0,
  "mst_shared_expert": 0,
  "mst_router_entropy_weight": 0.0,
  "mst_shared_kv_attn": 0,
  "mst_contrastive_diversity_weight": 0.0,
  "mst_transition_nonlinear": 0,
  "mst_transition_gated": 0,
  "mst_transition_mlp": 0,
  "mst_cross_sub_gate": 0,
  "mst_hyper_connect": 0,
  "mst_cross_kv_inject": 0,
  "mst_slice_transition": 0,
  "mst_lookback_layers": 0,
  "mst_bilinear_transition": 0,
  "mst_cross_sub_qmod": 0,
  "mst_feature_cycle": 0,
  "mst_mean_transition": 0,
  "mst_sub_head_dim": 0,
  "mst_final_norm": 0,
  "mst_per_stream_ve": 0,
  "mst_ve_map": 0,
  "mst_ve_map_rank": 0,
  "mst_lm_head_dim": 0,
  "mst_compose_windows": 0,
  "mst_channel_mix": "none",
  "mst_channel_mix_site": "layer",
  "mst_distribute_block_muon": 0,
  "mst_trans_spectral_lr": 0,
  "mst_talking_heads": 0,
  "mst_wo_mode": "block",
  "mst_stream_topk": 0,
  "mst_stream_shared": 0,
  "mst_stream_router_aux": 0.01,
  "mst_stream_router_noise": 0.0,
  "mst_stream_dispatch": 0,
  "mst_stream_capacity_factor": 1.0,
  "mst_stream_gate_attn": 0,
  "mst_ffn_monarch": "none",
  "mst_shampoo": 0,
  "mst_precond_every": 10,
  "mst_shampoo_beta": 0.95,
  "use_eet": false,
  "eet_frozen_kv": true,
  "eet_reenter_final": false,
  "eet_router_type": "mlp2",
  "eet_router_hidden": 0,
  "eet_freq_prior_alpha": 0.0,
  "eet_pos_prior_beta": 0.0,
  "eet_domain_prior": false,
  "eet_warmup_frac": 0.02,
  "eet_explore_frac": 0.15,
  "eet_reconstruct_lambda": 1.0,
  "eet_efficiency_lambda_start": 0.01,
  "eet_efficiency_lambda_end": 0.1,
  "eet_translator_rank": 0,
  "eet_max_frozen_kv_frac": 0.75,
  "eet_exit_threshold": 0.5,
  "eet_min_exit_layer": 1,
  "eet_loss_variant": "reconstruct",
  "eet_topk_vocab": 512,
  "eet_entropy_lambda": 0.3,
  "eet_surprise_lambda": 0.1,
  "eet_adv_lambda": 1.0,
  "eet_adv_entropy_lambda": 0.2,
  "eet_quality_lambda": 1.0,
  "eet_quality_entropy_bonus": 0.1,
  "eet_gumbel_temp_start": 0.0,
  "eet_gumbel_temp_end": 0.1,
  "eet_gumbel_hard": true,
  "eet_commitment_beta": 0.1,
  "eet_global_router": false,
  "eet_freq_efficiency_alpha": 0.0,
  "eet_diversity_lambda": 0.0,
  "eet_ce_guided_lambda": 1.0,
  "eet_router_lr_mult": 5.0,
  "eet_model_lr_mult": 1.0,
  "eet_depth_weight_type": "none",
  "eet_depth_weight_max": 2.5,
  "eet_use_override": 0,
  "eet_override_prob_start": 0.5,
  "eet_override_prob_end": 0.1,
  "eet_compute_skip": false,
  "eet_target_active_frac": 0.125,
  "eet_capacity_schedule": "bell",
  "eet_exit_fracs": null,
  "eet_capacity_alignment_lambda": 0.0,
  "eet_kv_mode": "none",
  "eet_route_noise": 0.0,
  "eet_route_noise_end": -1.0,
  "eet_coverage_diag": false,
  "deep_supervision_lambda": 0.0,
  "deep_supervision_frac": 0.125,
  "eet_width_power": 0.0,
  "eet_width_cap": 16.0,
  "eet_kv_eager": false,
  "eet_router_task_grad": true,
  "eet_reinforce_interval": 0,
  "eet_reinforce_lambda": 0.1,
  "eet_exit_adapter_rank": 0,
  "eet_router_after_block": 0,
  "eet_ffn_skip": false,
  "eet_ffn_target_frac": 0.5,
  "eet_ffn_full_attn": true,
  "eet_depth_affine": false,
  "eet_capacity_anneal_frac": 0.0,
  "eet_learned_schedule": false,
  "eet_departure_summary": false,
  "eet_route_consistency_lambda": 0.0,
  "eet_dense_distill_interval": 0,
  "eet_dense_distill_lambda": 0.5,
  "eet_depth_lr_scale": false,
  "eet_depth_grad_scale": false,
  "eet_detach_aux_from_backbone": false,
  "eet_detach_exit_from_backbone": false,
  "use_code_head": false,
  "sch_head_type": "code",
  "sch_bits": 0,
  "sch_order": 2,
  "sch_max_m": 0,
  "sch_phi_mode": "monomial",
  "sch_code_mode": "binary",
  "sch_code_path": "",
  "sch_code_ecc_bits": 0,
  "sch_code_seed": 1234,
  "sch_phi_density": 0.0,
  "sch_phi_dtype": "bf16",
  "sch_phi_normalize": 1,
  "sch_phi_center": 0,
  "sch_g_type": "linear",
  "sch_g_hidden": 0,
  "sch_g_layers": 2,
  "sch_g_out_std": 0.001,
  "sch_mixture": 1,
  "sch_residual_rank": 0,
  "sch_logit_act": "none",
  "sch_bias": 0,
  "sch_input_mode": "table",
  "sch_input_hidden": 0,
  "sch_product_groups": 8,
  "sch_product_codebook": 256,
  "sch_product_source": "hash",
  "sch_product_impl": "dense",
  "sch_phi_whiten": 0,
  "sch_mixture_per_phi": 0,
  "sch_mixture_topk": 0,
  "sch_mixture_aux": 0.01,
  "sch_monarch_m1": 0,
  "sch_monarch_perm": "none",
  "sch_monarch_perm_path": "",
  "sch_tier_bounds": "",
  "sch_tier_caps": "",
  "sch_tier_order": "freq",
  "sch_tier_perm_path": "",
  "sch_proposal_rank": 32,
  "sch_proposal_topk": 16384,
  "sch_proposal_samples": 4096,
  "sch_proposal_warmup": 0,
  "sch_proposal_chunk": 2048,
  "sch_proposal_aux": 1.0,
  "sch_nfh_mode": "cp",
  "sch_nfh_rank": 32,
  "sch_nfh_dims": "",
  "sch_nfh_groups": 3,
  "sch_nfh_views": 1,
  "sch_nfh_perm": "none",
  "sch_nfh_perm_path": "",
  "sch_nfh_g_type": "linear",
  "sch_nfh_g_hidden": 0,
  "sch_rerank_mode": "topk",
  "sch_rerank_k": 64,
  "sch_rerank_rank": 32,
  "sch_nfh_smooth": 0,
  "sch_nfh_chunk": 256,
  "sap_block_T": 0,
  "sap_block_mode": "indep",
  "sap_block_frac": 0.125,
  "sap_lambda": 1.0,
  "sap_head_layers": 2,
  "sap_head_heads": 0,
  "sap_head_mlp_mult": 2,
  "sap_enc_layers": 1,
  "sap_ctx_window": 16,
  "sap_latent_groups": 4,
  "sap_latent_codes": 16,
  "sap_latent_dim": 64,
  "sap_free_bits": 0.25,
  "sap_kl_anneal_steps": 2000,
  "sap_gumbel_tau": 1.0,
  "sap_cp_components": 8,
  "sap_field_rank": 8,
  "sap_field_samples": 4,
  "sap_field_energy_weight": 0.25,
  "sap_field_topk": 16,
  "sap_wta_k": 4,
  "sap_u_freqs": 24,
  "sap_u_interior": 0.8,
  "sap_logit_chunk": 8192,
  "sap_jacobi_sweeps": 2,
  "sap_sir_topk": 16,
  "sap_sir_rank": 32,
  "sap_sir_anchor_stride": 16,
  "sap_sir_fine_stride": 4,
  "sap_sir_refine_frac": 0.25,
  "sap_sir_tree_levels": 0,
  "sap_sir_train_samples": 4,
  "sap_sir_policy_weight": 1.0,
  "sap_sir_posterior_mix": 0.5,
  "sap_sir_draft_weight": 1.0,
  "sap_sir_context_weight": 0.25,
  "sap_sir_energy_weight": 0.25,
  "sap_trunk_grad": 1.0,
  "sap_lattice_k": 64,
  "sap_pair_rank": 32,
  "sap_tt_rank": 32,
  "sap_cp_codes": 256,
  "sap_nce_props": 0,
  "sap_nce_neg": 4,
  "sap_nce_weight": 1.0,
  "sap_table_path": "",
  "sap_supp_min_count": 0,
  "sap_supp_penalty": 20.0,
  "sap_soft_eps": 0.0,
  "sap_code_classes": 128,
  "sap_cut_pre_layers": 1,
  "sap_depth_layers": 2,
  "sap_depth_share": 0,
  "sap_depth_bottom": 0,
  "splice_k": 0
}
Seeded weight init with --seed 1
Checkpoints directory: /vol/out/s03_sap/d12/S11ln32x1_s1
Parameter counts:
wte                     : 25,165,824
wpe                     : 0
value_embeds            : 150,994,944
lm_head                 : 25,165,824
transformer_matrices    : 84,935,808
research                : 0
scalars                 : 24
total                   : 286,262,424
Estimated FLOPs per token (total):  8.871022e+08
COST_AXES precision=W16A16E16H16 bops_arith=1.1355e+11 energy_pj_per_token=7.1006e+08 inference_MiB=546.00 training_state_MiB=1887.12
Estimated FLOPs per token (active): 8.871022e+08
Estimated active params:            286,262,424
Auto-computed optimal batch size: 524,288 tokens
Scaling the LR for the AdamW parameters ∝1/√(768/768) = 1.000000
Calculated number of iterations from target FLOPs: 2,205
Total number of training tokens: 1,156,055,040
Tokens : Scaling params ratio: 10.50
Total training FLOPs estimate: 1.025539e+18
Total training FLOPs (active):  1.025539e+18
Total active training FLOPs estimate: 1.025539e+18
Using base scheduler: linear warmup/flat/linear warmdown
Tokens / micro-batch / rank: 16 x 2048 = 32,768
Tokens / micro-batch: 32,768
Total batch size 524,288 => gradient accumulation steps: 16
Running pre-compilation warmup (1 dummy forward+backward to init lazy allocations)...
Warmup complete. Steady-state VRAM: 3.3 GB allocated
step 00000/02205 (0.00%) | loss: 10.397223 | lrm: 0.09 | lr(adamw:3.790e-02, muon:1.818e-03) | dt: 51962.52ms | tok/sec: 10,089 | bf16_mfu: 0.91 | epoch: 1 pq: 0 rg: 1 | total time: 0.00m
step 00050/02205 (2.27%) | loss: 5.775733 | lrm: 1.00 | lr(adamw:4.169e-01, muon:2.000e-02) | dt: 2025.10ms | tok/sec: 258,895 | bf16_mfu: 23.22 | epoch: 1 pq: 0 rg: 52 | total time: 1.35m | eta: 72.8m
step 00100/02205 (4.54%) | loss: 4.838519 | lrm: 1.00 | lr(adamw:4.169e-01, muon:2.000e-02) | dt: 2030.20ms | tok/sec: 258,243 | bf16_mfu: 23.16 | epoch: 1 pq: 1 rg: 17 | total time: 3.04m | eta: 71.1m
step 00150/02205 (6.80%) | loss: 4.200351 | lrm: 1.00 | lr(adamw:4.169e-01, muon:2.000e-02) | dt: 2021.03ms | tok/sec: 259,416 | bf16_mfu: 23.27 | epoch: 1 pq: 1 rg: 65 | total time: 4.72m | eta: 69.3m
step 00200/02205 (9.07%) | loss: 3.934806 | lrm: 1.00 | lr(adamw:4.169e-01, muon:2.000e-02) | dt: 2024.14ms | tok/sec: 259,017 | bf16_mfu: 23.23 | epoch: 1 pq: 2 rg: 30 | total time: 6.41m | eta: 67.6m
step 00250/02205 (11.34%) | loss: 3.751039 | lrm: 1.00 | lr(adamw:4.169e-01, muon:2.000e-02) | dt: 2020.68ms | tok/sec: 259,461 | bf16_mfu: 23.27 | epoch: 1 pq: 2 rg: 78 | total time: 8.10m | eta: 65.9m
step 00300/02205 (13.61%) | loss: 3.600027 | lrm: 1.00 | lr(adamw:4.169e-01, muon:2.000e-02) | dt: 2025.53ms | tok/sec: 258,840 | bf16_mfu: 23.22 | epoch: 1 pq: 3 rg: 44 | total time: 9.78m | eta: 64.2m
step 00350/02205 (15.87%) | loss: 3.602633 | lrm: 1.00 | lr(adamw:4.169e-01, muon:2.000e-02) | dt: 2019.25ms | tok/sec: 259,644 | bf16_mfu: 23.29 | epoch: 1 pq: 4 rg: 10 | total time: 11.46m | eta: 62.5m
step 00400/02205 (18.14%) | loss: 3.519201 | lrm: 1.00 | lr(adamw:4.169e-01, muon:2.000e-02) | dt: 2011.40ms | tok/sec: 260,658 | bf16_mfu: 23.38 | epoch: 1 pq: 4 rg: 58 | total time: 13.15m | eta: 60.9m
step 00450/02205 (20.41%) | loss: 3.499415 | lrm: 1.00 | lr(adamw:4.169e-01, muon:2.000e-02) | dt: 2017.08ms | tok/sec: 259,924 | bf16_mfu: 23.31 | epoch: 1 pq: 5 rg: 24 | total time: 14.83m | eta: 59.2m
step 00500/02205 (22.68%) | loss: 3.461520 | lrm: 1.00 | lr(adamw:4.169e-01, muon:2.000e-02) | dt: 2014.96ms | tok/sec: 260,197 | bf16_mfu: 23.34 | epoch: 1 pq: 5 rg: 73 | total time: 16.51m | eta: 57.5m
step 00550/02205 (24.94%) | loss: 3.449711 | lrm: 1.00 | lr(adamw:4.169e-01, muon:2.000e-02) | dt: 2017.64ms | tok/sec: 259,851 | bf16_mfu: 23.31 | epoch: 1 pq: 6 rg: 38 | total time: 18.19m | eta: 55.8m
step 00600/02205 (27.21%) | loss: 3.397734 | lrm: 1.00 | lr(adamw:4.169e-01, muon:2.000e-02) | dt: 2016.85ms | tok/sec: 259,953 | bf16_mfu: 23.32 | epoch: 1 pq: 7 rg: 4 | total time: 19.88m | eta: 54.1m
step 00650/02205 (29.48%) | loss: 3.335023 | lrm: 1.00 | lr(adamw:4.169e-01, muon:2.000e-02) | dt: 2016.79ms | tok/sec: 259,961 | bf16_mfu: 23.32 | epoch: 1 pq: 7 rg: 53 | total time: 21.56m | eta: 52.4m
step 00700/02205 (31.75%) | loss: 3.357057 | lrm: 1.00 | lr(adamw:4.169e-01, muon:2.000e-02) | dt: 2016.71ms | tok/sec: 259,971 | bf16_mfu: 23.32 | epoch: 1 pq: 8 rg: 19 | total time: 23.24m | eta: 50.7m
step 00750/02205 (34.01%) | loss: 3.302907 | lrm: 1.00 | lr(adamw:4.169e-01, muon:2.000e-02) | dt: 2023.70ms | tok/sec: 259,074 | bf16_mfu: 23.24 | epoch: 1 pq: 8 rg: 68 | total time: 24.92m | eta: 49.0m
step 00800/02205 (36.28%) | loss: 3.292390 | lrm: 0.98 | lr(adamw:4.091e-01, muon:1.963e-02) | dt: 2014.77ms | tok/sec: 260,222 | bf16_mfu: 23.34 | epoch: 1 pq: 9 rg: 34 | total time: 26.60m | eta: 47.3m
step 00850/02205 (38.55%) | loss: 3.249358 | lrm: 0.95 | lr(adamw:3.953e-01, muon:1.897e-02) | dt: 2626.42ms | tok/sec: 199,620 | bf16_mfu: 17.91 | epoch: 1 pq: 10 rg: 0 | total time: 28.29m | eta: 45.6m
step 00900/02205 (40.82%) | loss: 3.277237 | lrm: 0.92 | lr(adamw:3.815e-01, muon:1.830e-02) | dt: 2023.63ms | tok/sec: 259,083 | bf16_mfu: 23.24 | epoch: 1 pq: 10 rg: 48 | total time: 29.98m | eta: 44.0m
step 00950/02205 (43.08%) | loss: 3.292411 | lrm: 0.88 | lr(adamw:3.677e-01, muon:1.764e-02) | dt: 2022.32ms | tok/sec: 259,250 | bf16_mfu: 23.25 | epoch: 1 pq: 11 rg: 13 | total time: 31.67m | eta: 42.3m
step 01000/02205 (45.35%) | loss: 3.243685 | lrm: 0.85 | lr(adamw:3.538e-01, muon:1.698e-02) | dt: 2013.82ms | tok/sec: 260,345 | bf16_mfu: 23.35 | epoch: 1 pq: 11 rg: 62 | total time: 33.35m | eta: 40.6m
step 01050/02205 (47.62%) | loss: 3.254948 | lrm: 0.82 | lr(adamw:3.400e-01, muon:1.631e-02) | dt: 2016.11ms | tok/sec: 260,049 | bf16_mfu: 23.33 | epoch: 1 pq: 12 rg: 28 | total time: 35.03m | eta: 38.9m
step 01100/02205 (49.89%) | loss: 3.150723 | lrm: 0.78 | lr(adamw:3.262e-01, muon:1.565e-02) | dt: 2019.28ms | tok/sec: 259,641 | bf16_mfu: 23.29 | epoch: 1 pq: 12 rg: 77 | total time: 36.71m | eta: 37.2m
step 01150/02205 (52.15%) | loss: 3.184590 | lrm: 0.75 | lr(adamw:3.124e-01, muon:1.499e-02) | dt: 2018.75ms | tok/sec: 259,709 | bf16_mfu: 23.30 | epoch: 1 pq: 13 rg: 43 | total time: 38.40m | eta: 35.5m
step 01200/02205 (54.42%) | loss: 3.173954 | lrm: 0.72 | lr(adamw:2.986e-01, muon:1.433e-02) | dt: 2020.25ms | tok/sec: 259,516 | bf16_mfu: 23.28 | epoch: 1 pq: 14 rg: 9 | total time: 40.08m | eta: 33.8m
step 01250/02205 (56.69%) | loss: 3.164771 | lrm: 0.68 | lr(adamw:2.848e-01, muon:1.366e-02) | dt: 2019.20ms | tok/sec: 259,651 | bf16_mfu: 23.29 | epoch: 1 pq: 14 rg: 58 | total time: 41.76m | eta: 32.2m
step 01300/02205 (58.96%) | loss: 3.157452 | lrm: 0.65 | lr(adamw:2.709e-01, muon:1.300e-02) | dt: 2012.36ms | tok/sec: 260,533 | bf16_mfu: 23.37 | epoch: 1 pq: 15 rg: 23 | total time: 43.44m | eta: 30.5m
step 01350/02205 (61.22%) | loss: 3.120370 | lrm: 0.62 | lr(adamw:2.571e-01, muon:1.234e-02) | dt: 2013.11ms | tok/sec: 260,436 | bf16_mfu: 23.36 | epoch: 1 pq: 15 rg: 72 | total time: 45.12m | eta: 28.8m
step 01400/02205 (63.49%) | loss: 3.150336 | lrm: 0.58 | lr(adamw:2.433e-01, muon:1.167e-02) | dt: 2011.97ms | tok/sec: 260,584 | bf16_mfu: 23.37 | epoch: 1 pq: 16 rg: 38 | total time: 46.81m | eta: 27.1m
step 01450/02205 (65.76%) | loss: 3.091707 | lrm: 0.55 | lr(adamw:2.295e-01, muon:1.101e-02) | dt: 2026.21ms | tok/sec: 258,752 | bf16_mfu: 23.21 | epoch: 1 pq: 17 rg: 3 | total time: 48.50m | eta: 25.4m
step 01500/02205 (68.03%) | loss: 3.106927 | lrm: 0.52 | lr(adamw:2.157e-01, muon:1.035e-02) | dt: 2015.60ms | tok/sec: 260,115 | bf16_mfu: 23.33 | epoch: 1 pq: 17 rg: 51 | total time: 50.18m | eta: 23.7m
step 01550/02205 (70.29%) | loss: 3.108716 | lrm: 0.48 | lr(adamw:2.019e-01, muon:9.685e-03) | dt: 2022.08ms | tok/sec: 259,281 | bf16_mfu: 23.26 | epoch: 1 pq: 18 rg: 17 | total time: 51.86m | eta: 22.1m
step 01600/02205 (72.56%) | loss: 3.119066 | lrm: 0.45 | lr(adamw:1.880e-01, muon:9.022e-03) | dt: 2011.09ms | tok/sec: 260,698 | bf16_mfu: 23.38 | epoch: 1 pq: 18 rg: 65 | total time: 53.54m | eta: 20.4m
step 01650/02205 (74.83%) | loss: 3.048987 | lrm: 0.42 | lr(adamw:1.742e-01, muon:8.359e-03) | dt: 2017.63ms | tok/sec: 259,852 | bf16_mfu: 23.31 | epoch: 1 pq: 19 rg: 31 | total time: 55.22m | eta: 18.7m
step 01700/02205 (77.10%) | loss: 3.063749 | lrm: 0.38 | lr(adamw:1.604e-01, muon:7.696e-03) | dt: 2014.77ms | tok/sec: 260,221 | bf16_mfu: 23.34 | epoch: 1 pq: 19 rg: 79 | total time: 56.90m | eta: 17.0m
step 01750/02205 (79.37%) | loss: 3.056168 | lrm: 0.35 | lr(adamw:1.466e-01, muon:7.033e-03) | dt: 2019.52ms | tok/sec: 259,610 | bf16_mfu: 23.29 | epoch: 1 pq: 20 rg: 46 | total time: 58.58m | eta: 15.3m
step 01800/02205 (81.63%) | loss: 3.062107 | lrm: 0.32 | lr(adamw:1.328e-01, muon:6.370e-03) | dt: 2015.03ms | tok/sec: 260,188 | bf16_mfu: 23.34 | epoch: 1 pq: 21 rg: 10 | total time: 60.27m | eta: 13.6m
step 01850/02205 (83.90%) | loss: 3.063810 | lrm: 0.29 | lr(adamw:1.189e-01, muon:5.707e-03) | dt: 2009.20ms | tok/sec: 260,943 | bf16_mfu: 23.41 | epoch: 1 pq: 21 rg: 59 | total time: 61.94m | eta: 12.0m
step 01900/02205 (86.17%) | loss: 2.988222 | lrm: 0.25 | lr(adamw:1.051e-01, muon:5.044e-03) | dt: 2019.63ms | tok/sec: 259,596 | bf16_mfu: 23.28 | epoch: 1 pq: 22 rg: 24 | total time: 63.63m | eta: 10.3m
step 01950/02205 (88.44%) | loss: 3.025649 | lrm: 0.22 | lr(adamw:9.131e-02, muon:4.381e-03) | dt: 2015.32ms | tok/sec: 260,150 | bf16_mfu: 23.33 | epoch: 1 pq: 22 rg: 73 | total time: 65.31m | eta: 8.6m
step 02000/02205 (90.70%) | loss: 2.986660 | lrm: 0.19 | lr(adamw:7.750e-02, muon:3.718e-03) | dt: 2018.59ms | tok/sec: 259,729 | bf16_mfu: 23.30 | epoch: 1 pq: 23 rg: 38 | total time: 66.99m | eta: 6.9m
step 02050/02205 (92.97%) | loss: 3.031020 | lrm: 0.15 | lr(adamw:6.368e-02, muon:3.055e-03) | dt: 2020.19ms | tok/sec: 259,523 | bf16_mfu: 23.28 | epoch: 1 pq: 24 rg: 3 | total time: 68.67m | eta: 5.2m
step 02100/02205 (95.24%) | loss: 3.003090 | lrm: 0.12 | lr(adamw:4.986e-02, muon:2.392e-03) | dt: 2010.79ms | tok/sec: 260,736 | bf16_mfu: 23.39 | epoch: 1 pq: 24 rg: 51 | total time: 70.35m | eta: 3.5m
step 02150/02205 (97.51%) | loss: 2.982434 | lrm: 0.09 | lr(adamw:3.604e-02, muon:1.729e-03) | dt: 2011.45ms | tok/sec: 260,651 | bf16_mfu: 23.38 | epoch: 1 pq: 25 rg: 17 | total time: 72.04m | eta: 1.9m
step 02200/02205 (99.77%) | loss: 2.989608 | lrm: 0.05 | lr(adamw:2.222e-02, muon:1.066e-03) | dt: 2028.50ms | tok/sec: 258,460 | bf16_mfu: 23.18 | epoch: 1 pq: 25 rg: 65 | total time: 73.72m | eta: 0.2m
step 02204/02205 (99.95%) | loss: 2.982265 | lrm: 0.05 | lr(adamw:2.112e-02, muon:1.013e-03) | dt: 2011.51ms | tok/sec: 260,644 | bf16_mfu: 23.38 | epoch: 1 pq: 25 rg: 69 | total time: 73.85m | eta: 0.0m
